10-23 18:47:01.124 10966 16808 W BugleRcsEngine: setAsterismConsent failure: sessionId=d0ff85fb-d392-4b40-ac0c-5872c62d115a requestCode=1 consent=0 googleToSConsentSource=4 [CONTEXT thread_id=163 ]
10-23 18:47:01.124 10966 16808 W BugleRcsEngine: cqdk: 34504: 
10-23 18:47:01.124 10966 16808 W BugleRcsEngine: 	at cqhu.a(PG:15)
10-23 18:47:01.124 10966 16808 W BugleRcsEngine: 	at cqhf.b(PG:11)
10-23 18:47:01.124 10966 16808 W BugleRcsEngine: 	at cpli.onConsentRegistered(PG:3)
10-23 18:47:01.124 10966 16808 W BugleRcsEngine: 	at com.google.android.gms.asterism.internal.IAsterismCallbacks$Stub.dispatchTransaction(PG:28)
10-23 18:47:01.124 10966 16808 W BugleRcsEngine: 	at com.google.android.aidl.BaseStub.onTransact(PG:13)
10-23 18:47:01.124 10966 16808 W BugleRcsEngine: 	at android.os.Binder.execTransactInternal(Binder.java:1414)
10-23 18:47:01.124 10966 16808 W BugleRcsEngine: 	at android.os.Binder.execTransact(Binder.java:1353)
10-23 18:47:01.124 10966 16808 W BugleRcsEngine: Unable to send diagnostic log [CONTEXT thread_id=163 ]
10-23 18:47:01.126 10966 16814 W BugleRcsEngine: googleToSConsentApi.setConsent 0 failed [d0ff85fb-d392-4b40-ac0c-5872c62d115a] [CONTEXT log_prefix="(PEv2-SM35175657-DefaultCallSmsData-1-163)" thread_id=169 ]
10-23 18:47:01.126 10966 16814 W BugleRcsEngine: cqdk: 34504: 
10-23 18:47:01.126 10966 16814 W BugleRcsEngine: 	at cqhu.a(PG:15)
10-23 18:47:01.126 10966 16814 W BugleRcsEngine: 	at cqhf.b(PG:11)
10-23 18:47:01.126 10966 16814 W BugleRcsEngine: 	at cpli.onConsentRegistered(PG:3)
10-23 18:47:01.126 10966 16814 W BugleRcsEngine: 	at com.google.android.gms.asterism.internal.IAsterismCallbacks$Stub.dispatchTransaction(PG:28)
10-23 18:47:01.126 10966 16814 W BugleRcsEngine: 	at com.google.android.aidl.BaseStub.onTransact(PG:13)
10-23 18:47:01.126 10966 16814 W BugleRcsEngine: 	at android.os.Binder.execTransactInternal(Binder.java:1414)
10-23 18:47:01.126 10966 16814 W BugleRcsEngine: 	at android.os.Binder.execTransact(Binder.java:1353)
10-23 18:47:01.128 10966 16811 I BugleRcsEngine: SetGoogleToSConsentState: event Set Consent API error [d0ff85fb-d392-4b40-ac0c-5872c62d115a] [CONTEXT log_prefix="(PEv2-SM35175657-DefaultCallSmsData-1-163)" thread_id=166 ]
10-23 18:47:03.280 10633 11036 I bcuu    : (REDACTED) getHotwordActive::active query: %s, watch: %s, devices connected: %s
10-23 18:47:07.426 10212 14898 I NearbyMediums: No BLE Fast/GATT advertisements found in the latest cycle.
10-23 18:47:14.436 10212 10212 D BoundBrokerSvc: onUnbind: Intent { act=com.google.android.gms.auth.aang.events.services.START dat=chimera-action:/... cmp=com.google.android.gms/.chimera.PersistentApiService }
10-23 18:47:17.428 10212 14898 I NearbyMediums: No BLE Fast/GATT advertisements found in the latest cycle.
10-23 18:47:24.433  9769  9865 D ActivityManager: freezing 15380 com.google.android.gms
10-23 18:47:24.436  9769  9865 D ActivityManager: freezing 15567 com.google.android.gms.unstable
10-23 18:47:24.615 16555 16605 I bluetooth: system/gd/hci/le_advertising_manager.cc:864 set_advertising_set_random_address_on_timer: Scheduling address rotation for advertiser_id=1
10-23 18:47:24.615 16555 16605 I bluetooth: system/gd/hci/le_address_manager.cc:593 GetNextPrivateAddressIntervalRange: client=advertising_set_1, nonwake=8m30s, wake=13m55s
10-23 18:47:24.617 16555 16605 E bluetooth: system/gd/hci/le_advertising_manager.cc:1778 on_set_advertising_set_random_address_complete: Got a command complete with status COMMAND_DISALLOWED(0x0c)
10-23 18:47:27.436 10212 14898 I NearbyMediums: No BLE Fast/GATT advertisements found in the latest cycle.
10-23 18:47:37.442 10212 14898 I NearbyMediums: No BLE Fast/GATT advertisements found in the latest cycle.
10-23 18:47:47.444 10212 14898 I NearbyMediums: No BLE Fast/GATT advertisements found in the latest cycle.
10-23 18:47:57.448 10212 14898 I NearbyMediums: No BLE Fast/GATT advertisements found in the latest cycle.
10-23 18:47:59.421 10966 16811 I BugleRcsEngine: SetGoogleToSConsentState: event Timeout [d0ff85fb-d392-4b40-ac0c-5872c62d115a] [CONTEXT log_prefix="(PEv2-SM35175657-DefaultCallSmsData-1-163)" thread_id=166 ]
10-23 18:47:59.422 10966 16811 I BugleRcsEngine: transitionTo: destState=RetryState [d0ff85fb-d392-4b40-ac0c-5872c62d115a] [CONTEXT log_prefix="(PEv2-SM35175657-DefaultCallSmsData-1-163)" thread_id=166 ]
10-23 18:47:59.422 10966 16811 I BugleRcsEngine: onTransitionRequested SetGoogleToSConsentState [d0ff85fb-d392-4b40-ac0c-5872c62d115a] [CONTEXT log_prefix="(PEv2-SM35175657-DefaultCallSmsData-1-163)" thread_id=166 ]
10-23 18:47:59.423 10966 16811 I BugleRcsEngine: Exit SetGoogleToSConsentState [d0ff85fb-d392-4b40-ac0c-5872c62d115a] [CONTEXT log_prefix="(PEv2-SM35175657-DefaultCallSmsData-1-163)" thread_id=166 ]
10-23 18:47:59.424 10966 16811 W BugleRcsEngine: Unable to send diagnostic log [CONTEXT thread_id=166 ]
10-23 18:47:59.424 10966 16811 I BugleRcsEngine: Exit CheckPreconditionsState [d0ff85fb-d392-4b40-ac0c-5872c62d115a] [CONTEXT log_prefix="(PEv2-SM35175657-DefaultCallSmsData-1-163)" thread_id=166 ]
10-23 18:47:59.426 10966 16811 I BugleRcsEngine: Exit EnabledState [d0ff85fb-d392-4b40-ac0c-5872c62d115a] [CONTEXT log_prefix="(PEv2-SM35175657-DefaultCallSmsData-1-163)" thread_id=166 ]
10-23 18:47:59.427 10966 16811 W BugleRcsEngine: Unable to send diagnostic log [CONTEXT thread_id=166 ]
10-23 18:47:59.427 10966 16811 I BugleRcsEngine: Enter RetryState [d0ff85fb-d392-4b40-ac0c-5872c62d115a] [CONTEXT log_prefix="(PEv2-SM35175657-DefaultCallSmsData-1-163)" thread_id=166 ]
10-23 18:47:59.433 10966 16811 W BugleRcsEngine: Unable to send diagnostic log [CONTEXT thread_id=166 ]
10-23 18:47:59.434 10966 16814 W BugleRcsEngine: Unable to send diagnostic log [CONTEXT thread_id=169 ]
10-23 18:47:59.434 10966 16811 I BugleRcsEngine: nextRetry = 0 [d0ff85fb-d392-4b40-ac0c-5872c62d115a] [CONTEXT log_prefix="(PEv2-SM35175657-DefaultCallSmsData-1-163)" thread_id=166 ]
10-23 18:47:59.434 10966 16811 I BugleRcsEngine: scheduleRetry, currentRetry = 0, retryMillis = 960000 [d0ff85fb-d392-4b40-ac0c-5872c62d115a] [CONTEXT log_prefix="(PEv2-SM35175657-DefaultCallSmsData-1-163)" thread_id=166 ]
10-23 18:47:59.444 10966 16811 I BugleRcsEngine: [SR]: Single Registration is disabled. Skipping Single Registration capability check for subId: 1, OS.isAtLeastS:[true], enableSingleRegistrationProvisioning:[false] [CONTEXT thread_id=166 ]
10-23 18:47:59.445 10966 16811 I BugleRcsEngine: No RCS Configuration was found in Bugle for simID: redacted-pii:sim_id[chars:20,last3:897] [CONTEXT log_prefix="ProvisioningEngineDataRetriever" thread_id=166 ]
10-23 18:47:59.446 10966 16811 I BugleRcsProvisioning: RcsAvailability configuration availability and enabled status: simId: redacted-pii:sim_id[chars:20,last3:897], SipConnectionType: DUAL_REG, isConfigurationAvailableAndEnabled: false
10-23 18:47:59.446 10966 16811 I BugleRcsProvisioning: Checking isConfigServerUrlAvailable with simId: redacted-pii:sim_id[chars:20,last3:897], 
10-23 18:47:59.446 10966 16811 I BugleRcsEngine: getConfigServerUrl with simId: redacted-pii:sim_id[chars:30,last3:97]] [CONTEXT log_prefix="ProvisioningServerUtil" thread_id=166 ]
10-23 18:47:59.447 10966 16811 I BugleRcsEngine: Using config server URL from bsnv [CONTEXT log_prefix="ProvisioningServerUtil" thread_id=166 ]
10-23 18:47:59.449 10966 16811 I BugleRcsProvisioning: RcsAvailability: Subscription Id: 1, simId: redacted-pii:sim_id[chars:20,last3:897], sipConnectionType: DUAL_REG, isRcsAvailable: false
10-23 18:47:59.449 10966 16811 I BugleRcsProvisioning: updateAvailabilityForRcsProvisioningId. SimId: redacted-pii:sim_id[chars:20,last3:897], currentAvailability: 10, newAvailability: 10, hint: NO_HINT
10-23 18:47:59.450 10966 16831 W BugleRcsEngine: Unable to send diagnostic log [CONTEXT thread_id=171 ]
10-23 18:47:59.450 10966 16831 W BugleRcsEngine: Unable to send diagnostic log [CONTEXT thread_id=171 ]
10-23 18:47:59.451 10966 16832 I BugleRcsProvisioning: RcsProvisioningTrigger: onRcsAvailabilityUpdate : availability is updated to Carrier RCS is not set up, lastAvailabilityLocal is Carrier RCS is not set up, simId hash = -3731272402799249747, simId = redacted-pii:sim_id[chars:20,last3:897], isPev3Enabled = true
10-23 18:47:59.453 10966 16811 I BugleRcsWorker: [seqId=5][workId=38b81cd8-fd74-44cc-881f-9a00b59da3f4] Received a provisioning state changed event from the provisioning engine RETRY
10-23 18:47:59.453 10966 16811 I BugleRcsWorker: [seqId=5][workId=38b81cd8-fd74-44cc-881f-9a00b59da3f4] Provisioning Engine entered RetryState, provisioning task will be rescheduled with exponential backoff
10-23 18:47:59.454 10966 16811 I BugleRcsWorker: [seqId=5][workId=38b81cd8-fd74-44cc-881f-9a00b59da3f4] finish provisioning task with result Success {mOutputData=Data {}}
10-23 18:47:59.454 10966 16811 I BugleRcsWorker: [seqId=5][workId=38b81cd8-fd74-44cc-881f-9a00b59da3f4] RCS provisioning task has finished with result Success {mOutputData=Data {}}
10-23 18:47:59.456 10966 16830 I BugleRcsEngine: quit [null] [CONTEXT log_prefix="(PEv2-SM35175657-DefaultCallSmsData-1-163)" thread_id=170 ]
10-23 18:47:59.456 10966 16811 I BugleRcsEngine: transitionTo: destState=cthx [null] [CONTEXT log_prefix="(PEv2-SM35175657-DefaultCallSmsData-1-163)" thread_id=166 ]
10-23 18:47:59.456 10966 16811 I BugleRcsEngine: Exit RetryState [null] [CONTEXT log_prefix="(PEv2-SM35175657-DefaultCallSmsData-1-163)" thread_id=166 ]
10-23 18:47:59.456 10966 16811 W BugleRcsEngine: Unable to send diagnostic log [CONTEXT thread_id=166 ]
10-23 18:47:59.456 10966 16811 W BugleRcsEngine: onQuitting [null] [CONTEXT log_prefix="(PEv2-SM35175657-DefaultCallSmsData-1-163)" thread_id=166 ]
10-23 18:47:59.459 10966 16830 I WM-WorkerWrapper: Worker result SUCCESS for Work [ id=7b100d6d-52bb-417e-a90a-7a1332eb669c, tags={ com.google.android.apps.messaging.shared.rcsprovisioning.RcsProvisioningListenableWorker,provisioning } ]
10-23 18:47:59.459 10966 16811 I BugleRcsEngine: [SR]: Single Registration is disabled. Skipping Single Registration capability check for subId: 1, OS.isAtLeastS:[true], enableSingleRegistrationProvisioning:[false] [CONTEXT thread_id=166 ]
10-23 18:47:59.460 10966 16811 I BugleRcsEngine: No RCS Configuration was found in Bugle for simID: redacted-pii:sim_id[chars:20,last3:897] [CONTEXT log_prefix="ProvisioningEngineDataRetriever" thread_id=166 ]
10-23 18:47:59.461 10966 16811 I BugleRcsProvisioning: RcsAvailability configuration availability and enabled status: simId: redacted-pii:sim_id[chars:20,last3:897], SipConnectionType: DUAL_REG, isConfigurationAvailableAndEnabled: false
10-23 18:47:59.461 10966 10966 D WM-Processor: mcx 7b100d6d-52bb-417e-a90a-7a1332eb669c executed; reschedule = false
10-23 18:47:59.461 10966 16811 I BugleRcsProvisioning: Checking isConfigServerUrlAvailable with simId: redacted-pii:sim_id[chars:20,last3:897], 
10-23 18:47:59.461 10966 16811 I BugleRcsEngine: getConfigServerUrl with simId: redacted-pii:sim_id[chars:30,last3:97]] [CONTEXT log_prefix="ProvisioningServerUtil" thread_id=166 ]
10-23 18:47:59.461 10966 16811 I BugleRcsEngine: Using config server URL from bsnv [CONTEXT log_prefix="ProvisioningServerUtil" thread_id=166 ]
10-23 18:47:59.462 10966 10966 D WM-GreedyScheduler: Stopping tracking for WorkGenerationalId(workSpecId=7b100d6d-52bb-417e-a90a-7a1332eb669c, generation=0)
10-23 18:47:59.462 10966 10966 D WM-SystemJobService: 7b100d6d-52bb-417e-a90a-7a1332eb669c executed on JobScheduler
10-23 18:47:59.463 10966 11039 I Bugle   : Scheduling custom retry
10-23 18:47:59.463 10966 16832 I BugleRcsEngine: [SR]: Single Registration is disabled. Skipping Single Registration capability check for subId: 1, OS.isAtLeastS:[true], enableSingleRegistrationProvisioning:[false] [CONTEXT thread_id=172 ]
10-23 18:47:59.464 10966 16811 I BugleRcsProvisioning: RcsAvailability: Subscription Id: 1, simId: redacted-pii:sim_id[chars:20,last3:897], sipConnectionType: DUAL_REG, isRcsAvailable: false
10-23 18:47:59.464 10966 16811 I BugleRcsProvisioning: updateAvailabilityForRcsProvisioningId. SimId: redacted-pii:sim_id[chars:20,last3:897], currentAvailability: 10, newAvailability: 10, hint: NO_HINT
10-23 18:47:59.466 10966 16830 D WM-GreedyScheduler: Cancelling work ID 7b100d6d-52bb-417e-a90a-7a1332eb669c
10-23 18:47:59.468 10966 16832 I BugleRcsEngine: No RCS Configuration was found in Bugle for simID: redacted-pii:sim_id[chars:20,last3:897] [CONTEXT log_prefix="ProvisioningEngineDataRetriever" thread_id=172 ]
10-23 18:47:59.468 10966 11039 W Bugle   : TextClassifierLibManagerImpl: Reclaiming memory at level: 40
10-23 18:47:59.469 10966 16830 D WM-GreedyScheduler: Ignoring {WorkSpec: f28fcb7d-b8df-47ee-b40b-80ce278fdeb6}. Requires device idle.
10-23 18:47:59.469 10966 16830 D WM-GreedyScheduler: Ignoring {WorkSpec: 72f190db-d1b3-4381-9c5f-c4485b5e7b14}. Requires device idle.
10-23 18:47:59.469 10966 16830 D WM-GreedyScheduler: Ignoring {WorkSpec: bcde1cf0-3a92-4969-9911-16e4ae9a7f57}. Requires device idle.
10-23 18:47:59.469 10966 16830 D WM-GreedyScheduler: Ignoring {WorkSpec: 32cd719b-307d-4bd7-90dd-d3b3a288d4af}. Requires device idle.
10-23 18:47:59.469 10966 16833 I BugleRcsProvisioning: RcsProvisioningTrigger: onRcsAvailabilityUpdate : availability is updated to Carrier RCS is not set up, lastAvailabilityLocal is Carrier RCS is not set up, simId hash = -3731272402799249747, simId = redacted-pii:sim_id[chars:20,last3:897], isPev3Enabled = true
10-23 18:47:59.469 10966 16830 D WM-GreedyScheduler: Starting tracking for 524fd008-d31f-4feb-9b05-f3aade955255,b978bcc9-5794-4b9f-8323-799cdc41fa41,cd3ceb9a-67a8-4d20-a6a1-3b352cd558f8
10-23 18:47:59.469 10966 11006 I .apps.messaging: Waiting for a blocking GC ProfileSaver
10-23 18:47:59.471 10966 16832 I BugleRcsEngine: Scheduled provisioning task with 960 seconds delay, APPEND policy, trigger is STATE_MACHINE_RETRY, workerId is 3fbf47b7-829c-48e8-ab4f-ba0ad06a50ca, simId is redacted-pii:sim_id[chars:20,last3:897] [CONTEXT log_prefix="provisioning" thread_id=172 ]
10-23 18:47:59.476 10966 16832 D WM-SystemJobScheduler: Scheduling work ID 01aadb3a-f514-4f2e-97ed-568197f7df97Job ID 1063
10-23 18:47:59.477 10966 16832 D WM-GreedyScheduler: Ignoring {WorkSpec: f28fcb7d-b8df-47ee-b40b-80ce278fdeb6}. Requires device idle.
10-23 18:47:59.477 10966 16832 D WM-GreedyScheduler: Ignoring {WorkSpec: 72f190db-d1b3-4381-9c5f-c4485b5e7b14}. Requires device idle.
10-23 18:47:59.477 10966 16832 D WM-GreedyScheduler: Ignoring {WorkSpec: bcde1cf0-3a92-4969-9911-16e4ae9a7f57}. Requires device idle.
10-23 18:47:59.477 10966 16832 D WM-GreedyScheduler: Ignoring {WorkSpec: 32cd719b-307d-4bd7-90dd-d3b3a288d4af}. Requires device idle.
10-23 18:47:59.477 10966 16832 D WM-GreedyScheduler: Starting tracking for 524fd008-d31f-4feb-9b05-f3aade955255,b978bcc9-5794-4b9f-8323-799cdc41fa41,cd3ceb9a-67a8-4d20-a6a1-3b352cd558f8
10-23 18:47:59.504 10966 11006 I .apps.messaging: WaitForGcToComplete blocked ProfileSaver on CollectorTransition for 35.097ms
10-23 18:48:03.280 10633 11013 I bcuu    : (REDACTED) getHotwordActive::active query: %s, watch: %s, devices connected: %s
10-23 18:48:07.452 10212 14898 I NearbyMediums: No BLE Fast/GATT advertisements found in the latest cycle.
10-23 18:48:09.485  9769  9865 D ActivityManager: freezing 10966 com.google.android.apps.messaging
10-23 18:48:17.454 10212 14898 I NearbyMediums: No BLE Fast/GATT advertisements found in the latest cycle.
10-23 18:48:22.164  9769 10758 D WifiNl80211Manager: Scan result ready event
10-23 18:48:22.164  9769 10758 D WifiNative: Scan result ready event
10-23 18:48:22.165 10212 11613 I WifiScanner: onFullResults
10-23 18:48:22.166 10212 11604 I WifiScanner: onFullResults
10-23 18:48:22.170  9769  9906 I HalDevMgr: bestIfaceCreationProposal is null, requestIface=STA, existingIface=[name=wlan0 type=STA]
10-23 18:48:27.456 10212 14898 I NearbyMediums: No BLE Fast/GATT advertisements found in the latest cycle.
10-23 18:48:37.461 10212 14898 I NearbyMediums: No BLE Fast/GATT advertisements found in the latest cycle.
10-23 18:48:47.466 10212 14898 I NearbyMediums: No BLE Fast/GATT advertisements found in the latest cycle.
10-23 18:48:50.218 10212 16807 I AlarmManager: setExactAndAllowWhileIdle [name: GCM_HB_ALARM type: 2 triggerAtMillis: 6254831]
10-23 18:48:50.219 10212 16807 I AlarmManager: setExactAndAllowWhileIdle [name: GCM_HB_ALARM type: 2 triggerAtMillis: 6254832]
10-23 18:48:57.468 10212 14898 I NearbyMediums: No BLE Fast/GATT advertisements found in the latest cycle.
10-23 18:49:03.282 10633 11036 I bcuu    : (REDACTED) getHotwordActive::active query: %s, watch: %s, devices connected: %s
10-23 18:49:07.470 10212 14898 I NearbyMediums: No BLE Fast/GATT advertisements found in the latest cycle.
10-23 18:49:17.473 10212 14898 I NearbyMediums: No BLE Fast/GATT advertisements found in the latest cycle.
10-23 18:49:27.476 10212 14898 I NearbyMediums: No BLE Fast/GATT advertisements found in the latest cycle.
10-23 18:49:31.058  9769 10830 W AppOps  : Noting op not finished: uid 10145 pkg com.google.android.gms code 113 startTime of in progress event=1761240816898
10-23 18:49:31.063  9769 10260 W AppOps  : Noting op not finished: uid 10145 pkg com.google.android.gms code 113 startTime of in progress event=1761240816898
10-23 18:49:31.074  9769 10260 W AppOps  : Noting op not finished: uid 10145 pkg com.google.android.gms code 79 startTime of in progress event=1761240816898
10-23 18:49:31.077 10212 10212 D BoundBrokerSvc: onRebind: Intent { act=com.google.android.gms.auth.aang.events.services.START dat=chimera-action:/... cmp=com.google.android.gms/.chimera.PersistentApiService }
10-23 18:49:31.079 10212 10961 I ActivityScheduler: nextTriggerTime: 6063791, in 238100ms, detectorType: 39, FULL_TYPE alarmWindowMillis: 80000
10-23 18:49:32.061  9769 10830 W AppOps  : Noting op not finished: uid 10145 pkg com.google.android.gms code 113 startTime of in progress event=1761240816898
10-23 18:49:32.072 10212 10212 D BoundBrokerSvc: onRebind: Intent { act=com.google.android.gms.libs.gmscorelogger.service.START dat=chimera-action:/... cmp=com.google.android.gms/.chimera.PersistentDirectBootAwareApiService }
10-23 18:49:37.480 10212 14898 I NearbyMediums: No BLE Fast/GATT advertisements found in the latest cycle.
10-23 18:49:46.143 10212 10212 D BoundBrokerSvc: onUnbind: Intent { act=com.google.android.gms.auth.aang.events.services.START dat=chimera-action:/... cmp=com.google.android.gms/.chimera.PersistentApiService }
10-23 18:49:47.080 10212 10212 D BoundBrokerSvc: onUnbind: Intent { act=com.google.android.gms.libs.gmscorelogger.service.START dat=chimera-action:/... cmp=com.google.android.gms/.chimera.PersistentDirectBootAwareApiService }
10-23 18:49:47.482 10212 14898 I NearbyMediums: No BLE Fast/GATT advertisements found in the latest cycle.
10-23 18:49:57.487 10212 14898 I NearbyMediums: No BLE Fast/GATT advertisements found in the latest cycle.
10-23 18:50:03.285 10633 10790 I bcuu    : (REDACTED) getHotwordActive::active query: %s, watch: %s, devices connected: %s
10-23 18:50:05.682 10053 16844 D NetworkMonitor/100: PROBE_DNS connectivitycheck.gstatic.com 3ms FAIL in type ADDRCONFIG android.net.DnsResolver$DnsException: android.system.ErrnoException: resNetworkQuery failed: ENONET (Machine is not on the network)
10-23 18:50:05.682 10053 16843 D NetworkMonitor/100: PROBE_DNS www.google.com 7ms FAIL in type ADDRCONFIG android.net.DnsResolver$DnsException: android.system.ErrnoException: resNetworkQuery failed: ENONET (Machine is not on the network)
10-23 18:50:05.684 10053 16843 D NetworkMonitor/100: PROBE_HTTPS https://www.google.com/generate_204 Probe failed with exception java.net.UnknownHostException: Unable to resolve host "www.google.com": No address associated with hostname
10-23 18:50:05.684 10053 16844 D NetworkMonitor/100: PROBE_HTTP http://connectivitycheck.gstatic.com/generate_204 Probe failed with exception java.net.UnknownHostException: Unable to resolve host "connectivitycheck.gstatic.com": No address associated with hostname
10-23 18:50:05.686 10053 16842 D NetworkMonitor/100: PROBE_FALLBACK http://play.googleapis.com/generate_204 Probe failed with exception java.net.UnknownHostException: Unable to resolve host "play.googleapis.com": No address associated with hostname
10-23 18:50:05.687 10053 16842 D NetworkMonitor/100: isCaptivePortal: isSuccessful()=false isPortal()=false RedirectUrl=null isPartialConnectivity()=false Time=12ms
10-23 18:50:05.688  9769  9912 D ConnectivityService: [100 CELLULAR] validation failed
10-23 18:50:07.489 10212 14898 I NearbyMediums: No BLE Fast/GATT advertisements found in the latest cycle.
10-23 18:50:17.495 10212 14898 I NearbyMediums: No BLE Fast/GATT advertisements found in the latest cycle.
10-23 18:50:22.909 10053 10210 D ApfFilter: (wlan0): Adding RA fe80::2 -> ff02::1 1800s fec0::/64 86400s/14400s 
10-23 18:50:27.498 10212 14898 I NearbyMediums: No BLE Fast/GATT advertisements found in the latest cycle.
10-23 18:50:36.024 10557 10557 W TimedProcessReaper: Memory state is: 125
10-23 18:50:37.503 10212 14898 I NearbyMediums: No BLE Fast/GATT advertisements found in the latest cycle.
10-23 18:50:47.506 10212 14898 I NearbyMediums: No BLE Fast/GATT advertisements found in the latest cycle.
10-23 18:50:57.510 10212 14898 I NearbyMediums: No BLE Fast/GATT advertisements found in the latest cycle.
10-23 18:51:02.174  9769 10260 D WifiNl80211Manager: Scan result ready event
10-23 18:51:02.174  9769 10260 D WifiNative: Scan result ready event
10-23 18:51:02.176 10212 11604 I WifiScanner: onFullResults
10-23 18:51:02.176 10212 11613 I WifiScanner: onFullResults
10-23 18:51:02.182  9769  9906 I HalDevMgr: bestIfaceCreationProposal is null, requestIface=STA, existingIface=[name=wlan0 type=STA]
10-23 18:51:03.280 10633 11013 I bcuu    : (REDACTED) getHotwordActive::active query: %s, watch: %s, devices connected: %s
10-23 18:51:07.513 10212 14898 I NearbyMediums: No BLE Fast/GATT advertisements found in the latest cycle.
10-23 18:51:14.822 10212 16577 I NearbyConnections: Scheduled invalidation of the HPKE key alarm (delayMillis:8000) for client 91887137
10-23 18:51:14.822 10212 16577 I NearbyConnections: Trigger advertisement rotate for NearbySharing, isRotated : true
10-23 18:51:14.826 16555 16563 I bt_shim_advertiser: system/main/shim/le_advertising_manager.cc:80 Unregister: in shim layer
10-23 18:51:14.826 16555 16624 I bluetooth_core::gatt:..: removing server (if any) associated with advertiser AdvertiserId(1)
10-23 18:51:14.828 16555 16563 I bt_shim_advertiser: system/main/shim/le_advertising_manager.cc:80 Unregister: in shim layer
10-23 18:51:14.828 16555 16624 I bluetooth_core::gatt:..: removing server (if any) associated with advertiser AdvertiserId(0)
10-23 18:51:14.828 16555 16605 I bluetooth: system/gd/hci/le_address_manager.cc:289 unregister_client: Client unregistered
10-23 18:51:14.828 10212 16577 I NearbyMediums: Device token rotated, old deviceToken : [ 0xe8 0xf1 ].
10-23 18:51:14.828 10212 16577 I NearbyMediums: Successfully stopped BLE advertising for service NearbySharing
10-23 18:51:14.829 10212 16577 I NearbyMediums: Device token rotated, old deviceToken : null.
10-23 18:51:14.829 10212 16577 D BluetoothSocket: close() this: XX:XX:XX:XX:17:01, channel: 7, mSocketIS: android.net.LocalSocketImpl$SocketInputStream@b6bc04, mSocketOS: android.net.LocalSocketImpl$SocketOutputStream@a2f75ed, mSocket: android.net.LocalSocket@e719c22 impl:android.net.LocalSocketImpl@83e06b3 fd:java.io.FileDescriptor@9e59470, mSocketState: LISTENING
10-23 18:51:14.829 10212 16577 I NearbyMediums: Stopped accepting Bluetooth Classic connections for NearbySharing.
10-23 18:51:14.829 16555 16622 I bt_btif_sock_rfcomm: system/btif/src/btif_sock_rfc.cc:542 cleanup_rfc_slot: disconnected from RFCOMM socket connections for device: 00:00:00:00:00:00, scn: 7, app_uid: 10145, slot_id: 4, socket_id: 0
10-23 18:51:14.830 10212 16578 D BluetoothSocket: close() this: XX:XX:XX:XX:17:01, channel: 7, mSocketIS: android.net.LocalSocketImpl$SocketInputStream@b6bc04, mSocketOS: android.net.LocalSocketImpl$SocketOutputStream@a2f75ed, mSocket: null, mSocketState: CLOSED
10-23 18:51:14.830 16555 16622 I bt_bta_dm: system/bta/dm/bta_dm_act.cc:1273 bta_dm_set_eir: Generating extended inquiry response packet EIR
10-23 18:51:14.831 16555 16600 I bt_port_api: system/stack/rfcomm/port_api.cc:353 RFCOMM_RemoveServer: handle=17
10-23 18:51:14.831  9769 10260 I WifiService: releaseMulticastLock uid=10145 tag=nearby-connections-100052805
10-23 18:51:14.831  9769  9916 I serviceDiscovery: [MdnsAdvertiser] Removing service with ID 13
10-23 18:51:14.831 10212 16577 I Nearby  : (REDACTED) NsdManagerCompat released multicast lock %d.
10-23 18:51:14.834 10053 10210 D IpClient.wlan0: set max DTIM multiplier to 2
10-23 18:51:14.834 10212 16577 I NearbyMediums: Stopped Wifi LAN advertising.
10-23 18:51:14.834 10212 16577 I NearbyMediums: Stopped listening for incoming Wifi Lan connections.
10-23 18:51:14.834 10212 16577 I NearbyMediums: Can't stop accepting WiFi connections because it was never started.
10-23 18:51:14.834 10212 16577 I NearbyMediums: Can't stop NFC advertising because it was never started.
10-23 18:51:14.834 10212 16577 I NearbyMediums: Skipping stop accepting connections: we are not currently accepting WebRTC connections for NearbySharing.
10-23 18:51:14.835 10212 16577 I NearbyConnections: Get local endpoint id from the existing localEndpointId:VDVF (last:null) for client 91887137(0p:com.google.android.gms.nearby.sharing)
10-23 18:51:14.835  9769  9906 E WifiStaIfaceAidlImpl: setDtimMultiplier failed with service-specific exception: android.os.ServiceSpecificException:  (code 4)
10-23 18:51:14.836 10212 16408 E NearbyMediums: MEDIUM_ERROR [SYSTEM][WIFI_LAN][START_LISTENING_INCOMING_CONNECTION][ACCEPT_CONNECTION_FAILED][SOCKET_CLOSED], service-id=NearbySharing
10-23 18:51:14.836 10212 16408 E NearbyMediums: Extra Sensitive/PII message : Socket closed
10-23 18:51:14.838  9769  9906 E WifiChipAidlImpl: getUsableChannels failed with service-specific exception: android.os.ServiceSpecificException:  (code 4)
10-23 18:51:14.839 10212 16577 I NearbyMediums: (REDACTED) Querying wifi usable channels failed with exception
10-23 18:51:14.839 10212 16577 I NearbyMediums: java.lang.UnsupportedOperationException
10-23 18:51:14.839 10212 16577 I NearbyMediums: 	at android.os.Parcel.createExceptionOrNull(Parcel.java:3274)
10-23 18:51:14.839 10212 16577 I NearbyMediums: 	at android.os.Parcel.createException(Parcel.java:3246)
10-23 18:51:14.839 10212 16577 I NearbyMediums: 	at android.os.Parcel.readException(Parcel.java:3229)
10-23 18:51:14.839 10212 16577 I NearbyMediums: 	at android.os.Parcel.readException(Parcel.java:3171)
10-23 18:51:14.839 10212 16577 I NearbyMediums: 	at android.net.wifi.IWifiManager$Stub$Proxy.getUsableChannels(IWifiManager.java:6488)
10-23 18:51:14.839 10212 16577 I NearbyMediums: 	at android.net.wifi.WifiManager.getUsableChannels(WifiManager.java:11454)
10-23 18:51:14.839 10212 16577 I NearbyMediums: 	at cxbx.y(:com.google.android.gms@252932035@25.29.32 (260400-787198374):21)
10-23 18:51:14.839 10212 16577 I NearbyMediums: 	at cxbx.q(:com.google.android.gms@252932035@25.29.32 (260400-787198374):16)
10-23 18:51:14.839 10212 16577 I NearbyMediums: 	at csym.F(:com.google.android.gms@252932035@25.29.32 (260400-787198374):8)
10-23 18:51:14.839 10212 16577 I NearbyMediums: 	at ctep.ap(:com.google.android.gms@252932035@25.29.32 (260400-787198374):28)
10-23 18:51:14.839 10212 16577 I NearbyMediums: 	at ctep.ak(:com.google.android.gms@252932035@25.29.32 (260400-787198374):246)
10-23 18:51:14.839 10212 16577 I NearbyMediums: 	at ctep.B(:com.google.android.gms@252932035@25.29.32 (260400-787198374):18)
10-23 18:51:14.839 10212 16577 I NearbyMediums: 	at ctbh.run(:com.google.android.gms@252932035@25.29.32 (260400-787198374):145)
10-23 18:51:14.839 10212 16577 I NearbyMediums: 	at azuw.c(:com.google.android.gms@252932035@25.29.32 (260400-787198374):50)
10-23 18:51:14.839 10212 16577 I NearbyMediums: 	at azuw.run(:com.google.android.gms@252932035@25.29.32 (260400-787198374):70)
10-23 18:51:14.839 10212 16577 I NearbyMediums: 	at java.util.concurrent.ThreadPoolExecutor.runWorker(ThreadPoolExecutor.java:1156)
10-23 18:51:14.839 10212 16577 I NearbyMediums: 	at java.util.concurrent.ThreadPoolExecutor$Worker.run(ThreadPoolExecutor.java:651)
10-23 18:51:14.839 10212 16577 I NearbyMediums: 	at baao.run(:com.google.android.gms@252932035@25.29.32 (260400-787198374):8)
10-23 18:51:14.839 10212 16577 I NearbyMediums: 	at java.lang.Thread.run(Thread.java:1119)
10-23 18:51:14.839 10212 16577 I NearbyMediums: Caused by: android.os.RemoteException: Remote stack trace:
10-23 18:51:14.839 10212 16577 I NearbyMediums: 	at com.android.server.wifi.WifiServiceImpl.getUsableChannels(WifiServiceImpl.java:8119)
10-23 18:51:14.839 10212 16577 I NearbyMediums: 	at android.net.wifi.IWifiManager$Stub.onTransact(IWifiManager.java:3232)
10-23 18:51:14.839 10212 16577 I NearbyMediums: 	at android.os.Binder.execTransactInternal(Binder.java:1414)
10-23 18:51:14.839 10212 16577 I NearbyMediums: 	at android.os.Binder.execTransact(Binder.java:1353)
10-23 18:51:14.839 10212 16577 I NearbyMediums: 
10-23 18:51:14.842 10212 16577 I NearbyMediums: Query 5G available channels from WifiScanner [5180, 5200, 5220, 5240, 5260, 5280, 5300, 5320, 5500, 5520, 5540, 5560, 5580, 5600, 5620, 5640, 5660, 5680, 5700, 5745, 5765, 5785, 5805, 5825]
10-23 18:51:14.845 10212 16577 I NearbyMediums: Query 2.4G available channels from WifiScanner [2412, 2417, 2422, 2427, 2432, 2437, 2442, 2447, 2452, 2457, 2462, 2467, 2472, 2484]
10-23 18:51:14.846 10212 16577 I NearbyMediums: [DeviceCapabilities] Get wifi usable channels from cache for mode WFD_GO (tryToRefreshCache:false channels:[])
10-23 18:51:14.850 10212 16577 I NearbyMediums: Query 5G available channels from WifiScanner []
10-23 18:51:14.853 10212 16577 I NearbyMediums: Query 2.4G available channels from WifiScanner [2412, 2417, 2422, 2427, 2432, 2437, 2442, 2447, 2452, 2457, 2462, 2467, 2472, 2484]
10-23 18:51:14.853 10212 16577 I NearbyMediums: [DeviceCapabilities] Get wifi usable channels from cache for mode STA (tryToRefreshCache:false channels:[])
10-23 18:51:14.856 10212 16577 I NearbyMediums: Query 5G available channels from WifiScanner [5180, 5200, 5220, 5240, 5260, 5280, 5300, 5320, 5500, 5520, 5540, 5560, 5580, 5600, 5620, 5640, 5660, 5680, 5700, 5745, 5765, 5785, 5805, 5825]
10-23 18:51:14.859 10212 16577 I NearbyMediums: Query 2.4G available channels from WifiScanner [2412, 2417, 2422, 2427, 2432, 2437, 2442, 2447, 2452, 2457, 2462, 2467, 2472, 2484]
10-23 18:51:14.859 10212 16577 I NearbyMediums: [DeviceCapabilities] Get wifi usable channels from cache for mode AWARE (tryToRefreshCache:false channels:[])
10-23 18:51:14.860 10212 16577 W NearbyConnections: [PcpManager] Role:WIFI_AWARE failed to get usable or available channels.
10-23 18:51:14.860 10212 16577 I NearbyConnections: In generateRxInstantConnectionAdvBytes() advertisingMediums:[WIFI_DIRECT, WIFI_HOTSPOT, WIFI_AWARE, WIFI_LAN, BLE] capabilitiesSize:4 apFreq:2447 wfdGcUsableOrAvailableChs:[2412..2472, 2484, 5180..5320, 5500..5700, 5745..5825] wfdGoUsableOrAvailableChs:[2412..2472, 2484] hsStaUsableOrAvailableChs:[2412..2472, 2484, 5180..5320, 5500..5700, 5745..5825] awareUsableOrAvailableChs:[] rxAdvertisement(size:57):A0:17:6E:3C:AB:69:19:C2:EA:D3:F3:B0:70:21:E0:B4:2C:4F:B5:90:B3:7F:ED:C8:3D:E4:A6:E9:6E:9B:D6:6E:EF:1B:84:15:05:7F:00:00:84:15:06:00:00:00:84:15:04:7F:00:00:83:15:01:09:8F
10-23 18:51:14.862 16555 16563 I BtSocketManagerBinder: createSocketChannel: type=1, serviceName=NearbySharing, uuid=a82efa21-ae5c-3dde-9bbc-f16da7b16c5a, port=-1, from uid/pid=10145/10212
10-23 18:51:14.862 16555 16563 I bt_btif_sock: system/btif/src/btif_sock.cc:173 btsock_listen: Attempting listen for socket connections for device: 00:00:00:00:00:00, type: 1, channel: -1, app_uid: 10145, data_path: 0, hub_id: 0, endpoint_id: 0, max_rx_packet_size: 0
10-23 18:51:14.862 16555 16563 I bt_btif_sock_rfcomm: system/btif/src/btif_sock_rfc.cc:399 btsock_rfc_listen: Adding listening socket service_name: NearbySharing - channel: -1
10-23 18:51:14.862 16555 16600 I bt_btif_sock_rfcomm: system/btif/src/btif_sock_rfc.cc:1002 jv_dm_cback: handling event:BTA_JV_GET_SCN_EVT, slot_id:5
10-23 18:51:14.862 16555 16600 I bt_btif_sock_rfcomm: system/btif/src/btif_sock_rfc.cc:1002 jv_dm_cback: handling event:BTA_JV_CREATE_RECORD_EVT, slot_id:5
10-23 18:51:14.862 16555 16600 I bt_bta_dm: system/bta/dm/bta_dm_act.cc:1273 bta_dm_set_eir: Generating extended inquiry response packet EIR
10-23 18:51:14.862 16555 16600 W rfcomm_port_utils: system/stack/rfcomm/port_utils.cc:289 port_find_mcb: not found, bd_addr:ff:ff:ff:ff:ff:ff
10-23 18:51:14.862 16555 16600 I bt_port_api: system/stack/rfcomm/port_api.cc:226 RFCOMM_CreateConnectionWithSecurity: bd_addr=ff:ff:ff:ff:ff:ff, scn=8, is_server=true, mtu=990, uuid=0x0, dlci=16, signal_state=0xb, p_port=0x6db4148f08
10-23 18:51:14.862 16555 16600 I bt_btif_sock_rfcomm: system/btif/src/btif_sock_rfc.cc:954 rfcomm_cback: handling BTA_JV_RFCOMM_START_EVT, slot_id:5
10-23 18:51:14.862 16555 16600 I bt_btif_sock_rfcomm: system/btif/src/btif_sock_rfc.cc:648 on_srv_rfc_listen_started: listening for RFCOMM socket connections for device: 00:00:00:00:00:00, scn: 8, app_uid: 10145, id: 5
10-23 18:51:14.862 10212 16577 I NearbyMediums: Started accepting Bluetooth Classic connections for NearbySharing.
10-23 18:51:14.863 10212 16578 D BluetoothSocket: accept(), timeout (ms):-1
10-23 18:51:14.866 10212 16577 D BluetoothAdapter: isLeEnabled(): ON
10-23 18:51:14.869 16555 16563 I bt_shim_advertiser: system/main/shim/le_advertising_manager.cc:155 StartAdvertisingSet: in shim layer
10-23 18:51:14.869 16555 16563 I bt_shim_advertiser: system/main/shim/le_advertising_manager.cc:174 StartAdvertisingSet: create advertising set, client_id:255, reg_id:-4
10-23 18:51:14.870 16555 16605 I bluetooth: system/gd/hci/le_advertising_manager.cc:678 create_extended_advertiser_with_id: Scheduling address rotation for advertiser_id=0
10-23 18:51:14.870 16555 16605 I bluetooth: system/gd/hci/le_address_manager.cc:593 GetNextPrivateAddressIntervalRange: client=advertising_set_0, nonwake=7m43s, wake=13m36s
10-23 18:51:14.870 16555 16605 I bluetooth: system/gd/hci/le_address_manager.cc:274 register_client: Client registered
10-23 18:51:14.873 16555 16605 I bluetooth: system/gd/hci/le_advertising_manager.cc:1780 on_set_advertising_set_random_address_complete: update random address for advertising set 0 : xx:xx:xx:xx:7e:62
10-23 18:51:14.876 10212 16577 I NearbyMediums: Started BLE extended advertising. Regular Advertised : false, Fast Advertised : true, AdvertisingSetting : BleAdvertisingSetting{powerLevel= BALANCED_POWER, isConnectable= false, isPrivateGatt= true}.
10-23 18:51:14.876 10212 16577 D BluetoothAdapter: isLeEnabled(): ON
10-23 18:51:14.878 16555 16563 I bt_shim_advertiser: system/main/shim/le_advertising_manager.cc:155 StartAdvertisingSet: in shim layer
10-23 18:51:14.878 16555 16605 I bluetooth: system/gd/hci/le_advertising_manager.cc:678 create_extended_advertiser_with_id: Scheduling address rotation for advertiser_id=1
10-23 18:51:14.878 16555 16605 I bluetooth: system/gd/hci/le_address_manager.cc:593 GetNextPrivateAddressIntervalRange: client=advertising_set_1, nonwake=7m43s, wake=13m19s
10-23 18:51:14.878 16555 16563 I bt_shim_advertiser: system/main/shim/le_advertising_manager.cc:174 StartAdvertisingSet: create advertising set, client_id:255, reg_id:-5
10-23 18:51:14.881 16555 16605 I bluetooth: system/gd/hci/le_advertising_manager.cc:1780 on_set_advertising_set_random_address_complete: update random address for advertising set 1 : xx:xx:xx:xx:72:b7
10-23 18:51:14.884 10212 16577 I NearbyMediums: Started BLE Legacy advertising. Regular Header Advertised : false, Fast Advertised : true, AdvertisingSettings : BleAdvertisingSetting{powerLevel= BALANCED_POWER, isConnectable= false, isPrivateGatt= true}, isAcceptingConnection : false
10-23 18:51:14.884 10212 16577 I NearbyMediums: Successfully started BLE advertising of size 23 for service NearbySharing, deviceToken : [ 0xea 0xb2 ].
10-23 18:51:14.885 10212 16577 I NearbyMediums: Successfully bound ServerSocket for service NearbySharing to the stable port 53601.
10-23 18:51:14.885 10212 16577 I NearbyMediums: Successfully started listening for incoming Wifi Lan connections.
10-23 18:51:14.888  9769 10260 I WifiService: acquireMulticastLock uid=10145 tag=nearby-connections-214117940
10-23 18:51:14.889 10212 16577 I Nearby  : (REDACTED) NsdManagerCompat acquired multicast lock %d.
10-23 18:51:14.890  9769  9916 V serviceDiscovery: [MdnsSocketProvider] VERBOSE Already monitoring sockets.
10-23 18:51:14.890  9769  9916 I serviceDiscovery: [MdnsAdvertiser] Adding service name: I1ZEVkb8n14AAA, type: _FC9F5ED42C8A._tcp, subtypes: , hostAddresses: , hostname: null, port: 53601, network: null, expirationTime: null, txtRecord: {f=2447, n=MkVl8XO309rtclYQy3SHaXg, IPv4=10.0.2.16} with ID 14 and subtypes {} advertisingOptions MdnsAdvertisingOptions{mIsOnlyUpdate=false, mTtl=null}
10-23 18:51:14.890  9769  9916 I serviceDiscovery: [MdnsAdvertiser.wlan0] Service 13 getting re-added, cancelling exit announcements
10-23 18:51:14.891 10053 10210 D IpClient.wlan0: set max DTIM multiplier to 1
10-23 18:51:14.892  9769  9906 E WifiStaIfaceAidlImpl: setDtimMultiplier failed with service-specific exception: android.os.ServiceSpecificException:  (code 4)
10-23 18:51:15.851  9769  9916 I serviceDiscovery: [MdnsAdvertiser.wlan0] Probing finished for service 14
10-23 18:51:15.854 10212 10906 I NearbyMediums: WIFI_LAN registered service name:I1ZEVkb8n14AAA type:null at ip:null port:0
10-23 18:51:15.855 10212 16577 I NearbyMediums: Successfully advertised I1ZEVkb8n14AAA on serviceID NearbySharing over Wifi LAN.
10-23 18:51:17.515 10212 16577 I NearbyMediums: No BLE Fast/GATT advertisements found in the latest cycle.
10-23 18:51:22.826 10212 16577 I NearbyConnections: Invalidate cached hpkeKey for client 91887137
10-23 18:51:27.521 10212 16577 I NearbyMediums: No BLE Fast/GATT advertisements found in the latest cycle.
10-23 18:51:37.527 10212 16577 I NearbyMediums: No BLE Fast/GATT advertisements found in the latest cycle.
10-23 18:51:47.530 10212 16577 I NearbyMediums: No BLE Fast/GATT advertisements found in the latest cycle.
10-23 18:51:57.536 10212 16577 I NearbyMediums: No BLE Fast/GATT advertisements found in the latest cycle.
10-23 18:52:03.285 10633 11036 I bcuu    : (REDACTED) getHotwordActive::active query: %s, watch: %s, devices connected: %s
10-23 18:52:07.539 10212 16577 I NearbyMediums: No BLE Fast/GATT advertisements found in the latest cycle.
10-23 18:52:17.540 10212 16577 I NearbyMediums: No BLE Fast/GATT advertisements found in the latest cycle.
10-23 18:52:27.542 10212 16577 I NearbyMediums: No BLE Fast/GATT advertisements found in the latest cycle.
10-23 18:52:29.416  9769 10260 I ActivityManager: Force stopping com.alcineo.bonappetit appid=10214 user=0: from pid 16852
10-23 18:52:29.418  9769 10260 W IPCThreadState: Sending oneway calls to frozen process.
10-23 18:52:29.418  9769 10260 W IPCThreadState: Sending oneway calls to frozen process.
10-23 18:52:29.418  9769 10260 W IPCThreadState: Sending oneway calls to frozen process.
10-23 18:52:29.418  9769 10260 W IPCThreadState: Sending oneway calls to frozen process.
10-23 18:52:29.418  9769 10260 W IPCThreadState: Sending oneway calls to frozen process.
10-23 18:52:29.418  9769 10260 W IPCThreadState: Sending oneway calls to frozen process.
10-23 18:52:29.418  9769 10260 W IPCThreadState: Sending oneway calls to frozen process.
10-23 18:52:29.418  9769 10260 W IPCThreadState: Sending oneway calls to frozen process.
10-23 18:52:29.418  9769 10260 W IPCThreadState: Sending oneway calls to frozen process.
10-23 18:52:29.418  9769 10260 W IPCThreadState: Sending oneway calls to frozen process.
10-23 18:52:29.418  9769 10260 W IPCThreadState: Sending oneway calls to frozen process.
10-23 18:52:29.418  9769 10260 W IPCThreadState: Sending oneway calls to frozen process.
10-23 18:52:29.418  9769 10260 W IPCThreadState: Sending oneway calls to frozen process.
10-23 18:52:29.418  9769 10260 W IPCThreadState: Sending oneway calls to frozen process.
10-23 18:52:29.418  9769 10260 W IPCThreadState: Sending oneway calls to frozen process.
10-23 18:52:29.418  9769 10260 W IPCThreadState: Sending oneway calls to frozen process.
10-23 18:52:29.418  9769 10260 W IPCThreadState: Sending oneway calls to frozen process.
10-23 18:52:29.418  9769 10260 W IPCThreadState: Sending oneway calls to frozen process.
10-23 18:52:29.418  9769 10260 W IPCThreadState: Sending oneway calls to frozen process.
10-23 18:52:29.418  9769 10260 W IPCThreadState: Sending oneway calls to frozen process.
10-23 18:52:29.418  9769 10260 W IPCThreadState: Sending oneway calls to frozen process.
10-23 18:52:29.418  9769 10260 W IPCThreadState: Sending oneway calls to frozen process.
10-23 18:52:29.418  9769 10260 W IPCThreadState: Sending oneway calls to frozen process.
10-23 18:52:29.418  9769 10260 W IPCThreadState: Sending oneway calls to frozen process.
10-23 18:52:29.418  9769 10260 W IPCThreadState: Sending oneway calls to frozen process.
10-23 18:52:29.418  9769 10260 W IPCThreadState: Sending oneway calls to frozen process.
10-23 18:52:29.418  9769 10260 W IPCThreadState: Sending oneway calls to frozen process.
10-23 18:52:29.418  9769 10260 W IPCThreadState: Sending oneway calls to frozen process.
10-23 18:52:29.418  9769 10260 W IPCThreadState: Sending oneway calls to frozen process.
10-23 18:52:29.418  9769 10260 W IPCThreadState: Sending oneway calls to frozen process.
10-23 18:52:29.419  9769  9954 D BackgroundInstallControlService: Package event received: 0
10-23 18:52:29.420  9769 10260 W IPCThreadState: Sending oneway calls to frozen process.
10-23 18:52:29.420  9769 10260 W IPCThreadState: Sending oneway calls to frozen process.
10-23 18:52:29.420  9769 10260 W IPCThreadState: Sending oneway calls to frozen process.
10-23 18:52:29.420  9769 10260 W IPCThreadState: Sending oneway calls to frozen process.
10-23 18:52:29.420  9769 10260 W IPCThreadState: Sending oneway calls to frozen process.
10-23 18:52:29.420  9769 10260 W IPCThreadState: Sending oneway calls to frozen process.
10-23 18:52:29.420  9769 10260 W IPCThreadState: Sending oneway calls to frozen process.
10-23 18:52:29.421  9769 10260 W IPCThreadState: Sending oneway calls to frozen process.
10-23 18:52:29.421  9769 10260 W IPCThreadState: Sending oneway calls to frozen process.
10-23 18:52:29.421  9769  9954 D BackgroundInstallControlService: Package event received: 0
10-23 18:52:29.421  9769  9954 D BackgroundInstallControlService: Package event received: 0
10-23 18:52:29.421  9769 10260 W IPCThreadState: Sending oneway calls to frozen process.
10-23 18:52:29.421  9769 10260 W IPCThreadState: Sending oneway calls to frozen process.
10-23 18:52:29.421  9769 10260 W IPCThreadState: Sending oneway calls to frozen process.
10-23 18:52:29.421  9769 10260 W IPCThreadState: Sending oneway calls to frozen process.
10-23 18:52:29.421  9769 10260 W IPCThreadState: Sending oneway calls to frozen process.
10-23 18:52:29.421  9769 10260 W IPCThreadState: Sending oneway calls to frozen process.
10-23 18:52:29.421  9769 10260 W IPCThreadState: Sending oneway calls to frozen process.
10-23 18:52:29.421  9769 10260 W IPCThreadState: Sending oneway calls to frozen process.
10-23 18:52:29.421  9769 10260 W IPCThreadState: Sending oneway calls to frozen process.
10-23 18:52:29.422  9769 10260 W ProcessStats: Tracking association SourceState{dea4e56 com.android.settings/1000 Service #31787} whose proc state 8 is better than process ProcessState{d75c6e7 com.google.android.settings.intelligence/10142 pkg=com.google.android.settings.intelligence} proc state 15 (17 skipped)
10-23 18:52:29.422  9769  9954 D BackgroundInstallControlService: Package event received: 0
10-23 18:52:29.423  9769  9954 D BackgroundInstallControlService: Package event received: 0
10-23 18:52:29.423  9769  9954 D BackgroundInstallControlService: Package event received: 0
10-23 18:52:29.423  9769  9954 D BackgroundInstallControlService: Package event received: 0
10-23 18:52:29.423  9769  9954 D BackgroundInstallControlService: Package event received: 0
10-23 18:52:29.423  9769  9954 D BackgroundInstallControlService: Package event received: 0
10-23 18:52:29.423  9769  9954 D BackgroundInstallControlService: Package event received: 0
10-23 18:52:29.423  9769  9954 D BackgroundInstallControlService: Package event received: 0
10-23 18:52:29.423  9769  9954 D BackgroundInstallControlService: Package event received: 0
10-23 18:52:29.423  9769  9954 D BackgroundInstallControlService: Package event received: 0
10-23 18:52:29.429 10121 10121 D CarrierSvcBindHelper: onHandleForceStop: [com.alcineo.bonappetit]
10-23 18:52:29.433 10121 10121 D CarrierSvcBindHelper: No carrier app for: 0
10-23 18:52:29.434  9769  9882 I system_server: AssetManager2(0xb400006f23916138) locale list changing from [] to [en-US]
10-23 18:52:29.443  9769  9882 I system_server: AssetManager2(0xb400006f23915af8) locale list changing from [] to [en-US]
10-23 18:52:29.445 16858 16858 W service : Thread Pool max thread count is 0. Cannot cache binder as linkToDeath cannot be implemented. serviceName: DockObserver
10-23 18:52:29.445 16858 16858 E Parcel  : Reading a NULL string not supported here.
10-23 18:52:29.445 16858 16858 W service : Thread Pool max thread count is 0. Cannot cache binder as linkToDeath cannot be implemented. serviceName: SurfaceFlinger
10-23 18:52:29.445 16858 16858 W service : Thread Pool max thread count is 0. Cannot cache binder as linkToDeath cannot be implemented. serviceName: SurfaceFlingerAIDL
10-23 18:52:29.446 16858 16858 W service : Thread Pool max thread count is 0. Cannot cache binder as linkToDeath cannot be implemented. serviceName: accessibility
10-23 18:52:29.446 16858 16858 W service : Thread Pool max thread count is 0. Cannot cache binder as linkToDeath cannot be implemented. serviceName: account
10-23 18:52:29.446 16858 16858 W service : Thread Pool max thread count is 0. Cannot cache binder as linkToDeath cannot be implemented. serviceName: activity
10-23 18:52:29.446 16858 16858 W service : Thread Pool max thread count is 0. Cannot cache binder as linkToDeath cannot be implemented. serviceName: activity_task
10-23 18:52:29.446 16858 16858 W service : Thread Pool max thread count is 0. Cannot cache binder as linkToDeath cannot be implemented. serviceName: adb
10-23 18:52:29.447 16858 16858 W service : Thread Pool max thread count is 0. Cannot cache binder as linkToDeath cannot be implemented. serviceName: adservices_manager
10-23 18:52:29.447 16858 16858 W service : Thread Pool max thread count is 0. Cannot cache binder as linkToDeath cannot be implemented. serviceName: advanced_protection
10-23 18:52:29.448 16858 16858 W service : Thread Pool max thread count is 0. Cannot cache binder as linkToDeath cannot be implemented. serviceName: alarm
10-23 18:52:29.449 16858 16858 W service : Thread Pool max thread count is 0. Cannot cache binder as linkToDeath cannot be implemented. serviceName: ambient_context
10-23 18:52:29.449 16858 16858 W service : Thread Pool max thread count is 0. Cannot cache binder as linkToDeath cannot be implemented. serviceName: android.frameworks.cameraservice.service.ICameraService/default
10-23 18:52:29.451 16858 16858 W service : Thread Pool max thread count is 0. Cannot cache binder as linkToDeath cannot be implemented. serviceName: android.frameworks.devicestate.IDeviceStateService/default
10-23 18:52:29.452 16858 16858 W service : Thread Pool max thread count is 0. Cannot cache binder as linkToDeath cannot be implemented. serviceName: android.frameworks.location.altitude.IAltitudeService/default
10-23 18:52:29.452 16858 16858 W service : Thread Pool max thread count is 0. Cannot cache binder as linkToDeath cannot be implemented. serviceName: android.frameworks.sensorservice.ISensorManager/default
10-23 18:52:29.453 16858 16858 W service : Thread Pool max thread count is 0. Cannot cache binder as linkToDeath cannot be implemented. serviceName: android.frameworks.stats.IStats/default
10-23 18:52:29.453 16858 16858 W service : Thread Pool max thread count is 0. Cannot cache binder as linkToDeath cannot be implemented. serviceName: android.frameworks.vibrator.IVibratorControlService/default
10-23 18:52:29.454 16858 16858 W service : Thread Pool max thread count is 0. Cannot cache binder as linkToDeath cannot be implemented. serviceName: android.hardware.authsecret.IAuthSecret/default
10-23 18:52:29.454 16858 16858 E IPCThreadState: Binder transaction failure. id: 3651027, BR_*: 29201, error: -1 (Operation not permitted)
10-23 18:52:29.454 16858 16858 E IPCThreadState: Binder transaction failure. id: 3651032, BR_*: 29201, error: -1 (Operation not permitted)
10-23 18:52:29.448 16858 16858 W service : type=1400 audit(0.0:326): avc:  denied  { call } for  scontext=u:r:shell:s0 tcontext=u:r:hal_authsecret_default:s0 tclass=binder permissive=0
10-23 18:52:29.448 16858 16858 W service : type=1400 audit(0.0:327): avc:  denied  { call } for  scontext=u:r:shell:s0 tcontext=u:r:hal_fingerprint_default:s0 tclass=binder permissive=0
10-23 18:52:29.452 16858 16858 W service : type=1400 audit(0.0:328): avc:  denied  { call } for  scontext=u:r:shell:s0 tcontext=u:r:hal_bluetooth_default:s0 tclass=binder permissive=0
10-23 18:52:29.455 16858 16858 E IPCThreadState: Binder transaction failure. id: 3651046, BR_*: 29201, error: -1 (Operation not permitted)
10-23 18:52:29.456 16858 16858 W service : Thread Pool max thread count is 0. Cannot cache binder as linkToDeath cannot be implemented. serviceName: android.hardware.bluetooth.audio.IBluetoothAudioProviderFactory/default
