10-23 18:53:30.442  9769  9814 E BluetoothPowerStatsCollector: 	at android.bluetooth.BluetoothAdapter$OnBluetoothActivityEnergyInfoProxy$$ExternalSyntheticLambda1.run(D8$$SyntheticClass:0)
10-23 18:53:30.442  9769  9814 E BluetoothPowerStatsCollector: 	at android.bluetooth.BluetoothUtils.lambda$executeFromBinder$0(BluetoothUtils.java:343)
10-23 18:53:30.442  9769  9814 E BluetoothPowerStatsCollector: 	at android.bluetooth.BluetoothUtils$$ExternalSyntheticLambda1.run(D8$$SyntheticClass:0)
10-23 18:53:30.442  9769  9814 E BluetoothPowerStatsCollector: 	at com.android.server.SystemServerInitThreadPool$$ExternalSyntheticLambda0.execute(R8$$SyntheticClass:0)
10-23 18:53:30.442  9769  9814 E BluetoothPowerStatsCollector: 	at android.bluetooth.BluetoothUtils.executeFromBinder(BluetoothUtils.java:343)
10-23 18:53:30.442  9769  9814 E BluetoothPowerStatsCollector: 	at android.bluetooth.BluetoothAdapter$OnBluetoothActivityEnergyInfoProxy.onBluetoothActivityEnergyInfoAvailable(BluetoothAdapter.java:1040)
10-23 18:53:30.442  9769  9814 E BluetoothPowerStatsCollector: 	at android.bluetooth.IBluetoothActivityEnergyInfoListener$Stub.onTransact(IBluetoothActivityEnergyInfoListener.java:98)
10-23 18:53:30.442  9769  9814 E BluetoothPowerStatsCollector: 	at android.os.Binder.execTransactInternal(Binder.java:1414)
10-23 18:53:30.442  9769  9814 E BluetoothPowerStatsCollector: 	at android.os.Binder.execTransact(Binder.java:1353)
10-23 18:53:37.566 10212 17003 I NearbyMediums: No BLE Fast/GATT advertisements found in the latest cycle.
10-23 18:53:42.185  9769 10260 D WifiNl80211Manager: Scan result ready event
10-23 18:53:42.185  9769 10260 D WifiNative: Scan result ready event
10-23 18:53:42.188 10212 10948 I WifiScanner: onFullResults
10-23 18:53:42.188 10212 10227 I WifiScanner: onFullResults
10-23 18:53:42.191  9769  9906 I HalDevMgr: bestIfaceCreationProposal is null, requestIface=STA, existingIface=[name=wlan0 type=STA]
10-23 18:53:47.569 10212 17003 I NearbyMediums: No BLE Fast/GATT advertisements found in the latest cycle.
10-23 18:53:57.572 10212 17003 I NearbyMediums: No BLE Fast/GATT advertisements found in the latest cycle.
10-23 18:54:03.280 10633 11013 I bcuu    : (REDACTED) getHotwordActive::active query: %s, watch: %s, devices connected: %s
10-23 18:54:07.574 10212 17003 I NearbyMediums: No BLE Fast/GATT advertisements found in the latest cycle.
10-23 18:54:17.577 10212 17003 I NearbyMediums: No BLE Fast/GATT advertisements found in the latest cycle.
10-23 18:54:18.222  9769  9954 D BackgroundInstallControlService: Package event received: 0
10-23 18:54:27.580 10212 17003 I NearbyMediums: No BLE Fast/GATT advertisements found in the latest cycle.
10-23 18:54:37.588 10212 17003 I NearbyMediums: No BLE Fast/GATT advertisements found in the latest cycle.
10-23 18:54:47.589 10212 17003 I NearbyMediums: No BLE Fast/GATT advertisements found in the latest cycle.
10-23 18:54:49.196  9769  9869 D ActivityManager: sync unfroze 15380 com.google.android.gms for 6
10-23 18:54:49.198  9769  9869 D ActivityManager: sync unfroze 15567 com.google.android.gms.unstable for 6
10-23 18:54:49.203 15380 15380 D BoundBrokerSvc: onUnbind: Intent { act=com.google.android.gms.common.BIND_SHARED_PREFS pkg=com.google.android.gms }
10-23 18:54:49.203  9769 10260 W ProcessStats: Tracking association SourceState{72558d7 com.google.android.gms/10145 Service #31898} whose proc state 8 is better than process ProcessState{81d0986 com.google.android.gms.unstable/10145 pkg=com.google.android.gms} proc state 14 (0 skipped)
10-23 18:54:49.224 10212 10212 D BoundBrokerSvc: onRebind: Intent { act=com.google.android.gms.auth.aang.events.services.START dat=chimera-action:/... cmp=com.google.android.gms/.chimera.PersistentApiService }
10-23 18:54:49.708  9769 10232 W AppOps  : Noting op not finished: uid 10145 pkg com.google.android.gms code 113 startTime of in progress event=1761240816898
10-23 18:54:49.710  9769 10232 W AppOps  : Noting op not finished: uid 10145 pkg com.google.android.gms code 113 startTime of in progress event=1761240816898
10-23 18:54:49.716  9769  9842 W AppOps  : Noting op not finished: uid 10145 pkg com.google.android.gms code 79 startTime of in progress event=1761240816898
10-23 18:54:49.718 10212 10961 I ActivityScheduler: nextTriggerTime: 6382430, in 238100ms, detectorType: 39, FULL_TYPE alarmWindowMillis: 80000
10-23 18:54:49.891 15380 15393 I flqz    : (REDACTED) Shared storage file not found for %s
10-23 18:54:49.907  9769 10764 D FileUtils: Rounded bytes from 3120066560 to 4000000000
10-23 18:54:50.717  9769 10764 W AppOps  : Noting op not finished: uid 10145 pkg com.google.android.gms code 113 startTime of in progress event=1761240816898
10-23 18:54:50.730 10212 10212 D BoundBrokerSvc: onRebind: Intent { act=com.google.android.gms.libs.gmscorelogger.service.START dat=chimera-action:/... cmp=com.google.android.gms/.chimera.PersistentDirectBootAwareApiService }
10-23 18:54:57.593 10212 16408 I NearbyMediums: No BLE Fast/GATT advertisements found in the latest cycle.
10-23 18:55:03.280 10633 11036 I bcuu    : (REDACTED) getHotwordActive::active query: %s, watch: %s, devices connected: %s
10-23 18:55:04.732 10212 10212 D BoundBrokerSvc: onUnbind: Intent { act=com.google.android.gms.auth.aang.events.services.START dat=chimera-action:/... cmp=com.google.android.gms/.chimera.PersistentApiService }
10-23 18:55:05.903 10212 10212 D BoundBrokerSvc: onUnbind: Intent { act=com.google.android.gms.libs.gmscorelogger.service.START dat=chimera-action:/... cmp=com.google.android.gms/.chimera.PersistentDirectBootAwareApiService }
10-23 18:55:06.974  9769  9865 D ActivityManager: freezing 15380 com.google.android.gms
10-23 18:55:06.976  9769  9865 D ActivityManager: freezing 15567 com.google.android.gms.unstable
10-23 18:55:07.595 10212 16408 I NearbyMediums: No BLE Fast/GATT advertisements found in the latest cycle.
10-23 18:55:14.429 16555 16605 I bluetooth: system/gd/hci/le_address_manager.cc:593 GetNextPrivateAddressIntervalRange: client=LeAddressManager, nonwake=7m12s, wake=14m53s
10-23 18:55:14.439 16555 16605 I bluetooth: system/gd/hci/le_address_manager.cc:792 OnCommandComplete: Received command complete with op_code LE_SET_RANDOM_ADDRESS(0x2005)
10-23 18:55:14.439 16555 16605 I bluetooth: system/gd/hci/le_address_manager.cc:812 OnCommandComplete: update random address : xx:xx:xx:xx:65:e1
10-23 18:55:14.439 16555 16605 I bluetooth: system/gd/hci/le_address_manager.cc:403 resume_registered_clients: Resuming registered clients
10-23 18:55:17.597 10212 16408 I NearbyMediums: No BLE Fast/GATT advertisements found in the latest cycle.
10-23 18:55:27.599 10212 16408 I NearbyMediums: No BLE Fast/GATT advertisements found in the latest cycle.
10-23 18:55:37.601 10212 16408 I NearbyMediums: No BLE Fast/GATT advertisements found in the latest cycle.
10-23 18:55:47.608 10212 16408 I NearbyMediums: No BLE Fast/GATT advertisements found in the latest cycle.
10-23 18:55:57.612 10212 16408 I NearbyMediums: No BLE Fast/GATT advertisements found in the latest cycle.
10-23 18:56:03.286 10633 11013 I bcuu    : (REDACTED) getHotwordActive::active query: %s, watch: %s, devices connected: %s
10-23 18:56:06.101 10053 10210 D ApfFilter: (wlan0): Adding RA fe80::2 -> ff02::1 1800s fec0::/64 86400s/14400s 
10-23 18:56:07.616 10212 16408 I NearbyMediums: No BLE Fast/GATT advertisements found in the latest cycle.
10-23 18:56:17.619 10212 16408 I NearbyMediums: No BLE Fast/GATT advertisements found in the latest cycle.
10-23 18:56:22.185  9769 10764 D WifiNl80211Manager: Scan result ready event
10-23 18:56:22.185  9769 10764 D WifiNative: Scan result ready event
10-23 18:56:22.188 10212 10948 I WifiScanner: onFullResults
10-23 18:56:22.188 10212 10947 I WifiScanner: onFullResults
10-23 18:56:22.193  9769  9906 I HalDevMgr: bestIfaceCreationProposal is null, requestIface=STA, existingIface=[name=wlan0 type=STA]
10-23 18:56:27.623 10212 16408 I NearbyMediums: No BLE Fast/GATT advertisements found in the latest cycle.
10-23 18:56:37.631 10212 16408 I NearbyMediums: No BLE Fast/GATT advertisements found in the latest cycle.
10-23 18:56:40.232 10212 16841 I AlarmManager: setExactAndAllowWhileIdle [name: GCM_HB_ALARM type: 2 triggerAtMillis: 6314845]
10-23 18:56:40.235 10212 16841 W WakeLock: GCM_HB_ALARM release without a matched acquire!
10-23 18:56:40.452 10212 16841 I AlarmManager: setExactAndAllowWhileIdle [name: GCM_HB_ALARM type: 2 triggerAtMillis: 6725065]
10-23 18:56:47.639 10212 16408 I NearbyMediums: No BLE Fast/GATT advertisements found in the latest cycle.
10-23 18:56:57.641 10212 16408 I NearbyMediums: No BLE Fast/GATT advertisements found in the latest cycle.
10-23 18:57:03.280 10633 11036 I bcuu    : (REDACTED) getHotwordActive::active query: %s, watch: %s, devices connected: %s
10-23 18:57:07.651 10212 16408 I NearbyMediums: No BLE Fast/GATT advertisements found in the latest cycle.
10-23 18:57:17.653 10212 16408 I NearbyMediums: No BLE Fast/GATT advertisements found in the latest cycle.
10-23 18:57:27.655 10212 16408 I NearbyMediums: No BLE Fast/GATT advertisements found in the latest cycle.
10-23 18:57:37.658 10212 16408 I NearbyMediums: No BLE Fast/GATT advertisements found in the latest cycle.
10-23 18:57:47.661 10212 16408 I NearbyMediums: No BLE Fast/GATT advertisements found in the latest cycle.
10-23 18:57:57.665 10212 16408 I NearbyMediums: No BLE Fast/GATT advertisements found in the latest cycle.
10-23 18:58:03.284 10633 11012 I bcuu    : (REDACTED) getHotwordActive::active query: %s, watch: %s, devices connected: %s
10-23 18:58:07.669 10212 16408 I NearbyMediums: No BLE Fast/GATT advertisements found in the latest cycle.
10-23 18:58:17.673 10212 16408 I NearbyMediums: No BLE Fast/GATT advertisements found in the latest cycle.
10-23 18:58:27.680 10212 16408 I NearbyMediums: No BLE Fast/GATT advertisements found in the latest cycle.
10-23 18:58:37.692 10212 16408 I NearbyMediums: No BLE Fast/GATT advertisements found in the latest cycle.
10-23 18:58:47.699 10212 16408 I NearbyMediums: No BLE Fast/GATT advertisements found in the latest cycle.
10-23 18:58:57.702 10212 16408 I NearbyMediums: No BLE Fast/GATT advertisements found in the latest cycle.
10-23 18:59:02.189  9769 10260 D WifiNl80211Manager: Scan result ready event
10-23 18:59:02.189  9769 10260 D WifiNative: Scan result ready event
10-23 18:59:02.191 10212 10819 I WifiScanner: onFullResults
10-23 18:59:02.191 10212 10947 I WifiScanner: onFullResults
10-23 18:59:02.195  9769  9906 I HalDevMgr: bestIfaceCreationProposal is null, requestIface=STA, existingIface=[name=wlan0 type=STA]
10-23 18:59:03.295 10633 10790 I bcuu    : (REDACTED) getHotwordActive::active query: %s, watch: %s, devices connected: %s
10-23 18:59:06.028 10557 10557 W TimedProcessReaper: Memory state is: 125
10-23 18:59:07.712 10212 16408 I NearbyMediums: No BLE Fast/GATT advertisements found in the latest cycle.
10-23 18:59:17.719 10212 16408 I NearbyMediums: No BLE Fast/GATT advertisements found in the latest cycle.
10-23 18:59:27.723 10212 16408 I NearbyMediums: No BLE Fast/GATT advertisements found in the latest cycle.
10-23 18:59:37.729 10212 16408 I NearbyMediums: No BLE Fast/GATT advertisements found in the latest cycle.
10-23 18:59:47.731 10212 16408 I NearbyMediums: No BLE Fast/GATT advertisements found in the latest cycle.
10-23 18:59:57.734 10212 16408 I NearbyMediums: No BLE Fast/GATT advertisements found in the latest cycle.
10-23 19:00:00.007  9769  9804 D ActivityManager: sync unfroze 11974 com.google.android.settings.intelligence for 3
10-23 19:00:00.010  9769  9804 D ActivityManager: sync unfroze 10163 com.android.settings for 3
10-23 19:00:00.012  9769  9804 D ActivityManager: sync unfroze 10742 com.android.keychain for 10
10-23 19:00:00.015  9769  9804 D ActivityManager: sync unfroze 11552 com.android.localtransport for 10
10-23 19:00:00.017  9769  9804 D ActivityManager: sync unfroze 11355 com.android.dynsystem:dynsystem for 10
10-23 19:00:00.018  9769  9804 D ActivityManager: sync unfroze 11317 com.android.dynsystem for 10
10-23 19:00:00.019  9769  9804 W ProcessStats: Tracking association SourceState{dea4e56 com.android.settings/1000 Service #31927} whose proc state 8 is better than process ProcessState{d75c6e7 com.google.android.settings.intelligence/10142 pkg=com.google.android.settings.intelligence} proc state 15 (1 skipped)
10-23 19:00:00.031 10163 10163 D PeriodicJobReceiver: refresh periodic job from action=com.android.settings.battery.action.PERIODIC_JOB_UPDATE
10-23 19:00:00.031 10163 15759 D BatteryUsageDataLoader: loadUsageDataSafely() in the AsyncTask
10-23 19:00:00.039 10163 10163 D PeriodicJobManager: schedule next alarm job at Oct 23, 2025, 20:00:00
10-23 19:00:00.040  9769  9814 E BluetoothPowerStatsCollector: Cannot acquire BluetoothActivityEnergyInfo
10-23 19:00:00.040  9769  9814 E BluetoothPowerStatsCollector: java.util.concurrent.ExecutionException: java.lang.RuntimeException: error: 11
10-23 19:00:00.040  9769  9814 E BluetoothPowerStatsCollector: 	at java.util.concurrent.CompletableFuture.reportGet(CompletableFuture.java:372)
10-23 19:00:00.040  9769  9814 E BluetoothPowerStatsCollector: 	at java.util.concurrent.CompletableFuture.get(CompletableFuture.java:2072)
10-23 19:00:00.040  9769  9814 E BluetoothPowerStatsCollector: 	at com.android.server.power.stats.BluetoothPowerStatsCollector.collectBluetoothActivityInfo(BluetoothPowerStatsCollector.java:192)
10-23 19:00:00.040  9769  9814 E BluetoothPowerStatsCollector: 	at com.android.server.power.stats.BluetoothPowerStatsCollector.collectStats(BluetoothPowerStatsCollector.java:155)
10-23 19:00:00.040  9769  9814 E BluetoothPowerStatsCollector: 	at com.android.server.power.stats.PowerStatsCollector.collectAndDeliverStats(PowerStatsCollector.java:176)
10-23 19:00:00.040  9769  9814 E BluetoothPowerStatsCollector: 	at com.android.server.power.stats.PowerStatsCollector$$ExternalSyntheticLambda0.run(R8$$SyntheticClass:0)
10-23 19:00:00.040  9769  9814 E BluetoothPowerStatsCollector: 	at android.os.Handler.handleCallback(Handler.java:995)
10-23 19:00:00.040  9769  9814 E BluetoothPowerStatsCollector: 	at android.os.Handler.dispatchMessage(Handler.java:103)
10-23 19:00:00.040  9769  9814 E BluetoothPowerStatsCollector: 	at android.os.Looper.loopOnce(Looper.java:248)
10-23 19:00:00.040  9769  9814 E BluetoothPowerStatsCollector: 	at android.os.Looper.loop(Looper.java:338)
10-23 19:00:00.040  9769  9814 E BluetoothPowerStatsCollector: 	at android.os.HandlerThread.run(HandlerThread.java:85)
10-23 19:00:00.040  9769  9814 E BluetoothPowerStatsCollector: Caused by: java.lang.RuntimeException: error: 11
10-23 19:00:00.040  9769  9814 E BluetoothPowerStatsCollector: 	at com.android.server.power.stats.BluetoothPowerStatsCollector$1.onBluetoothActivityEnergyInfoError(BluetoothPowerStatsCollector.java:181)
10-23 19:00:00.040  9769  9814 E BluetoothPowerStatsCollector: 	at android.bluetooth.BluetoothAdapter$OnBluetoothActivityEnergyInfoProxy.lambda$onBluetoothActivityEnergyInfoAvailable$0(BluetoothAdapter.java:1042)
10-23 19:00:00.040  9769  9814 E BluetoothPowerStatsCollector: 	at android.bluetooth.BluetoothAdapter$OnBluetoothActivityEnergyInfoProxy$$ExternalSyntheticLambda1.run(D8$$SyntheticClass:0)
10-23 19:00:00.040  9769  9814 E BluetoothPowerStatsCollector: 	at android.bluetooth.BluetoothUtils.lambda$executeFromBinder$0(BluetoothUtils.java:343)
10-23 19:00:00.040  9769  9814 E BluetoothPowerStatsCollector: 	at android.bluetooth.BluetoothUtils$$ExternalSyntheticLambda1.run(D8$$SyntheticClass:0)
10-23 19:00:00.040  9769  9814 E BluetoothPowerStatsCollector: 	at com.android.server.SystemServerInitThreadPool$$ExternalSyntheticLambda0.execute(R8$$SyntheticClass:0)
10-23 19:00:00.040  9769  9814 E BluetoothPowerStatsCollector: 	at android.bluetooth.BluetoothUtils.executeFromBinder(BluetoothUtils.java:343)
10-23 19:00:00.040  9769  9814 E BluetoothPowerStatsCollector: 	at android.bluetooth.BluetoothAdapter$OnBluetoothActivityEnergyInfoProxy.onBluetoothActivityEnergyInfoAvailable(BluetoothAdapter.java:1040)
10-23 19:00:00.040  9769  9814 E BluetoothPowerStatsCollector: 	at android.bluetooth.IBluetoothActivityEnergyInfoListener$Stub.onTransact(IBluetoothActivityEnergyInfoListener.java:98)
10-23 19:00:00.040  9769  9814 E BluetoothPowerStatsCollector: 	at android.os.Binder.execTransactInternal(Binder.java:1414)
10-23 19:00:00.040  9769  9814 E BluetoothPowerStatsCollector: 	at android.os.Binder.execTransact(Binder.java:1353)
10-23 19:00:00.062  9769 10735 D TelephonyManager: requestModemActivityInfo: Sending result to app: ModemActivityInfo{ mTimestamp=6454674 mSleepTimeMs=630 mIdleTimeMs=210 mActivityStatsTechSpecificInfo=[{mRat=UNKNOWN,mFrequencyRange=UNKNOWN,mTxTimeMs[]=[15, 45, 90, 120, 135],mRxTimeMs=135}]}
10-23 19:00:00.086  9769  9814 E BluetoothPowerStatsCollector: Cannot acquire BluetoothActivityEnergyInfo
10-23 19:00:00.086  9769  9814 E BluetoothPowerStatsCollector: java.util.concurrent.ExecutionException: java.lang.RuntimeException: error: 11
10-23 19:00:00.086  9769  9814 E BluetoothPowerStatsCollector: 	at java.util.concurrent.CompletableFuture.reportGet(CompletableFuture.java:372)
10-23 19:00:00.086  9769  9814 E BluetoothPowerStatsCollector: 	at java.util.concurrent.CompletableFuture.get(CompletableFuture.java:2072)
10-23 19:00:00.086  9769  9814 E BluetoothPowerStatsCollector: 	at com.android.server.power.stats.BluetoothPowerStatsCollector.collectBluetoothActivityInfo(BluetoothPowerStatsCollector.java:192)
10-23 19:00:00.086  9769  9814 E BluetoothPowerStatsCollector: 	at com.android.server.power.stats.BluetoothPowerStatsCollector.collectStats(BluetoothPowerStatsCollector.java:155)
10-23 19:00:00.086  9769  9814 E BluetoothPowerStatsCollector: 	at com.android.server.power.stats.PowerStatsCollector.collectAndDeliverStats(PowerStatsCollector.java:176)
10-23 19:00:00.086  9769  9814 E BluetoothPowerStatsCollector: 	at com.android.server.power.stats.PowerStatsCollector$$ExternalSyntheticLambda0.run(R8$$SyntheticClass:0)
10-23 19:00:00.086  9769  9814 E BluetoothPowerStatsCollector: 	at android.os.Handler.handleCallback(Handler.java:995)
10-23 19:00:00.086  9769  9814 E BluetoothPowerStatsCollector: 	at android.os.Handler.dispatchMessage(Handler.java:103)
10-23 19:00:00.086  9769  9814 E BluetoothPowerStatsCollector: 	at android.os.Looper.loopOnce(Looper.java:248)
10-23 19:00:00.086  9769  9814 E BluetoothPowerStatsCollector: 	at android.os.Looper.loop(Looper.java:338)
10-23 19:00:00.086  9769  9814 E BluetoothPowerStatsCollector: 	at android.os.HandlerThread.run(HandlerThread.java:85)
10-23 19:00:00.086  9769  9814 E BluetoothPowerStatsCollector: Caused by: java.lang.RuntimeException: error: 11
10-23 19:00:00.086  9769  9814 E BluetoothPowerStatsCollector: 	at com.android.server.power.stats.BluetoothPowerStatsCollector$1.onBluetoothActivityEnergyInfoError(BluetoothPowerStatsCollector.java:181)
10-23 19:00:00.086  9769  9814 E BluetoothPowerStatsCollector: 	at android.bluetooth.BluetoothAdapter$OnBluetoothActivityEnergyInfoProxy.lambda$onBluetoothActivityEnergyInfoAvailable$0(BluetoothAdapter.java:1042)
10-23 19:00:00.086  9769  9814 E BluetoothPowerStatsCollector: 	at android.bluetooth.BluetoothAdapter$OnBluetoothActivityEnergyInfoProxy$$ExternalSyntheticLambda1.run(D8$$SyntheticClass:0)
10-23 19:00:00.086  9769  9814 E BluetoothPowerStatsCollector: 	at android.bluetooth.BluetoothUtils.lambda$executeFromBinder$0(BluetoothUtils.java:343)
10-23 19:00:00.086  9769  9814 E BluetoothPowerStatsCollector: 	at android.bluetooth.BluetoothUtils$$ExternalSyntheticLambda1.run(D8$$SyntheticClass:0)
10-23 19:00:00.086  9769  9814 E BluetoothPowerStatsCollector: 	at com.android.server.SystemServerInitThreadPool$$ExternalSyntheticLambda0.execute(R8$$SyntheticClass:0)
10-23 19:00:00.086  9769  9814 E BluetoothPowerStatsCollector: 	at android.bluetooth.BluetoothUtils.executeFromBinder(BluetoothUtils.java:343)
10-23 19:00:00.086  9769  9814 E BluetoothPowerStatsCollector: 	at android.bluetooth.BluetoothAdapter$OnBluetoothActivityEnergyInfoProxy.onBluetoothActivityEnergyInfoAvailable(BluetoothAdapter.java:1040)
10-23 19:00:00.086  9769  9814 E BluetoothPowerStatsCollector: 	at android.bluetooth.IBluetoothActivityEnergyInfoListener$Stub.onTransact(IBluetoothActivityEnergyInfoListener.java:98)
10-23 19:00:00.086  9769  9814 E BluetoothPowerStatsCollector: 	at android.os.Binder.execTransactInternal(Binder.java:1414)
10-23 19:00:00.086  9769  9814 E BluetoothPowerStatsCollector: 	at android.os.Binder.execTransact(Binder.java:1353)
10-23 19:00:00.118  9769 10837 D TelephonyManager: requestModemActivityInfo: Sending result to app: ModemActivityInfo{ mTimestamp=6454730 mSleepTimeMs=672 mIdleTimeMs=224 mActivityStatsTechSpecificInfo=[{mRat=UNKNOWN,mFrequencyRange=UNKNOWN,mTxTimeMs[]=[16, 48, 96, 128, 144],mRxTimeMs=144}]}
10-23 19:00:00.149 10163 15759 D DataProcessor: getBatteryUsageStats() from BatteryStatsManager in 117/ms
10-23 19:00:00.149 10163 15759 W DataProcessor: shouldShowBatteryAttributionList(): 0.1
10-23 19:00:00.149 10163 15759 W BatteryUsageDataLoader: getBatteryEntryList() returns null or empty content
10-23 19:00:00.149 10163 15759 D BatteryUsageDataLoader: getBatteryUsageStats() in 117/ms
10-23 19:00:00.152 10163 15759 D DatabaseUtils: insert() data into database with isFullChargeStart:false
10-23 19:00:00.153 10163 15759 D DatabaseUtils: sendBatteryEntryData() size=1 in 4/ms
10-23 19:00:00.154 10163 15759 D BatteryUsageContentProvider: getQueryUserId from uri: content://com.android.settings.battery.usage.provider/appUsageLatestTimestamp?userid=0
10-23 19:00:00.154 10163 15759 D BatteryUsageContentProvider: getAppUsageLatestTimestamp() for user 0 in 0/ms
10-23 19:00:00.156 10163 15759 D DatabaseUtils: getAppUsageStartTimestampOfUser() userId=0 latestTimestamp=Oct 23, 2025, 18:27:20 in 2/ms
10-23 19:00:00.157 10163 15759 D DataProcessor: getAppUsageEventsForUser(): 0 from 1761240440233 to 1761242400154 in 1/ms
10-23 19:00:00.157 10163 15759 D DataProcessor: getAppUsageEvents() for all unlocked users in 3/ms
10-23 19:00:00.161 10163 15759 W DataProcessor: Read 37 relevant events (67 total) from UsageStatsManager
10-23 19:00:00.161 10163 15759 D BatteryUsageDataLoader: loadAppUsageData() size=37 in 7/ms
10-23 19:00:00.181 10163 15759 D DatabaseUtils: insert() app usage events data into database
10-23 19:00:00.181 10163 15759 D DatabaseUtils: sendAppUsageEventData() size=37 in 20/ms
10-23 19:00:00.182 10163 15759 D BatteryUsageContentProvider: getLastFullChargeTimestamp() in 0/ms
10-23 19:00:00.182 10163 15759 D DatabaseUtils: getLastFullChargeTime() lastFullChargeTime=Oct 23, 2025, 18:33:36 in 1/ms
10-23 19:00:00.182 10163 15759 D DatabaseUtils: getBatteryEvents for timestamp: 1761240816430
10-23 19:00:00.182 10163 15759 D BatteryUsageContentProvider: getQueryBatteryEventTypes from uri: content://com.android.settings.battery.usage.provider/BatteryEvent?timestamp=1761240816430&batteryEventType=3%2C4
10-23 19:00:00.182 10163 15759 D BatteryUsageContentProvider: getQueryTimestamp from uri: content://com.android.settings.battery.usage.provider/BatteryEvent?timestamp=1761240816430&batteryEventType=3%2C4
10-23 19:00:00.182 10163 15759 W BatteryUsageContentProvider: getBatteryEvents() in 0/ms
10-23 19:00:00.182 10163 15759 D DatabaseUtils: getBatteryEvents size=1 in 0/ms
10-23 19:00:00.182 10163 15759 D DataProcessManager: getPeriodBatteryLevelData() startTimestamp=Oct 23, 2025, 18:33:36
10-23 19:00:00.182 10163 15759 D DataProcessManager: execute getBatteryLevelData in 1/ms, batteryLevelRecordEvents.size=1
10-23 19:00:00.182 10163 15759 D BatteryUsageDataLoader: preprocessBatteryUsageSlots() no new battery usage data.
10-23 19:00:00.183 10163 15759 D BatteryUsageDataLoader: loadUsageDataSafely() in 152/ms
10-23 19:00:03.282 10633 10790 I bcuu    : (REDACTED) getHotwordActive::active query: %s, watch: %s, devices connected: %s
10-23 19:00:05.807 10053 17018 D NetworkMonitor/100: PROBE_DNS www.google.com 10ms FAIL in type ADDRCONFIG android.net.DnsResolver$DnsException: android.system.ErrnoException: resNetworkQuery failed: ENONET (Machine is not on the network)
10-23 19:00:05.807 10053 17019 D NetworkMonitor/100: PROBE_DNS connectivitycheck.gstatic.com 9ms FAIL in type ADDRCONFIG android.net.DnsResolver$DnsException: android.system.ErrnoException: resNetworkQuery failed: ENONET (Machine is not on the network)
10-23 19:00:05.813 10053 17018 D NetworkMonitor/100: PROBE_HTTPS https://www.google.com/generate_204 Probe failed with exception java.net.UnknownHostException: Unable to resolve host "www.google.com": No address associated with hostname
10-23 19:00:05.814 10053 17019 D NetworkMonitor/100: PROBE_HTTP http://connectivitycheck.gstatic.com/generate_204 Probe failed with exception java.net.UnknownHostException: Unable to resolve host "connectivitycheck.gstatic.com": No address associated with hostname
10-23 19:00:05.818 10053 17017 D NetworkMonitor/100: PROBE_FALLBACK http://play.googleapis.com/generate_204 Probe failed with exception java.net.UnknownHostException: Unable to resolve host "play.googleapis.com": No address associated with hostname
10-23 19:00:05.819 10053 17017 D NetworkMonitor/100: isCaptivePortal: isSuccessful()=false isPortal()=false RedirectUrl=null isPartialConnectivity()=false Time=24ms
10-23 19:00:05.822  9769  9912 D ConnectivityService: [100 CELLULAR] validation failed
10-23 19:00:07.736 10212 16408 I NearbyMediums: No BLE Fast/GATT advertisements found in the latest cycle.
10-23 19:00:08.373  9769 10735 W AppOps  : Noting op not finished: uid 10145 pkg com.google.android.gms code 113 startTime of in progress event=1761240816898
10-23 19:00:08.380  9769 10735 W AppOps  : Noting op not finished: uid 10145 pkg com.google.android.gms code 113 startTime of in progress event=1761240816898
10-23 19:00:08.393  9769 10764 W AppOps  : Noting op not finished: uid 10145 pkg com.google.android.gms code 79 startTime of in progress event=1761240816898
10-23 19:00:08.395 10212 10212 D BoundBrokerSvc: onRebind: Intent { act=com.google.android.gms.auth.aang.events.services.START dat=chimera-action:/... cmp=com.google.android.gms/.chimera.PersistentApiService }
10-23 19:00:08.399 10212 10961 I ActivityScheduler: nextTriggerTime: 6701111, in 238100ms, detectorType: 39, FULL_TYPE alarmWindowMillis: 80000
10-23 19:00:09.376  9769 10260 W AppOps  : Noting op not finished: uid 10145 pkg com.google.android.gms code 113 startTime of in progress event=1761240816898
10-23 19:00:09.393 10212 10212 D BoundBrokerSvc: onRebind: Intent { act=com.google.android.gms.libs.gmscorelogger.service.START dat=chimera-action:/... cmp=com.google.android.gms/.chimera.PersistentDirectBootAwareApiService }
10-23 19:00:10.041  9769  9856 W ProcessStats: Tracking association SourceState{dea4e56 com.android.settings/1000 Service #31944} whose proc state 8 is better than process ProcessState{d75c6e7 com.google.android.settings.intelligence/10142 pkg=com.google.android.settings.intelligence} proc state 15 (1 skipped)
10-23 19:00:17.740 10212 16408 I NearbyMediums: No BLE Fast/GATT advertisements found in the latest cycle.
10-23 19:00:20.055  9769  9865 D ActivityManager: freezing 10163 com.android.settings
10-23 19:00:20.057  9769  9865 D ActivityManager: freezing 11974 com.google.android.settings.intelligence
10-23 19:00:20.059  9769  9865 D ActivityManager: freezing 10742 com.android.keychain
10-23 19:00:20.059  9769  9865 D ActivityManager: freezing 11552 com.android.localtransport
10-23 19:00:20.060  9769  9865 D ActivityManager: freezing 11355 com.android.dynsystem:dynsystem
10-23 19:00:20.060  9769  9865 D ActivityManager: freezing 11317 com.android.dynsystem
10-23 19:00:20.126  9769  9912 D InetDiagMessage: Destroyed 0 sockets, proto=IPPROTO_TCP, family=AF_INET, states=14
10-23 19:00:20.126  9769  9912 D InetDiagMessage: Destroyed 0 sockets, proto=IPPROTO_TCP, family=AF_INET6, states=14
10-23 19:00:20.126  9769  9912 D InetDiagMessage: Destroyed live tcp sockets for uids={10142} in 0ms
10-23 19:00:23.430 10212 10212 D BoundBrokerSvc: onUnbind: Intent { act=com.google.android.gms.auth.aang.events.services.START dat=chimera-action:/... cmp=com.google.android.gms/.chimera.PersistentApiService }
10-23 19:00:24.409 10212 10212 D BoundBrokerSvc: onUnbind: Intent { act=com.google.android.gms.libs.gmscorelogger.service.START dat=chimera-action:/... cmp=com.google.android.gms/.chimera.PersistentDirectBootAwareApiService }
10-23 19:00:27.743 10212 16408 I NearbyMediums: No BLE Fast/GATT advertisements found in the latest cycle.
10-23 19:00:37.747 10212 16408 I NearbyMediums: No BLE Fast/GATT advertisements found in the latest cycle.
10-23 19:00:47.754 10212 16408 I NearbyMediums: No BLE Fast/GATT advertisements found in the latest cycle.
10-23 19:00:57.755 10212 16408 I NearbyMediums: No BLE Fast/GATT advertisements found in the latest cycle.
10-23 19:01:03.283 10633 10790 I bcuu    : (REDACTED) getHotwordActive::active query: %s, watch: %s, devices connected: %s
10-23 19:01:05.163 10053 10210 D ApfFilter: (wlan0): Ignoring RA RA fe80::2 -> ff02::1 1800s fec0::/64 86400s/14400s  which matches RA fe80::2 -> ff02::1 1800s fec0::/64 86400s/14400s 
10-23 19:01:07.761 10212 16408 I NearbyMediums: No BLE Fast/GATT advertisements found in the latest cycle.
10-23 19:01:17.374 16555 16605 I bluetooth: system/gd/hci/le_advertising_manager.cc:864 set_advertising_set_random_address_on_timer: Scheduling address rotation for advertiser_id=1
10-23 19:01:17.374 16555 16605 I bluetooth: system/gd/hci/le_address_manager.cc:593 GetNextPrivateAddressIntervalRange: client=advertising_set_1, nonwake=7m3s, wake=14m52s
10-23 19:01:17.381 16555 16605 E bluetooth: system/gd/hci/le_advertising_manager.cc:1778 on_set_advertising_set_random_address_complete: Got a command complete with status COMMAND_DISALLOWED(0x0c)
10-23 19:01:17.764 10212 16408 I NearbyMediums: No BLE Fast/GATT advertisements found in the latest cycle.
10-23 19:01:27.042 16555 16605 I bluetooth: system/gd/hci/le_advertising_manager.cc:864 set_advertising_set_random_address_on_timer: Scheduling address rotation for advertiser_id=0
10-23 19:01:27.043 16555 16605 I bluetooth: system/gd/hci/le_address_manager.cc:593 GetNextPrivateAddressIntervalRange: client=advertising_set_0, nonwake=8m47s, wake=14m1s
10-23 19:01:27.046 16555 16605 E bluetooth: system/gd/hci/le_advertising_manager.cc:1778 on_set_advertising_set_random_address_complete: Got a command complete with status COMMAND_DISALLOWED(0x0c)
10-23 19:01:27.768 10212 16408 I NearbyMediums: No BLE Fast/GATT advertisements found in the latest cycle.
10-23 19:01:37.774 10212 16408 I NearbyMediums: No BLE Fast/GATT advertisements found in the latest cycle.
10-23 19:01:42.191  9769 10260 D WifiNl80211Manager: Scan result ready event
10-23 19:01:42.192  9769 10260 D WifiNative: Scan result ready event
10-23 19:01:42.193 10212 10948 I WifiScanner: onFullResults
10-23 19:01:42.193 10212 10819 I WifiScanner: onFullResults
10-23 19:01:42.196  9769  9906 I HalDevMgr: bestIfaceCreationProposal is null, requestIface=STA, existingIface=[name=wlan0 type=STA]
10-23 19:01:47.777 10212 16408 I NearbyMediums: No BLE Fast/GATT advertisements found in the latest cycle.
10-23 19:01:57.780 10212 16408 I NearbyMediums: No BLE Fast/GATT advertisements found in the latest cycle.
10-23 19:02:03.285 10633 11036 I bcuu    : (REDACTED) getHotwordActive::active query: %s, watch: %s, devices connected: %s
10-23 19:02:07.784 10212 16408 I NearbyMediums: No BLE Fast/GATT advertisements found in the latest cycle.
10-23 19:02:17.785 10212 16408 I NearbyMediums: No BLE Fast/GATT advertisements found in the latest cycle.
10-23 19:02:26.636 16555 16605 I bluetooth: system/gd/hci/le_address_manager.cc:593 GetNextPrivateAddressIntervalRange: client=LeAddressManager, nonwake=8m3s, wake=14m20s
10-23 19:02:26.646 16555 16605 I bluetooth: system/gd/hci/le_address_manager.cc:792 OnCommandComplete: Received command complete with op_code LE_SET_RANDOM_ADDRESS(0x2005)
10-23 19:02:26.646 16555 16605 I bluetooth: system/gd/hci/le_address_manager.cc:812 OnCommandComplete: update random address : xx:xx:xx:xx:36:40
10-23 19:02:26.646 16555 16605 I bluetooth: system/gd/hci/le_address_manager.cc:403 resume_registered_clients: Resuming registered clients
10-23 19:02:27.786 10212 16408 I NearbyMediums: No BLE Fast/GATT advertisements found in the latest cycle.
10-23 19:02:37.788 10212 16408 I NearbyMediums: No BLE Fast/GATT advertisements found in the latest cycle.
10-23 19:02:47.790 10212 16408 I NearbyMediums: No BLE Fast/GATT advertisements found in the latest cycle.
10-23 19:02:57.794 10212 16408 I NearbyMediums: No BLE Fast/GATT advertisements found in the latest cycle.
10-23 19:02:59.249  9769  9855 I UsageStatsService: User[0] Flushing usage stats to disk
10-23 19:02:59.277  9769  9954 D BackgroundInstallControlService: Package event received: 0
10-23 19:03:01.034  9992 10086 D ControlsListingControllerImpl: Subscribing callback, service count: 0
10-23 19:03:01.039  9992 10086 I QuickAccessWalletTile: QAW service is unavailable, recreating the wallet client.
10-23 19:03:01.051  9992 10086 D ControlsListingControllerImpl: Unsubscribing callback
10-23 19:03:03.291 10633 10790 I bcuu    : (REDACTED) getHotwordActive::active query: %s, watch: %s, devices connected: %s
10-23 19:03:07.800 10212 16408 I NearbyMediums: No BLE Fast/GATT advertisements found in the latest cycle.
10-23 19:03:17.805 10212 16408 I NearbyMediums: No BLE Fast/GATT advertisements found in the latest cycle.
10-23 19:03:27.806 10212 16408 I NearbyMediums: No BLE Fast/GATT advertisements found in the latest cycle.
10-23 19:03:37.810 10212 16408 I NearbyMediums: No BLE Fast/GATT advertisements found in the latest cycle.
10-23 19:03:47.814 10212 16408 I NearbyMediums: No BLE Fast/GATT advertisements found in the latest cycle.
10-23 19:03:57.817 10212 16408 I NearbyMediums: No BLE Fast/GATT advertisements found in the latest cycle.
10-23 19:04:03.288 10633 11013 I bcuu    : (REDACTED) getHotwordActive::active query: %s, watch: %s, devices connected: %s
10-23 19:04:07.818 10212 16408 I NearbyMediums: No BLE Fast/GATT advertisements found in the latest cycle.
10-23 19:04:14.344  9769  9781 I system_server: Background concurrent mark compact GC freed 23MB AllocSpace bytes, 31(1252KB) LOS objects, 42% free, 32MB/56MB, paused 594us,1.230ms total 169.947ms
10-23 19:04:14.345  9769  9782 I BpBinder: onLastStrongRef automatically unlinking death recipients: 
10-23 19:04:14.359  9769  9783 W System  : A resource failed to call release. 
10-23 19:04:14.924 16885 16887 I AidlLazyServiceRegistrar: Process has 0 (of 1 available) client(s) in use after notification artd has clients: 0
10-23 19:04:14.924 16885 16887 I AidlLazyServiceRegistrar: Trying to shut down the service. No clients in use for any service in process.
10-23 19:04:14.927 16885 16887 I AidlLazyServiceRegistrar: Unregistered all clients and exiting
10-23 19:04:17.821 10212 16408 I NearbyMediums: No BLE Fast/GATT advertisements found in the latest cycle.
10-23 19:04:22.196  9769 10232 D WifiNl80211Manager: Scan result ready event
10-23 19:04:22.197  9769 10232 D WifiNative: Scan result ready event
10-23 19:04:22.199 10212 10947 I WifiScanner: onFullResults
10-23 19:04:22.199 10212 10948 I WifiScanner: onFullResults
10-23 19:04:22.203  9769  9906 I HalDevMgr: bestIfaceCreationProposal is null, requestIface=STA, existingIface=[name=wlan0 type=STA]
10-23 19:04:27.825 10212 16408 I NearbyMediums: No BLE Fast/GATT advertisements found in the latest cycle.
10-23 19:04:30.454  9769  9954 D BackgroundInstallControlService: Package event received: 0
10-23 19:04:30.458 10212 17027 I AlarmManager: setExactAndAllowWhileIdle [name: GCM_HB_ALARM type: 2 triggerAtMillis: 6785070]
10-23 19:04:30.459 10212 17027 W WakeLock: GCM_HB_ALARM release without a matched acquire!
10-23 19:04:30.717 10212 17029 I AlarmManager: setExactAndAllowWhileIdle [name: GCM_HB_ALARM type: 2 triggerAtMillis: 7195330]
10-23 19:04:37.828 10212 16408 I NearbyMediums: No BLE Fast/GATT advertisements found in the latest cycle.
10-23 19:04:47.835 10212 16408 I NearbyMediums: No BLE Fast/GATT advertisements found in the latest cycle.
10-23 19:04:57.836 10212 16408 I NearbyMediums: No BLE Fast/GATT advertisements found in the latest cycle.
10-23 19:05:03.279 10633 11013 I bcuu    : (REDACTED) getHotwordActive::active query: %s, watch: %s, devices connected: %s
10-23 19:05:07.837 10212 16408 I NearbyMediums: No BLE Fast/GATT advertisements found in the latest cycle.
10-23 19:05:17.844 10212 16408 I NearbyMediums: No BLE Fast/GATT advertisements found in the latest cycle.
10-23 19:05:25.040  9769  9965 E ClipboardService: Denying clipboard access to com.android.chrome, application is not in focus nor is it a system service for user 0
10-23 19:05:25.042  9992  9992 I ClipboardListener: Clipboard overlay suppressed.
10-23 19:05:25.046 10604 10884 I AiAiTranslate: C2T - not in a conversation
10-23 19:05:25.076 10604 10920 I AiAiTextClassifier: GenerateLinks did not find valid links, returning empty result
10-23 19:05:26.539  9769  9856 D ActivityManager: sync unfroze 10966 com.google.android.apps.messaging for 6
10-23 19:05:26.539 10966 10966 D WM-DelayedWorkTracker: Scheduling work 9f65e9c1-ab2b-4ef7-9b91-5a103c040c35
10-23 19:05:26.544 10966 10966 D WM-GreedyScheduler: Starting tracking for 9f65e9c1-ab2b-4ef7-9b91-5a103c040c35
10-23 19:05:26.546  9769  9769 W ProcessStats: Tracking association SourceState{bfa066a system/1000 ImpBg #31957} whose proc state 6 is better than process ProcessState{a10eb5d com.google.android.apps.messaging/10144 pkg=com.google.android.apps.messaging} proc state 15 (0 skipped)
10-23 19:05:26.549  9769  9954 D BackgroundInstallControlService: Package event received: 0
10-23 19:05:26.549  9769  9954 D BackgroundInstallControlService: Package event received: 0
10-23 19:05:26.550  9769  9954 D BackgroundInstallControlService: Package event received: 0
10-23 19:05:26.550  9769  9954 D BackgroundInstallControlService: Package event received: 0
10-23 19:05:26.550  9769  9954 D BackgroundInstallControlService: Package event received: 0
10-23 19:05:26.550  9769  9954 D BackgroundInstallControlService: Package event received: 0
10-23 19:05:26.550  9769  9954 D BackgroundInstallControlService: Package event received: 0
10-23 19:05:26.551  9769  9954 D BackgroundInstallControlService: Package event received: 0
10-23 19:05:26.551  9769  9954 D BackgroundInstallControlService: Package event received: 0
10-23 19:05:26.551  9769  9954 D BackgroundInstallControlService: Package event received: 0
10-23 19:05:26.553 10966 10966 D WM-DelayedWorkTracker: Scheduling work 01aadb3a-f514-4f2e-97ed-568197f7df97
10-23 19:05:26.554 10966 10966 D WM-GreedyScheduler: Starting tracking for 01aadb3a-f514-4f2e-97ed-568197f7df97
10-23 19:05:26.554 10966 10966 D WM-DelayedWorkTracker: Scheduling work f7f97239-4ed4-487d-a69b-451e76bf82e5
10-23 19:05:26.554 10966 10966 D WM-GreedyScheduler: Starting work for f7f97239-4ed4-487d-a69b-451e76bf82e5
10-23 19:05:26.563 10966 17039 D WM-Processor: mcx: processing WorkGenerationalId(workSpecId=f7f97239-4ed4-487d-a69b-451e76bf82e5, generation=0)
10-23 19:05:26.564 10966 10966 D ActivityThread: Package [com.alcineo.bonappetit] reported as REPLACED, but missing application info. Assuming REMOVED.
10-23 19:05:26.565 10966 10966 D ActivityThread: Package [com.alcineo.bonappetit] reported as REPLACED, but missing application info. Assuming REMOVED.
10-23 19:05:26.568 10966 17039 D MddListenableWorkerFactory: createWorker for class: com.google.apps.tiktok.contrib.work.TikTokListenableWorker
10-23 19:05:26.570 10966 11032 W Bugle   : TextClassifierLibManagerImpl: Reclaiming memory at level: 40
10-23 19:05:26.572 10966 10966 D WM-SystemJobService: onStartJob for WorkGenerationalId(workSpecId=f7f97239-4ed4-487d-a69b-451e76bf82e5, generation=0)
10-23 19:05:26.572 10966 10966 D WM-SystemJobService: onStartJob for WorkGenerationalId(workSpecId=01aadb3a-f514-4f2e-97ed-568197f7df97, generation=0)
10-23 19:05:26.573 10966 10966 D WM-WorkerWrapper: Starting work for com.google.apps.tiktok.contrib.work.TikTokListenableWorker
10-23 19:05:26.575 10966 17039 D WM-Processor: Work WorkGenerationalId(workSpecId=f7f97239-4ed4-487d-a69b-451e76bf82e5, generation=0) is already enqueued for processing
10-23 19:05:26.575 10966 10966 I SyncManagerImpl: #sync(). Running Synclets and scheduling next sync.
10-23 19:05:26.576 10966 17040 D WM-Processor: mcx: processing WorkGenerationalId(workSpecId=01aadb3a-f514-4f2e-97ed-568197f7df97, generation=0)
10-23 19:05:26.578 10966 17039 D MddListenableWorkerFactory: createWorker for class: com.google.android.apps.messaging.shared.rcsprovisioning.RcsProvisioningListenableWorker
10-23 19:05:26.582 10966 11020 I SyncManagerImpl: Running synclets: [TemplateFetcherSynclet]
10-23 19:05:26.583 10966 10966 D WM-WorkerWrapper: Starting work for com.google.android.apps.messaging.shared.rcsprovisioning.RcsProvisioningListenableWorker
10-23 19:05:26.583 10966 10966 I BugleRcsWorker: [seqId=6][workId=3fbf47b7-829c-48e8-ab4f-ba0ad06a50ca] RCS provisioning task has started
10-23 19:05:26.583 10966 11056 I SyncManagerImpl: Starting synclet: TemplateFetcherSynclet
10-23 19:05:26.583 10966 17040 D WM-GreedyScheduler: Constraints not met: Cancelling work ID WorkGenerationalId(workSpecId=9f65e9c1-ab2b-4ef7-9b91-5a103c040c35, generation=0)
10-23 19:05:26.585 10966 17040 D WM-GreedyScheduler: Constraints met: Scheduling work ID WorkGenerationalId(workSpecId=01aadb3a-f514-4f2e-97ed-568197f7df97, generation=0)
10-23 19:05:26.586 10966 17040 D WM-Processor: Work WorkGenerationalId(workSpecId=01aadb3a-f514-4f2e-97ed-568197f7df97, generation=0) is already enqueued for processing
10-23 19:05:26.587 10966 11032 I SyncManagerImpl: #sync() complete
10-23 19:05:26.587 10966 17041 I WM-WorkerWrapper: Worker result SUCCESS for Work [ id=f7f97239-4ed4-487d-a69b-451e76bf82e5, tags={ com.google.apps.tiktok.contrib.work.TikTokListenableWorker,com.google.apps.tiktok.sync.impl.workmanager.SyncWorker,TikTokWorker#com.google.apps.tiktok.sync.impl.workmanager.SyncWorker } ]
10-23 19:05:26.588 10966 11020 I SyncManagerImpl: Completed sync. Scheduling next wakeup
10-23 19:05:26.588 10966 10966 D WM-Processor: mcx f7f97239-4ed4-487d-a69b-451e76bf82e5 executed; reschedule = false
10-23 19:05:26.588 10966 10966 D WM-SystemJobService: f7f97239-4ed4-487d-a69b-451e76bf82e5 executed on JobScheduler
10-23 19:05:26.588 10966 11020 I SyncWorkManagerOneTimeS: Scheduling next onetime WorkManager workers
10-23 19:05:26.592 10966 17041 D WM-GreedyScheduler: Cancelling work ID f7f97239-4ed4-487d-a69b-451e76bf82e5
10-23 19:05:26.593 10966 17039 I BugleRcsWorker: [seqId=6][workId=3fbf47b7-829c-48e8-ab4f-ba0ad06a50ca] Starting StateMachine, trigger is STATE_MACHINE_RETRY
10-23 19:05:26.594 10966 17041 D WM-GreedyScheduler: Ignoring {WorkSpec: f28fcb7d-b8df-47ee-b40b-80ce278fdeb6}. Requires device idle.
10-23 19:05:26.594 10966 17041 D WM-GreedyScheduler: Ignoring {WorkSpec: 72f190db-d1b3-4381-9c5f-c4485b5e7b14}. Requires device idle.
10-23 19:05:26.594 10966 17041 D WM-GreedyScheduler: Ignoring {WorkSpec: bcde1cf0-3a92-4969-9911-16e4ae9a7f57}. Requires device idle.
10-23 19:05:26.594 10966 17041 D WM-GreedyScheduler: Ignoring {WorkSpec: 32cd719b-307d-4bd7-90dd-d3b3a288d4af}. Requires device idle.
10-23 19:05:26.594 10966 17041 D WM-GreedyScheduler: Starting tracking for 524fd008-d31f-4feb-9b05-f3aade955255,b978bcc9-5794-4b9f-8323-799cdc41fa41,9f65e9c1-ab2b-4ef7-9b91-5a103c040c35,cd3ceb9a-67a8-4d20-a6a1-3b352cd558f8
10-23 19:05:26.594 10966 17039 I BugleRcsEngine: start PEv2, trigger is STATE_MACHINE_RETRY, workerId is 3fbf47b7-829c-48e8-ab4f-ba0ad06a50ca [null] [CONTEXT log_prefix="(PEv2-SM144914795-DefaultCallSmsData-1-163)" thread_id=176 ]
10-23 19:05:26.595 10966 17039 I BugleRcsEngine: Created new RcsProvisioningProtoDataStorage for sim redacted-pii:sim_id[chars:20,last3:897] [CONTEXT thread_id=176 ]
10-23 19:05:26.596 10966 17039 I BugleRcsEngine: No RCS Configuration was found in Bugle for simID: redacted-pii:sim_id[chars:20,last3:897] [CONTEXT log_prefix="ProvisioningEngineDataRetriever" thread_id=176 ]
10-23 19:05:26.597 10966 17039 I BugleRcsEngine: start [null] [CONTEXT log_prefix="(PEv2-SM144914795-DefaultCallSmsData-1-163)" thread_id=176 ]
10-23 19:05:26.597 10966 17042 I BugleRcsEngine: Enter EnabledState [null] [CONTEXT log_prefix="(PEv2-SM144914795-DefaultCallSmsData-1-163)" thread_id=179 ]
10-23 19:05:26.599 10966 17041 D WM-SystemJobScheduler: Scheduling work ID a2961585-7e9e-490d-b19d-242ddbeb2660Job ID 1064
10-23 19:05:26.600 10966 17041 D WM-GreedyScheduler: Ignoring {WorkSpec: f28fcb7d-b8df-47ee-b40b-80ce278fdeb6}. Requires device idle.
10-23 19:05:26.600 10966 17041 D WM-GreedyScheduler: Ignoring {WorkSpec: 72f190db-d1b3-4381-9c5f-c4485b5e7b14}. Requires device idle.
10-23 19:05:26.600 10966 17041 D WM-GreedyScheduler: Ignoring {WorkSpec: bcde1cf0-3a92-4969-9911-16e4ae9a7f57}. Requires device idle.
10-23 19:05:26.600 10966 17041 D WM-GreedyScheduler: Ignoring {WorkSpec: 32cd719b-307d-4bd7-90dd-d3b3a288d4af}. Requires device idle.
10-23 19:05:26.600 10966 17041 D WM-GreedyScheduler: Starting tracking for 524fd008-d31f-4feb-9b05-f3aade955255,b978bcc9-5794-4b9f-8323-799cdc41fa41,9f65e9c1-ab2b-4ef7-9b91-5a103c040c35,cd3ceb9a-67a8-4d20-a6a1-3b352cd558f8
10-23 19:05:26.601 10966 17039 D WM-Processor: Processor cancelling f3e41cdb-ef43-4e62-9cc8-fa943933d7a9
10-23 19:05:26.601 10966 17039 D WM-Processor: WorkerWrapper could not be found for f3e41cdb-ef43-4e62-9cc8-fa943933d7a9
10-23 19:05:26.602 10966 17042 W BugleRcsEngine: Unable to send diagnostic log [CONTEXT thread_id=179 ]
10-23 19:05:26.602 10966 17039 D WM-GreedyScheduler: Cancelling work ID f3e41cdb-ef43-4e62-9cc8-fa943933d7a9
10-23 19:05:26.604 10966 17039 D WM-SystemJobScheduler: Scheduling work ID 0c8182b3-c700-488e-b625-c2b28ed99315Job ID 1065
10-23 19:05:26.605 10966 17039 D WM-GreedyScheduler: Ignoring {WorkSpec: f28fcb7d-b8df-47ee-b40b-80ce278fdeb6}. Requires device idle.
10-23 19:05:26.605 10966 17039 D WM-GreedyScheduler: Ignoring {WorkSpec: 72f190db-d1b3-4381-9c5f-c4485b5e7b14}. Requires device idle.
10-23 19:05:26.605 10966 17039 D WM-GreedyScheduler: Ignoring {WorkSpec: bcde1cf0-3a92-4969-9911-16e4ae9a7f57}. Requires device idle.
10-23 19:05:26.605 10966 17039 D WM-GreedyScheduler: Ignoring {WorkSpec: 32cd719b-307d-4bd7-90dd-d3b3a288d4af}. Requires device idle.
10-23 19:05:26.605 10966 17039 D WM-GreedyScheduler: Starting tracking for 524fd008-d31f-4feb-9b05-f3aade955255,b978bcc9-5794-4b9f-8323-799cdc41fa41,9f65e9c1-ab2b-4ef7-9b91-5a103c040c35,cd3ceb9a-67a8-4d20-a6a1-3b352cd558f8
10-23 19:05:26.606 10966 17041 D WM-Processor: Processor cancelling 9f65e9c1-ab2b-4ef7-9b91-5a103c040c35
10-23 19:05:26.606 10966 17041 D WM-Processor: WorkerWrapper could not be found for 9f65e9c1-ab2b-4ef7-9b91-5a103c040c35
10-23 19:05:26.607 10966 17042 I BugleRcsEngine: Sending ProvisioningEvent to Bugle [Send Provisioning Session ID (18)], redacted-pii:[chars:65] [CONTEXT thread_id=179 ]
10-23 19:05:26.608 10966 17042 I BugleRcsEngine: Broadcasting provisioning intent com.google.android.ims.provisioning.engine.provisioningEventAction to Bugle with extras redacted-pii:[chars:223] from source PROVISIONING_EVENT [CONTEXT log_prefix="EngineBroadcaster" thread_id=179 ]
10-23 19:05:26.609 10966 17041 D WM-GreedyScheduler: Cancelling work ID 9f65e9c1-ab2b-4ef7-9b91-5a103c040c35
10-23 19:05:26.612 10966 17040 I BugleRcsProvisioning: RcsProvisioningEventReceiver: Received ProvisioningEvent: Send Provisioning Session ID
10-23 19:05:26.612 10966 17042 I BugleRcsEngine: Start a new provisioning session [09ae27da-bbca-452d-8fbf-a9052206e594] [CONTEXT log_prefix="(PEv2-SM144914795-DefaultCallSmsData-1-163)" thread_id=179 ]
10-23 19:05:26.613 10966 17042 I BugleRcsEngine: No RCS Configuration was found in Bugle for simID: redacted-pii:sim_id[chars:20,last3:897] [CONTEXT log_prefix="ProvisioningEngineDataRetriever" thread_id=179 ]
10-23 19:05:26.613 10966 17040 I Bugle   : BroadcastReceiverAsyncWorkTracker: Acknowledging broadcast of com.google.android.apps.messaging.shared.receiver.RcsProvisioningEventReceiver@77fdce0
10-23 19:05:26.620 10966 17041 D WM-SystemJobScheduler: Scheduling work ID b42c448d-8b59-4431-ae27-4d056fa89d5aJob ID 1066
10-23 19:05:26.621 10966 17041 D WM-GreedyScheduler: Ignoring {WorkSpec: f28fcb7d-b8df-47ee-b40b-80ce278fdeb6}. Requires device idle.
10-23 19:05:26.621 10966 17041 D WM-GreedyScheduler: Ignoring {WorkSpec: 72f190db-d1b3-4381-9c5f-c4485b5e7b14}. Requires device idle.
10-23 19:05:26.621 10966 17041 D WM-GreedyScheduler: Ignoring {WorkSpec: bcde1cf0-3a92-4969-9911-16e4ae9a7f57}. Requires device idle.
10-23 19:05:26.621 10966 17041 D WM-GreedyScheduler: Ignoring {WorkSpec: 32cd719b-307d-4bd7-90dd-d3b3a288d4af}. Requires device idle.
10-23 19:05:26.621 10966 17041 D WM-GreedyScheduler: Starting tracking for 524fd008-d31f-4feb-9b05-f3aade955255,b978bcc9-5794-4b9f-8323-799cdc41fa41,cd3ceb9a-67a8-4d20-a6a1-3b352cd558f8
10-23 19:05:26.622 10966 17041 I SyncWorkManagerOneTimeS: Successfully scheduled next onetime workers
10-23 19:05:26.627 10966 17042 I BugleRcsEngine: [SR]: Single Registration is disabled. Skipping Single Registration capability check for subId: 1, OS.isAtLeastS:[true], enableSingleRegistrationProvisioning:[false] [CONTEXT thread_id=179 ]
10-23 19:05:26.628 10966 17042 I BugleRcsEngine: No RCS Configuration was found in Bugle for simID: redacted-pii:sim_id[chars:20,last3:897] [CONTEXT log_prefix="ProvisioningEngineDataRetriever" thread_id=179 ]
10-23 19:05:26.628 10966 17042 I BugleRcsProvisioning: RcsAvailability configuration availability and enabled status: simId: redacted-pii:sim_id[chars:20,last3:897], SipConnectionType: DUAL_REG, isConfigurationAvailableAndEnabled: false
