10-23 18:41:57.047  9992 10004 W System  : A resource failed to call release. 
10-23 18:41:57.047  9992 10004 W System  : A resource failed to call release. 
10-23 18:41:57.047  9992 10004 W System  : A resource failed to call release. 
10-23 18:41:57.047  9992 10004 W System  : A resource failed to call release. 
10-23 18:41:57.047  9992 10004 W System  : A resource failed to call release. 
10-23 18:41:57.047  9992 10004 W System  : A resource failed to call release. 
10-23 18:41:57.047  9992 10004 W System  : A resource failed to call release. 
10-23 18:41:57.047  9992 10004 W System  : A resource failed to call release. 
10-23 18:41:57.047  9992 10004 W System  : A resource failed to call release. 
10-23 18:41:57.047  9992 10004 W System  : A resource failed to call release. 
10-23 18:41:57.047  9992 10004 W System  : A resource failed to call release. 
10-23 18:41:57.047  9992 10004 W System  : A resource failed to call release. 
10-23 18:41:57.047  9992 10004 W System  : A resource failed to call release. 
10-23 18:41:57.047  9992 10004 W System  : A resource failed to call release. 
10-23 18:41:57.047  9992 10004 W System  : A resource failed to call release. 
10-23 18:41:57.047  9992 10004 W System  : A resource failed to call release. 
10-23 18:41:57.047  9992 10004 W System  : A resource failed to call release. 
10-23 18:41:57.299  9992 10065 V WindowManagerShell: Transition animation finished (aborted=false), notifying core (#56) android.os.BinderProxy@27d8d0a@0
10-23 18:41:57.301  9769  9789 V WindowManager: Finish Transition (#56): created at 10-23 18:41:56.892 collect-started=0.029ms request-sent=0.102ms started=12.363ms ready=32.779ms sent=36.698ms commit=53.355ms finished=407.764ms
10-23 18:41:57.304  9992 10065 V WindowManagerShell: Track 0 became idle
10-23 18:41:57.304  9992 10065 V WindowManagerShell: All active transition animations finished
10-23 18:41:57.304 10134 10134 D RecentsView: onTaskRemoved: 24, not handling task stack changes
10-23 18:41:57.304 10134 10134 D RecentsView: onTaskRemoved: 24, not handling task stack changes
10-23 18:41:57.307 10212 14898 I NearbyMediums: No BLE Fast/GATT advertisements found in the latest cycle.
10-23 18:41:57.393  9769  9792 W ActivityTaskManager: Activity top resumed state loss timeout for ActivityRecord{90777428 u0 com.alcineo.bonappetit/.ui.MainActivity t-1 f}}
10-23 18:41:57.402 10604 10604 I AiAiTextClassifier: onDestroyTextClassificationSession = TextClassificationSessionId {6a84cd2f-fbbf-409e-b554-f892bb0b3b9a}
10-23 18:41:57.406 10604 10604 I AiAiTextClassifier: onDestroyTextClassificationSession = TextClassificationSessionId {3a009206-3d42-4105-9c2d-bbffe2222d91}
10-23 18:41:57.409  9769  9783 W System  : A resource failed to call release. 
10-23 18:41:57.409  9769  9783 W System  : A resource failed to call release. 
10-23 18:41:57.409  9769  9783 W System  : A resource failed to call release. 
10-23 18:41:59.449  9708 12947 D android.hardware.audio@7.1-impl.ranchu: threadLoop: entering standby, frames: 3834112
10-23 18:41:59.449  9708 12947 D android.hardware.audio@7.1-impl.ranchu: ~TinyalsaSink: stopping PCM stream
10-23 18:41:59.453  9708 12947 D android.hardware.audio@7.1-impl.ranchu: ~TinyalsaSink: joining consumeThread
10-23 18:41:59.454  9708 16764 W android.hardware.audio@7.1-impl.ranchu: pcmWrite:259 pcm_writei failed with 'cannot read/write stream data: File descriptor in bad state' (-1)
10-23 18:41:59.454  9708 16764 E android.hardware.audio@7.1-impl.ranchu: pcmWrite:260 failure: -1
10-23 18:41:59.454  9708 16764 D android.hardware.audio@7.1-impl.ranchu: consumeThread: exiting
10-23 18:41:59.916  9769 10671 E TaskPersister: File error accessing recents directory (directory doesn't exist?).
10-23 18:42:03.284 10633 10790 I bcuu    : (REDACTED) getHotwordActive::active query: %s, watch: %s, devices connected: %s
10-23 18:42:06.020 10557 10557 W TimedProcessReaper: Memory state is: 125
10-23 18:42:07.308 10212 14898 I NearbyMediums: No BLE Fast/GATT advertisements found in the latest cycle.
10-23 18:42:17.309 10212 14898 I NearbyMediums: No BLE Fast/GATT advertisements found in the latest cycle.
10-23 18:42:22.659 10212 16794 W WakeLock: GCM_HB_ALARM release without a matched acquire!
10-23 18:42:22.659 10212 16794 W WakeLock: GCM_HB_ALARM counter does not exist
10-23 18:42:22.662 10212 16794 I AlarmManager: setExactAndAllowWhileIdle [name: GCM_CONN_ALARM type: 2 triggerAtMillis: 5403275]
10-23 18:42:22.664 10212 16794 W WakeLock: GCM_CONN_ALARM counter does not exist
10-23 18:42:25.429  9769 10758 D TelephonyManager: requestModemActivityInfo: Sending result to app: ModemActivityInfo{ mTimestamp=5400040 mSleepTimeMs=588 mIdleTimeMs=196 mActivityStatsTechSpecificInfo=[{mRat=UNKNOWN,mFrequencyRange=UNKNOWN,mTxTimeMs[]=[14, 42, 84, 112, 126],mRxTimeMs=126}]}
10-23 18:42:26.299 10053 10210 D ApfFilter: (wlan0): Adding RA fe80::2 -> ff02::1 1800s fec0::/64 86400s/14400s 
10-23 18:42:27.310 10212 14898 I NearbyMediums: No BLE Fast/GATT advertisements found in the latest cycle.
10-23 18:42:28.672  9769  9804 I ActivityManager: PendingStartActivityUids startActivity to updateOomAdj delay:31278ms, uid:10178
10-23 18:42:28.777 10212 15933 I TrafficStats: tagSocketFd(-1, 1031, -1) failed with errno-9
10-23 18:42:29.432 10212 16794 I AlarmManager: setExactAndAllowWhileIdle [name: GCM_HB_ALARM type: 2 triggerAtMillis: 5874044]
10-23 18:42:29.643 10212 15927 I AlarmManager: setExactAndAllowWhileIdle [name: GCM_HB_ALARM type: 2 triggerAtMillis: 5874256]
10-23 18:42:29.647 10212 15927 I AlarmManager: setExactAndAllowWhileIdle [name: GCM_HB_ALARM type: 2 triggerAtMillis: 5874260]
10-23 18:42:37.312 10212 14898 I NearbyMediums: No BLE Fast/GATT advertisements found in the latest cycle.
10-23 18:42:47.317 10212 14898 I NearbyMediums: No BLE Fast/GATT advertisements found in the latest cycle.
10-23 18:42:57.319 10212 14898 I NearbyMediums: No BLE Fast/GATT advertisements found in the latest cycle.
10-23 18:42:59.172  9769  9855 I UsageStatsService: User[0] Flushing usage stats to disk
10-23 18:42:59.198  9769  9954 D BackgroundInstallControlService: Package event received: 0
10-23 18:43:01.010  9992 10086 D ControlsListingControllerImpl: Subscribing callback, service count: 0
10-23 18:43:01.014  9992 10086 I QuickAccessWalletTile: QAW service is unavailable, recreating the wallet client.
10-23 18:43:01.017  9992 10086 D ControlsListingControllerImpl: Unsubscribing callback
10-23 18:43:02.045 10134 10145 I IPCThreadState: oneway function results for code 2 on binder at 0xb400006fc38db4d0 will be dropped but finished with status UNKNOWN_TRANSACTION
10-23 18:43:02.048 10212 10212 I PlayCloudSearchChimeraS: Stopping the server
10-23 18:43:02.048 10212 10212 I PlayCloudSearchLifeCycl: Stopping the GRPC server
10-23 18:43:02.141  9769 10830 D WifiNl80211Manager: Scan result ready event
10-23 18:43:02.141  9769 10830 D WifiNative: Scan result ready event
10-23 18:43:02.147 10212 11604 I WifiScanner: onFullResults
10-23 18:43:02.148 10212 11613 I WifiScanner: onFullResults
10-23 18:43:02.153  9769  9906 I HalDevMgr: bestIfaceCreationProposal is null, requestIface=STA, existingIface=[name=wlan0 type=STA]
10-23 18:43:03.282 10633 10790 I bcuu    : (REDACTED) getHotwordActive::active query: %s, watch: %s, devices connected: %s
10-23 18:43:07.321 10212 14898 I NearbyMediums: No BLE Fast/GATT advertisements found in the latest cycle.
10-23 18:43:17.324 10212 14898 I NearbyMediums: No BLE Fast/GATT advertisements found in the latest cycle.
10-23 18:43:27.250 16555 16620 W BtGatt.ScanManager: Moving filtered scan client to downgraded scan (scannerId 2)
10-23 18:43:27.330 10212 14898 I NearbyMediums: No BLE Fast/GATT advertisements found in the latest cycle.
10-23 18:43:27.387 16555 16620 W BtGatt.ScanManager: Moving filtered scan client to downgraded scan (scannerId 3)
10-23 18:43:33.082 16555 16620 W BtGatt.ScanManager: Moving filtered scan client to downgraded scan (scannerId 1)
10-23 18:43:33.086 16555 16620 I bt_shim_scanner: system/main/shim/le_scanning_manager.cc:147 Scan: in shim layer stopped
10-23 18:43:33.086 16555 16605 I bluetooth: system/gd/hci/le_address_manager.cc:289 unregister_client: Client unregistered
10-23 18:43:33.087 16555 16620 I bt_shim_scanner: system/main/shim/le_scanning_manager.cc:311 SetScanParameters: in shim layer, scannerId1m=1, scannerIdCoded=0
10-23 18:43:33.087 16555 16620 I bt_shim_scanner: system/main/shim/le_scanning_manager.cc:147 Scan: in shim layer started
10-23 18:43:33.088 16555 16605 I bluetooth: system/gd/hci/le_scanning_manager.cc:601 stop_scan: Scanning already stopped, return!
10-23 18:43:33.088 16555 16605 I bluetooth: system/gd/hci/le_address_manager.cc:274 register_client: Client registered
10-23 18:43:37.336 10212 14898 I NearbyMediums: No BLE Fast/GATT advertisements found in the latest cycle.
10-23 18:43:37.532  9769  9856 D CompatChangeReporter: Compat change id reported: 218533173; UID 10214; state: ENABLED
10-23 18:43:37.710  9769  9954 D BackgroundInstallControlService: Package event received: 0
10-23 18:43:47.338 10212 14898 I NearbyMediums: No BLE Fast/GATT advertisements found in the latest cycle.
10-23 18:43:57.348 10212 14898 I NearbyMediums: No BLE Fast/GATT advertisements found in the latest cycle.
10-23 18:44:02.051  9769  9814 E BluetoothPowerStatsCollector: Cannot acquire BluetoothActivityEnergyInfo
10-23 18:44:02.051  9769  9814 E BluetoothPowerStatsCollector: java.util.concurrent.ExecutionException: java.lang.RuntimeException: error: 11
10-23 18:44:02.051  9769  9814 E BluetoothPowerStatsCollector: 	at java.util.concurrent.CompletableFuture.reportGet(CompletableFuture.java:372)
10-23 18:44:02.051  9769  9814 E BluetoothPowerStatsCollector: 	at java.util.concurrent.CompletableFuture.get(CompletableFuture.java:2072)
10-23 18:44:02.051  9769  9814 E BluetoothPowerStatsCollector: 	at com.android.server.power.stats.BluetoothPowerStatsCollector.collectBluetoothActivityInfo(BluetoothPowerStatsCollector.java:192)
10-23 18:44:02.051  9769  9814 E BluetoothPowerStatsCollector: 	at com.android.server.power.stats.BluetoothPowerStatsCollector.collectStats(BluetoothPowerStatsCollector.java:155)
10-23 18:44:02.051  9769  9814 E BluetoothPowerStatsCollector: 	at com.android.server.power.stats.PowerStatsCollector.collectAndDeliverStats(PowerStatsCollector.java:176)
10-23 18:44:02.051  9769  9814 E BluetoothPowerStatsCollector: 	at com.android.server.power.stats.PowerStatsCollector$$ExternalSyntheticLambda0.run(R8$$SyntheticClass:0)
10-23 18:44:02.051  9769  9814 E BluetoothPowerStatsCollector: 	at android.os.Handler.handleCallback(Handler.java:995)
10-23 18:44:02.051  9769  9814 E BluetoothPowerStatsCollector: 	at android.os.Handler.dispatchMessage(Handler.java:103)
10-23 18:44:02.051  9769  9814 E BluetoothPowerStatsCollector: 	at android.os.Looper.loopOnce(Looper.java:248)
10-23 18:44:02.051  9769  9814 E BluetoothPowerStatsCollector: 	at android.os.Looper.loop(Looper.java:338)
10-23 18:44:02.051  9769  9814 E BluetoothPowerStatsCollector: 	at android.os.HandlerThread.run(HandlerThread.java:85)
10-23 18:44:02.051  9769  9814 E BluetoothPowerStatsCollector: Caused by: java.lang.RuntimeException: error: 11
10-23 18:44:02.051  9769  9814 E BluetoothPowerStatsCollector: 	at com.android.server.power.stats.BluetoothPowerStatsCollector$1.onBluetoothActivityEnergyInfoError(BluetoothPowerStatsCollector.java:181)
10-23 18:44:02.051  9769  9814 E BluetoothPowerStatsCollector: 	at android.bluetooth.BluetoothAdapter$OnBluetoothActivityEnergyInfoProxy.lambda$onBluetoothActivityEnergyInfoAvailable$0(BluetoothAdapter.java:1042)
10-23 18:44:02.051  9769  9814 E BluetoothPowerStatsCollector: 	at android.bluetooth.BluetoothAdapter$OnBluetoothActivityEnergyInfoProxy$$ExternalSyntheticLambda1.run(D8$$SyntheticClass:0)
10-23 18:44:02.051  9769  9814 E BluetoothPowerStatsCollector: 	at android.bluetooth.BluetoothUtils.lambda$executeFromBinder$0(BluetoothUtils.java:343)
10-23 18:44:02.051  9769  9814 E BluetoothPowerStatsCollector: 	at android.bluetooth.BluetoothUtils$$ExternalSyntheticLambda1.run(D8$$SyntheticClass:0)
10-23 18:44:02.051  9769  9814 E BluetoothPowerStatsCollector: 	at com.android.server.SystemServerInitThreadPool$$ExternalSyntheticLambda0.execute(R8$$SyntheticClass:0)
10-23 18:44:02.051  9769  9814 E BluetoothPowerStatsCollector: 	at android.bluetooth.BluetoothUtils.executeFromBinder(BluetoothUtils.java:343)
10-23 18:44:02.051  9769  9814 E BluetoothPowerStatsCollector: 	at android.bluetooth.BluetoothAdapter$OnBluetoothActivityEnergyInfoProxy.onBluetoothActivityEnergyInfoAvailable(BluetoothAdapter.java:1040)
10-23 18:44:02.051  9769  9814 E BluetoothPowerStatsCollector: 	at android.bluetooth.IBluetoothActivityEnergyInfoListener$Stub.onTransact(IBluetoothActivityEnergyInfoListener.java:98)
10-23 18:44:02.051  9769  9814 E BluetoothPowerStatsCollector: 	at android.os.Binder.execTransactInternal(Binder.java:1414)
10-23 18:44:02.051  9769  9814 E BluetoothPowerStatsCollector: 	at android.os.Binder.execTransact(Binder.java:1353)
10-23 18:44:03.284 10633 11012 I bcuu    : (REDACTED) getHotwordActive::active query: %s, watch: %s, devices connected: %s
10-23 18:44:07.354 10212 14898 I NearbyMediums: No BLE Fast/GATT advertisements found in the latest cycle.
10-23 18:44:11.822  9769  9954 D BackgroundInstallControlService: Package event received: 0
10-23 18:44:11.824  9769  9954 D BackgroundInstallControlService: Package event received: 0
10-23 18:44:11.824  9769  9954 D BackgroundInstallControlService: Package event received: 0
10-23 18:44:11.824  9769  9954 D BackgroundInstallControlService: Package event received: 0
10-23 18:44:11.824  9769  9954 D BackgroundInstallControlService: Package event received: 0
10-23 18:44:11.824  9769  9954 D BackgroundInstallControlService: Package event received: 0
10-23 18:44:11.824  9769  9954 D BackgroundInstallControlService: Package event received: 0
10-23 18:44:11.824  9769  9954 D BackgroundInstallControlService: Package event received: 0
10-23 18:44:11.824  9769  9954 D BackgroundInstallControlService: Package event received: 0
10-23 18:44:12.348  9769 10830 W AppOps  : Noting op not finished: uid 10145 pkg com.google.android.gms code 113 startTime of in progress event=1761240816898
10-23 18:44:12.353  9769 10830 W AppOps  : Noting op not finished: uid 10145 pkg com.google.android.gms code 113 startTime of in progress event=1761240816898
10-23 18:44:12.363  9769 10761 W AppOps  : Noting op not finished: uid 10145 pkg com.google.android.gms code 79 startTime of in progress event=1761240816898
10-23 18:44:12.365 10212 10212 D BoundBrokerSvc: onRebind: Intent { act=com.google.android.gms.auth.aang.events.services.START dat=chimera-action:/... cmp=com.google.android.gms/.chimera.PersistentApiService }
10-23 18:44:12.367 10212 10961 I ActivityScheduler: nextTriggerTime: 5745079, in 238100ms, detectorType: 39, FULL_TYPE alarmWindowMillis: 80000
10-23 18:44:13.352  9769 10758 W AppOps  : Noting op not finished: uid 10145 pkg com.google.android.gms code 113 startTime of in progress event=1761240816898
10-23 18:44:13.363 10212 10212 D BoundBrokerSvc: onRebind: Intent { act=com.google.android.gms.libs.gmscorelogger.service.START dat=chimera-action:/... cmp=com.google.android.gms/.chimera.PersistentDirectBootAwareApiService }
10-23 18:44:17.356 10212 14898 I NearbyMediums: No BLE Fast/GATT advertisements found in the latest cycle.
10-23 18:44:27.359 10212 14898 I NearbyMediums: No BLE Fast/GATT advertisements found in the latest cycle.
10-23 18:44:27.416 10212 10212 D BoundBrokerSvc: onUnbind: Intent { act=com.google.android.gms.auth.aang.events.services.START dat=chimera-action:/... cmp=com.google.android.gms/.chimera.PersistentApiService }
10-23 18:44:28.382 10212 10212 D BoundBrokerSvc: onUnbind: Intent { act=com.google.android.gms.libs.gmscorelogger.service.START dat=chimera-action:/... cmp=com.google.android.gms/.chimera.PersistentDirectBootAwareApiService }
10-23 18:44:37.361 10212 14898 I NearbyMediums: No BLE Fast/GATT advertisements found in the latest cycle.
10-23 18:44:47.364 10212 14898 I NearbyMediums: No BLE Fast/GATT advertisements found in the latest cycle.
10-23 18:44:57.369 10212 14898 I NearbyMediums: No BLE Fast/GATT advertisements found in the latest cycle.
10-23 18:45:03.293 10633 11013 I bcuu    : (REDACTED) getHotwordActive::active query: %s, watch: %s, devices connected: %s
10-23 18:45:07.375 10212 14898 I NearbyMediums: No BLE Fast/GATT advertisements found in the latest cycle.
10-23 18:45:17.380 10212 14898 I NearbyMediums: No BLE Fast/GATT advertisements found in the latest cycle.
10-23 18:45:27.387 10212 14898 I NearbyMediums: No BLE Fast/GATT advertisements found in the latest cycle.
10-23 18:45:33.829 16555 16605 I bluetooth: system/gd/hci/le_advertising_manager.cc:864 set_advertising_set_random_address_on_timer: Scheduling address rotation for advertiser_id=0
10-23 18:45:33.829 16555 16605 I bluetooth: system/gd/hci/le_address_manager.cc:593 GetNextPrivateAddressIntervalRange: client=advertising_set_0, nonwake=7m45s, wake=14m32s
10-23 18:45:33.837 16555 16605 E bluetooth: system/gd/hci/le_advertising_manager.cc:1778 on_set_advertising_set_random_address_complete: Got a command complete with status COMMAND_DISALLOWED(0x0c)
10-23 18:45:37.390 10212 14898 I NearbyMediums: No BLE Fast/GATT advertisements found in the latest cycle.
10-23 18:45:42.160  9769 10758 D WifiNl80211Manager: Scan result ready event
10-23 18:45:42.161  9769 10758 D WifiNative: Scan result ready event
10-23 18:45:42.165 10212 11604 I WifiScanner: onFullResults
10-23 18:45:42.165 10212 10229 I WifiScanner: onFullResults
10-23 18:45:42.171  9769  9906 I HalDevMgr: bestIfaceCreationProposal is null, requestIface=STA, existingIface=[name=wlan0 type=STA]
10-23 18:45:47.398 10212 14898 I NearbyMediums: No BLE Fast/GATT advertisements found in the latest cycle.
10-23 18:45:57.405 10212 14898 I NearbyMediums: No BLE Fast/GATT advertisements found in the latest cycle.
10-23 18:46:03.280 10633 11012 I bcuu    : (REDACTED) getHotwordActive::active query: %s, watch: %s, devices connected: %s
10-23 18:46:07.406 10212 14898 I NearbyMediums: No BLE Fast/GATT advertisements found in the latest cycle.
10-23 18:46:17.407 10212 14898 I NearbyMediums: No BLE Fast/GATT advertisements found in the latest cycle.
10-23 18:46:27.409 10212 14898 I NearbyMediums: No BLE Fast/GATT advertisements found in the latest cycle.
10-23 18:46:37.410 10212 14898 I NearbyMediums: No BLE Fast/GATT advertisements found in the latest cycle.
10-23 18:46:44.126 16555 16605 I bluetooth: system/gd/hci/le_address_manager.cc:593 GetNextPrivateAddressIntervalRange: client=LeAddressManager, nonwake=8m30s, wake=14m43s
10-23 18:46:44.131 16555 16605 I bluetooth: system/gd/hci/le_address_manager.cc:792 OnCommandComplete: Received command complete with op_code LE_SET_RANDOM_ADDRESS(0x2005)
10-23 18:46:44.131 16555 16605 I bluetooth: system/gd/hci/le_address_manager.cc:812 OnCommandComplete: update random address : xx:xx:xx:xx:2b:fb
10-23 18:46:44.131 16555 16605 I bluetooth: system/gd/hci/le_address_manager.cc:403 resume_registered_clients: Resuming registered clients
10-23 18:46:47.418 10212 14898 I NearbyMediums: No BLE Fast/GATT advertisements found in the latest cycle.
10-23 18:46:57.421 10212 14898 I NearbyMediums: No BLE Fast/GATT advertisements found in the latest cycle.
10-23 18:46:59.271  9769  9856 D ActivityManager: sync unfroze 10966 com.google.android.apps.messaging for 6
10-23 18:46:59.277 10966 10966 D WM-DelayedWorkTracker: Scheduling work 7b100d6d-52bb-417e-a90a-7a1332eb669c
10-23 18:46:59.280 10966 10966 D WM-GreedyScheduler: Starting tracking for 7b100d6d-52bb-417e-a90a-7a1332eb669c
10-23 18:46:59.289 10966 16443 D WM-GreedyScheduler: Constraints met: Scheduling work ID WorkGenerationalId(workSpecId=7b100d6d-52bb-417e-a90a-7a1332eb669c, generation=0)
10-23 18:46:59.292 10966 11020 W Bugle   : TextClassifierLibManagerImpl: Reclaiming memory at level: 40
10-23 18:46:59.294 10966 16443 D WM-Processor: mcx: processing WorkGenerationalId(workSpecId=7b100d6d-52bb-417e-a90a-7a1332eb669c, generation=0)
10-23 18:46:59.295  9769 10260 W ProcessStats: Tracking association SourceState{bfa066a system/1000 ImpBg #31736} whose proc state 6 is better than process ProcessState{a10eb5d com.google.android.apps.messaging/10144 pkg=com.google.android.apps.messaging} proc state 15 (1 skipped)
10-23 18:46:59.297 10966 10966 D WM-SystemJobService: onStartJob for WorkGenerationalId(workSpecId=7b100d6d-52bb-417e-a90a-7a1332eb669c, generation=0)
10-23 18:46:59.300 10966 16443 D MddListenableWorkerFactory: createWorker for class: com.google.android.apps.messaging.shared.rcsprovisioning.RcsProvisioningListenableWorker
10-23 18:46:59.301 10966 11020 W Bugle   : TextClassifierLibManagerImpl: Reclaiming memory at level: 40
10-23 18:46:59.305 10966 10966 D WM-WorkerWrapper: Starting work for com.google.android.apps.messaging.shared.rcsprovisioning.RcsProvisioningListenableWorker
10-23 18:46:59.306 10966 10966 I BugleRcsWorker: [seqId=5][workId=38b81cd8-fd74-44cc-881f-9a00b59da3f4] RCS provisioning task has started
10-23 18:46:59.306 10966 16809 D WM-Processor: Work WorkGenerationalId(workSpecId=7b100d6d-52bb-417e-a90a-7a1332eb669c, generation=0) is already enqueued for processing
10-23 18:46:59.310 10966 16443 I BugleRcsWorker: [seqId=5][workId=38b81cd8-fd74-44cc-881f-9a00b59da3f4] Starting StateMachine, trigger is STATE_MACHINE_RETRY
10-23 18:46:59.310 10966 16443 I BugleRcsEngine: start PEv2, trigger is STATE_MACHINE_RETRY, workerId is 38b81cd8-fd74-44cc-881f-9a00b59da3f4 [null] [CONTEXT log_prefix="(PEv2-SM35175657-DefaultCallSmsData-1-163)" thread_id=156 ]
10-23 18:46:59.312 10966 16443 I BugleRcsEngine: Created new RcsProvisioningProtoDataStorage for sim redacted-pii:sim_id[chars:20,last3:897] [CONTEXT thread_id=156 ]
10-23 18:46:59.313 10966 16443 I BugleRcsEngine: No RCS Configuration was found in Bugle for simID: redacted-pii:sim_id[chars:20,last3:897] [CONTEXT log_prefix="ProvisioningEngineDataRetriever" thread_id=156 ]
10-23 18:46:59.313 10966 16443 I BugleRcsEngine: start [null] [CONTEXT log_prefix="(PEv2-SM35175657-DefaultCallSmsData-1-163)" thread_id=156 ]
10-23 18:46:59.314 10966 16811 I BugleRcsEngine: Enter EnabledState [null] [CONTEXT log_prefix="(PEv2-SM35175657-DefaultCallSmsData-1-163)" thread_id=166 ]
10-23 18:46:59.318 10966 16811 W BugleRcsEngine: Unable to send diagnostic log [CONTEXT thread_id=166 ]
10-23 18:46:59.321 10966 16811 I BugleRcsEngine: Sending ProvisioningEvent to Bugle [Send Provisioning Session ID (18)], redacted-pii:[chars:65] [CONTEXT thread_id=166 ]
10-23 18:46:59.321 10966 16811 I BugleRcsEngine: Broadcasting provisioning intent com.google.android.ims.provisioning.engine.provisioningEventAction to Bugle with extras redacted-pii:[chars:223] from source PROVISIONING_EVENT [CONTEXT log_prefix="EngineBroadcaster" thread_id=166 ]
10-23 18:46:59.324 10966 16443 I BugleRcsProvisioning: RcsProvisioningEventReceiver: Received ProvisioningEvent: Send Provisioning Session ID
10-23 18:46:59.325 10966 16443 I Bugle   : BroadcastReceiverAsyncWorkTracker: Acknowledging broadcast of com.google.android.apps.messaging.shared.receiver.RcsProvisioningEventReceiver@da59e88
10-23 18:46:59.326 10966 16811 I BugleRcsEngine: Start a new provisioning session [d0ff85fb-d392-4b40-ac0c-5872c62d115a] [CONTEXT log_prefix="(PEv2-SM35175657-DefaultCallSmsData-1-163)" thread_id=166 ]
10-23 18:46:59.327 10966 16811 I BugleRcsEngine: No RCS Configuration was found in Bugle for simID: redacted-pii:sim_id[chars:20,last3:897] [CONTEXT log_prefix="ProvisioningEngineDataRetriever" thread_id=166 ]
10-23 18:46:59.334 10966 16811 I BugleRcsEngine: [SR]: Single Registration is disabled. Skipping Single Registration capability check for subId: 1, OS.isAtLeastS:[true], enableSingleRegistrationProvisioning:[false] [CONTEXT thread_id=166 ]
10-23 18:46:59.334 10966 16811 I BugleRcsEngine: No RCS Configuration was found in Bugle for simID: redacted-pii:sim_id[chars:20,last3:897] [CONTEXT log_prefix="ProvisioningEngineDataRetriever" thread_id=166 ]
10-23 18:46:59.334 10966 16811 I BugleRcsProvisioning: RcsAvailability configuration availability and enabled status: simId: redacted-pii:sim_id[chars:20,last3:897], SipConnectionType: DUAL_REG, isConfigurationAvailableAndEnabled: false
10-23 18:46:59.334 10966 16811 I BugleRcsProvisioning: Checking isConfigServerUrlAvailable with simId: redacted-pii:sim_id[chars:20,last3:897], 
10-23 18:46:59.334 10966 16811 I BugleRcsEngine: getConfigServerUrl with simId: redacted-pii:sim_id[chars:30,last3:97]] [CONTEXT log_prefix="ProvisioningServerUtil" thread_id=166 ]
10-23 18:46:59.335 10966 16811 I BugleRcsEngine: Using config server URL from bsnv [CONTEXT log_prefix="ProvisioningServerUtil" thread_id=166 ]
10-23 18:46:59.336 10966 16811 I BugleRcsProvisioning: RcsAvailability: Subscription Id: 1, simId: redacted-pii:sim_id[chars:20,last3:897], sipConnectionType: DUAL_REG, isRcsAvailable: false
10-23 18:46:59.336 10966 16811 I BugleRcsProvisioning: updateAvailabilityForRcsProvisioningId. SimId: redacted-pii:sim_id[chars:20,last3:897], currentAvailability: 10, newAvailability: 10, hint: NO_HINT
10-23 18:46:59.337 10966 16812 I BugleRcsProvisioning: RcsProvisioningTrigger: onRcsAvailabilityUpdate : availability is updated to Carrier RCS is not set up, lastAvailabilityLocal is Carrier RCS is not set up, simId hash = -3731272402799249747, simId = redacted-pii:sim_id[chars:20,last3:897], isPev3Enabled = true
10-23 18:46:59.337 10966 16811 I BugleRcsEngine: No RCS Configuration was found in Bugle for simID: redacted-pii:sim_id[chars:20,last3:897] [CONTEXT log_prefix="ProvisioningEngineDataRetriever" thread_id=166 ]
10-23 18:46:59.337 10966 16811 I BugleRcsEngine: transitionViaMessage, srcState=EnabledState, destState = CheckPreconditionsState [d0ff85fb-d392-4b40-ac0c-5872c62d115a] [CONTEXT log_prefix="(PEv2-SM35175657-DefaultCallSmsData-1-163)" thread_id=166 ]
10-23 18:46:59.337 10966 16811 I BugleRcsEngine: Sending ProvisioningEvent to Bugle [Update provisioning status (11)], redacted-pii:[chars:85] [CONTEXT thread_id=166 ]
10-23 18:46:59.337 10966 16811 I BugleRcsEngine: Broadcasting provisioning intent com.google.android.ims.provisioning.engine.provisioningEventAction to Bugle with extras redacted-pii:[chars:243] from source PROVISIONING_EVENT [CONTEXT log_prefix="EngineBroadcaster" thread_id=166 ]
10-23 18:46:59.338 10966 16811 I BugleRcsEngine: EnabledState: Transition to check preconditions [d0ff85fb-d392-4b40-ac0c-5872c62d115a] [CONTEXT log_prefix="(PEv2-SM35175657-DefaultCallSmsData-1-163)" thread_id=166 ]
10-23 18:46:59.339 10966 16811 I BugleRcsEngine: transitionTo: destState=CheckPreconditionsState [d0ff85fb-d392-4b40-ac0c-5872c62d115a] [CONTEXT log_prefix="(PEv2-SM35175657-DefaultCallSmsData-1-163)" thread_id=166 ]
10-23 18:46:59.339 10966 16812 I BugleRcsProvisioning: RcsProvisioningEventReceiver: Received ProvisioningEvent: Update provisioning status
10-23 18:46:59.339 10966 16811 I BugleRcsEngine: onTransitionRequested EnabledState [d0ff85fb-d392-4b40-ac0c-5872c62d115a] [CONTEXT log_prefix="(PEv2-SM35175657-DefaultCallSmsData-1-163)" thread_id=166 ]
10-23 18:46:59.340 10966 16812 I Bugle   : BroadcastReceiverAsyncWorkTracker: Acknowledging broadcast of com.google.android.apps.messaging.shared.receiver.RcsProvisioningEventReceiver@2e25391
10-23 18:46:59.340 10966 16811 I BugleRcsEngine: Enter CheckPreconditionsState [d0ff85fb-d392-4b40-ac0c-5872c62d115a] [CONTEXT log_prefix="(PEv2-SM35175657-DefaultCallSmsData-1-163)" thread_id=166 ]
10-23 18:46:59.344 10966 16811 W BugleRcsEngine: Unable to send diagnostic log [CONTEXT thread_id=166 ]
10-23 18:46:59.345 10966 16811 I BugleRcsEngine: getRcsProvisioningGoogleTosConfiguration # bxro@5d5fcd, consentState = 0, ServerUpdateTime = 0 [CONTEXT log_prefix="ProvisioningEngineDataRetriever" thread_id=166 ]
10-23 18:46:59.346 10966 16811 I BugleRcsEngine: getRcsProvisioningGoogleTosConfiguration # bxro@5d5fcd, consentState = 0, ServerUpdateTime = 0 [CONTEXT log_prefix="ProvisioningEngineDataRetriever" thread_id=166 ]
10-23 18:46:59.348 10966 16811 I BugleRcsEngine: provisioningEngineDataRetriever = cumv@22fe5dd, googleToSConsentCache.hasClientConsent() = false, provisioningEngineDataRetriever.getGoogleTosConsent = false rcsDefaultOnConsentCache.hasClientConsent = false [d0ff85fb-d392-4b40-ac0c-5872c62d115a] [CONTEXT log_prefix="(PEv2-SM35175657-DefaultCallSmsData-1-163)" thread_id=166 ]
10-23 18:46:59.349 10966 16811 I BugleRcsEngine: transitionViaMessage, srcState=CheckPreconditionsState, destState = WaitingForRcsDefaultOnState [d0ff85fb-d392-4b40-ac0c-5872c62d115a] [CONTEXT log_prefix="(PEv2-SM35175657-DefaultCallSmsData-1-163)" thread_id=166 ]
10-23 18:46:59.349 10966 16811 I BugleRcsEngine: CheckPreconditionsState: Transition to Waiting For RCS Default On [d0ff85fb-d392-4b40-ac0c-5872c62d115a] [CONTEXT log_prefix="(PEv2-SM35175657-DefaultCallSmsData-1-163)" thread_id=166 ]
10-23 18:46:59.349 10966 16811 I BugleRcsEngine: transitionTo: destState=WaitingForRcsDefaultOnState [d0ff85fb-d392-4b40-ac0c-5872c62d115a] [CONTEXT log_prefix="(PEv2-SM35175657-DefaultCallSmsData-1-163)" thread_id=166 ]
10-23 18:46:59.349 10966 16811 I BugleRcsEngine: onTransitionRequested CheckPreconditionsState [d0ff85fb-d392-4b40-ac0c-5872c62d115a] [CONTEXT log_prefix="(PEv2-SM35175657-DefaultCallSmsData-1-163)" thread_id=166 ]
10-23 18:46:59.352 10966 16811 I BugleRcsEngine: Enter WaitingForRcsDefaultOnState [d0ff85fb-d392-4b40-ac0c-5872c62d115a] [CONTEXT log_prefix="(PEv2-SM35175657-DefaultCallSmsData-1-163)" thread_id=166 ]
10-23 18:46:59.353 10966 16811 W BugleRcsEngine: Unable to send diagnostic log [CONTEXT thread_id=166 ]
10-23 18:46:59.355 10966 16811 W BugleRcsEngine: Unable to send diagnostic log [CONTEXT thread_id=166 ]
10-23 18:46:59.356 10966 16811 I BugleRcsEngine: Sending ProvisioningEvent to Bugle [Show RCS default on UI (24)], no extra data [CONTEXT thread_id=166 ]
10-23 18:46:59.356 10966 16811 I BugleRcsEngine: Broadcasting provisioning intent com.google.android.ims.provisioning.engine.provisioningEventAction to Bugle with extras redacted-pii:[chars:83] from source PROVISIONING_EVENT [CONTEXT log_prefix="EngineBroadcaster" thread_id=166 ]
10-23 18:46:59.356 10966 16813 W BugleRcsEngine: Unable to send diagnostic log [CONTEXT thread_id=168 ]
10-23 18:46:59.358 10966 16814 I BugleRcsProvisioning: RcsProvisioningEventReceiver: Received ProvisioningEvent: Show RCS default on UI
10-23 18:46:59.358 10966 16811 I BugleRcsEngine: transitionViaMessage, srcState=WaitingForRcsDefaultOnState, destState = SetGoogleToSConsentState [d0ff85fb-d392-4b40-ac0c-5872c62d115a] [CONTEXT log_prefix="(PEv2-SM35175657-DefaultCallSmsData-1-163)" thread_id=166 ]
10-23 18:46:59.358 10966 16811 I BugleRcsEngine: WaitingForRcsDefaultOnState: Transition to set Google ToS Consent [d0ff85fb-d392-4b40-ac0c-5872c62d115a] [CONTEXT log_prefix="(PEv2-SM35175657-DefaultCallSmsData-1-163)" thread_id=166 ]
10-23 18:46:59.358 10966 16814 I Bugle   : BroadcastReceiverAsyncWorkTracker: Acknowledging broadcast of com.google.android.apps.messaging.shared.receiver.RcsProvisioningEventReceiver@3b0e3d
10-23 18:46:59.358 10966 16811 I BugleRcsEngine: transitionTo: destState=SetGoogleToSConsentState [d0ff85fb-d392-4b40-ac0c-5872c62d115a] [CONTEXT log_prefix="(PEv2-SM35175657-DefaultCallSmsData-1-163)" thread_id=166 ]
10-23 18:46:59.358 10966 16811 I BugleRcsEngine: onTransitionRequested WaitingForRcsDefaultOnState [d0ff85fb-d392-4b40-ac0c-5872c62d115a] [CONTEXT log_prefix="(PEv2-SM35175657-DefaultCallSmsData-1-163)" thread_id=166 ]
10-23 18:46:59.359 10966 16811 I BugleRcsEngine: Exit WaitingForRcsDefaultOnState [d0ff85fb-d392-4b40-ac0c-5872c62d115a] [CONTEXT log_prefix="(PEv2-SM35175657-DefaultCallSmsData-1-163)" thread_id=166 ]
10-23 18:46:59.359 10966 16811 W BugleRcsEngine: Unable to send diagnostic log [CONTEXT thread_id=166 ]
10-23 18:46:59.359 10966 16811 I BugleRcsEngine: Enter SetGoogleToSConsentState [d0ff85fb-d392-4b40-ac0c-5872c62d115a] [CONTEXT log_prefix="(PEv2-SM35175657-DefaultCallSmsData-1-163)" thread_id=166 ]
10-23 18:46:59.361 10966 16811 W BugleRcsEngine: Unable to send diagnostic log [CONTEXT thread_id=166 ]
10-23 18:46:59.362 10966 16811 I BugleRcsEngine: getRcsProvisioningGoogleTosConfiguration # bxro@5d5fcd, consentState = 0, ServerUpdateTime = 0 [CONTEXT log_prefix="ProvisioningEngineDataRetriever" thread_id=166 ]
10-23 18:46:59.363 10966 16811 I BugleRcsEngine: getRcsProvisioningGoogleTosConfiguration # bxro@5d5fcd, consentState = 0, ServerUpdateTime = 0 [CONTEXT log_prefix="ProvisioningEngineDataRetriever" thread_id=166 ]
10-23 18:46:59.366 10966 16812 W BugleRcsEngine: Unable to send diagnostic log [CONTEXT thread_id=167 ]
10-23 18:46:59.367  9769 10260 D ActivityManager: sync unfroze 15380 com.google.android.gms for 4
10-23 18:46:59.367  9769 10260 D ActivityManager: sync unfroze 15567 com.google.android.gms.unstable for 4
10-23 18:46:59.376 15380 15429 I constellation: [api_set_asterism_consent] Starting session. sessionId: b3a9bf39-0a7b-4756-8daa-ac960439c57a for SetAsterismConsent API call
10-23 18:46:59.381 10966 16814 W BugleRcsEngine: Unable to send diagnostic log [CONTEXT thread_id=169 ]
10-23 18:46:59.387 15380 15380 D BoundBrokerSvc: onBind: Intent { act=com.google.android.gms.common.BIND_SHARED_PREFS pkg=com.google.android.gms }
10-23 18:46:59.387 15380 15380 D BoundBrokerSvc: Loading bound service for intent: Intent { act=com.google.android.gms.common.BIND_SHARED_PREFS pkg=com.google.android.gms }
10-23 18:46:59.390 10212 10212 D BoundBrokerSvc: onRebind: Intent { act=com.google.android.gms.auth.aang.events.services.START dat=chimera-action:/... cmp=com.google.android.gms/.chimera.PersistentApiService }
10-23 18:46:59.395 15380 16818 I constellation: [event_manager] Starting session. sessionId: b3a9bf39-0a7b-4756-8daa-ac960439c57a from trigger: 11
10-23 18:46:59.434 15567 16815 W libc    : Access denied finding property "persist.adb.tls_server.enable"
10-23 18:46:59.428 15567 15567 W binder:15567_A: type=1400 audit(0.0:324): avc:  denied  { read } for  name="u:object_r:system_adbd_prop:s0" dev="tmpfs" ino=324 scontext=u:r:gmscore_app:s0:c512,c768 tcontext=u:object_r:system_adbd_prop:s0 tclass=file permissive=0 app=com.google.android.gms
10-23 18:46:59.434  9769 10758 D FileUtils: Rounded bytes from 3120066560 to 4000000000
10-23 18:46:59.445 15380 16818 E hwjv    : *~*~*~ Previous channel {0} was garbage collected without being shut down! ~*~*~*
10-23 18:46:59.445 15380 16818 E hwjv    :     Make sure to call shutdown()/shutdownNow()
10-23 18:46:59.445 15380 16818 E hwjv    : java.lang.RuntimeException: ManagedChannel allocation site
10-23 18:46:59.445 15380 16818 E hwjv    : 	at hwju.<init>(:com.google.android.gms@252932035@25.29.32 (260400-787198374):21)
10-23 18:46:59.445 15380 16818 E hwjv    : 	at hwjv.<init>(:com.google.android.gms@252932035@25.29.32 (260400-787198374):10)
10-23 18:46:59.445 15380 16818 E hwjv    : 	at hwjt.a(:com.google.android.gms@252932035@25.29.32 (260400-787198374):250)
10-23 18:46:59.445 15380 16818 E hwjv    : 	at hvut.a(:com.google.android.gms@252932035@25.29.32 (260400-787198374):5)
10-23 18:46:59.445 15380 16818 E hwjv    : 	at ckky.h(:com.google.android.gms@252932035@25.29.32 (260400-787198374):81)
10-23 18:46:59.445 15380 16818 E hwjv    : 	at glfk.a(:com.google.android.gms@252932035@25.29.32 (260400-787198374):182)
10-23 18:46:59.445 15380 16818 E hwjv    : 	at fzpu.a(:com.google.android.gms@252932035@25.29.32 (260400-787198374):13)
10-23 18:46:59.445 15380 16818 E hwjv    : 	at ghvl.a(:com.google.android.gms@252932035@25.29.32 (260400-787198374):3)
10-23 18:46:59.445 15380 16818 E hwjv    : 	at ghum.run(:com.google.android.gms@252932035@25.29.32 (260400-787198374):19)
10-23 18:46:59.445 15380 16818 E hwjv    : 	at ghvn.run(:com.google.android.gms@252932035@25.29.32 (260400-787198374):5)
10-23 18:46:59.445 15380 16818 E hwjv    : 	at azuw.c(:com.google.android.gms@252932035@25.29.32 (260400-787198374):50)
10-23 18:46:59.445 15380 16818 E hwjv    : 	at azuw.run(:com.google.android.gms@252932035@25.29.32 (260400-787198374):70)
10-23 18:46:59.445 15380 16818 E hwjv    : 	at java.util.concurrent.ThreadPoolExecutor.runWorker(ThreadPoolExecutor.java:1156)
10-23 18:46:59.445 15380 16818 E hwjv    : 	at java.util.concurrent.ThreadPoolExecutor$Worker.run(ThreadPoolExecutor.java:651)
10-23 18:46:59.445 15380 16818 E hwjv    : 	at baao.run(:com.google.android.gms@252932035@25.29.32 (260400-787198374):8)
10-23 18:46:59.445 15380 16818 E hwjv    : 	at java.lang.Thread.run(Thread.java:1119)
10-23 18:46:59.448 10212 10229 W GLSUser : [DeviceKeyStore] Cannot load key: Device key file not found.
10-23 18:46:59.449  9769  9954 D BackgroundInstallControlService: Package event received: 0
10-23 18:46:59.480 15567 16815 W libc    : Access denied finding property "persist.adb.tls_server.enable"
10-23 18:46:59.476 15567 15567 W binder:15567_A: type=1400 audit(0.0:325): avc:  denied  { read } for  name="u:object_r:system_adbd_prop:s0" dev="tmpfs" ino=324 scontext=u:r:gmscore_app:s0:c512,c768 tcontext=u:object_r:system_adbd_prop:s0 tclass=file permissive=0 app=com.google.android.gms
10-23 18:46:59.481  9769 10758 D FileUtils: Rounded bytes from 3120066560 to 4000000000
10-23 18:46:59.489 10212 10229 W GmsUrlRequestImpl: [https://android.googleapis.com/auth/devicekey] Content-Type header is overwritten.
10-23 18:46:59.938 10212 10229 W GLSUser : [AppCertManager] Exception while requesting key: 
10-23 18:46:59.938 10212 10229 W GLSUser : java.util.concurrent.ExecutionException: cjav: Parse Proto Exception with response code 400
10-23 18:46:59.938 10212 10229 W GLSUser : 	at ghrb.j(:com.google.android.gms@252932035@25.29.32 (260400-787198374):21)
10-23 18:46:59.938 10212 10229 W GLSUser : 	at ghrk.u(:com.google.android.gms@252932035@25.29.32 (260400-787198374):71)
10-23 18:46:59.938 10212 10229 W GLSUser : 	at agwp.b(:com.google.android.gms@252932035@25.29.32 (260400-787198374):439)
10-23 18:46:59.938 10212 10229 W GLSUser : 	at agwn.a(:com.google.android.gms@252932035@25.29.32 (260400-787198374):83)
10-23 18:46:59.938 10212 10229 W GLSUser : 	at agwn.fv(:com.google.android.gms@252932035@25.29.32 (260400-787198374):16)
10-23 18:46:59.938 10212 10229 W GLSUser : 	at uzy.onTransact(:com.google.android.gms@252932035@25.29.32 (260400-787198374):97)
10-23 18:46:59.938 10212 10229 W GLSUser : 	at android.os.Binder.transact(Binder.java:1261)
10-23 18:46:59.938 10212 10229 W GLSUser : 	at canq.onTransact(:com.google.android.gms@252932035@25.29.32 (260400-787198374):10)
10-23 18:46:59.938 10212 10229 W GLSUser : 	at android.os.Binder.transact(Binder.java:1261)
10-23 18:46:59.938 10212 10229 W GLSUser : 	at bqfc.onTransact(:com.google.android.gms@252932035@25.29.32 (260400-787198374):157)
10-23 18:46:59.938 10212 10229 W GLSUser : 	at android.os.Binder.execTransactInternal(Binder.java:1409)
10-23 18:46:59.938 10212 10229 W GLSUser : 	at android.os.Binder.execTransact(Binder.java:1353)
10-23 18:46:59.938 10212 10229 W GLSUser : Caused by: cjav: Parse Proto Exception with response code 400
10-23 18:46:59.938 10212 10229 W GLSUser : 	at cjca.b(:com.google.android.gms@252932035@25.29.32 (260400-787198374):71)
10-23 18:46:59.938 10212 10229 W GLSUser : 	at cjeq.d(:com.google.android.gms@252932035@25.29.32 (260400-787198374):18)
10-23 18:46:59.938 10212 10229 W GLSUser : 	at cjfh.onSucceeded(:com.google.android.gms@252932035@25.29.32 (260400-787198374):9)
10-23 18:46:59.938 10212 10229 W GLSUser : 	at m1.nc.onSucceeded(:com.google.android.gms.dynamite_cronetdynamite@252932035@25.29.32 (260400-0):3)
10-23 18:46:59.938 10212 10229 W GLSUser : 	at m1.ly.run(:com.google.android.gms.dynamite_cronetdynamite@252932035@25.29.32 (260400-0):21)
10-23 18:46:59.938 10212 10229 W GLSUser : 	at m1.ls.run(:com.google.android.gms.dynamite_cronetdynamite@252932035@25.29.32 (260400-0):31)
10-23 18:46:59.938 10212 10229 W GLSUser : 	at azuw.c(:com.google.android.gms@252932035@25.29.32 (260400-787198374):50)
10-23 18:46:59.938 10212 10229 W GLSUser : 	at azuw.run(:com.google.android.gms@252932035@25.29.32 (260400-787198374):70)
10-23 18:46:59.938 10212 10229 W GLSUser : 	at java.util.concurrent.ThreadPoolExecutor.runWorker(ThreadPoolExecutor.java:1156)
10-23 18:46:59.938 10212 10229 W GLSUser : 	at java.util.concurrent.ThreadPoolExecutor$Worker.run(ThreadPoolExecutor.java:651)
10-23 18:46:59.938 10212 10229 W GLSUser : 	at baao.run(:com.google.android.gms@252932035@25.29.32 (260400-787198374):8)
10-23 18:46:59.938 10212 10229 W GLSUser : 	at java.lang.Thread.run(Thread.java:1119)
10-23 18:46:59.938 10212 10229 W GLSUser : Caused by: hblz: Protocol message contained an invalid tag (zero).
10-23 18:46:59.938 10212 10229 W GLSUser : 	at hbiv.k(:com.google.android.gms@252932035@25.29.32 (260400-787198374):43)
10-23 18:46:59.938 10212 10229 W GLSUser : 	at hbmz.c(:com.google.android.gms@252932035@25.29.32 (260400-787198374):398)
10-23 18:46:59.938 10212 10229 W GLSUser : 	at hbmz.i(:com.google.android.gms@252932035@25.29.32 (260400-787198374):8)
10-23 18:46:59.938 10212 10229 W GLSUser : 	at hbld.y(:com.google.android.gms@252932035@25.29.32 (260400-787198374):23)
10-23 18:46:59.938 10212 10229 W GLSUser : 	at hbky.g(:com.google.android.gms@252932035@25.29.32 (260400-787198374):3)
10-23 18:46:59.938 10212 10229 W GLSUser : 	at hbir.e(:com.google.android.gms@252932035@25.29.32 (260400-787198374):1)
10-23 18:46:59.938 10212 10229 W GLSUser : 	at hbir.d(:com.google.android.gms@252932035@25.29.32 (260400-787198374):3)
10-23 18:46:59.938 10212 10229 W GLSUser : 	at hbir.p(:com.google.android.gms@252932035@25.29.32 (260400-787198374):1)
10-23 18:46:59.938 10212 10229 W GLSUser : 	at cjca.g(:com.google.android.gms@252932035@25.29.32 (260400-787198374):69)
10-23 18:46:59.938 10212 10229 W GLSUser : 	at cjca.b(:com.google.android.gms@252932035@25.29.32 (260400-787198374):11)
10-23 18:46:59.938 10212 10229 W GLSUser : 	... 11 more
10-23 18:46:59.939 10212 10229 W GLSUser : [DeviceKeyStore] Cannot load key: Device key file not found.
10-23 18:47:00.302 15380 16066 W Conscrypt: Could not set socket write timeout: java.net.SocketException: Socket closed
10-23 18:47:00.302 15380 16066 W Conscrypt: 	at com.google.android.gms.org.conscrypt.Platform.setSocketWriteTimeout(:com.google.android.gms@252932035@25.29.32 (260400-787198374):204)
10-23 18:47:00.302 15380 16066 W Conscrypt: 	at com.google.android.gms.org.conscrypt.ConscryptFileDescriptorSocket.setSoWriteTimeout(:com.google.android.gms@252932035@25.29.32 (260400-787198374):4)
10-23 18:47:00.519 15380 16066 W Conscrypt: Could not set socket write timeout: java.net.SocketException: Socket closed
10-23 18:47:00.519 15380 16066 W Conscrypt: 	at com.google.android.gms.org.conscrypt.Platform.setSocketWriteTimeout(:com.google.android.gms@252932035@25.29.32 (260400-787198374):204)
10-23 18:47:00.519 15380 16066 W Conscrypt: 	at com.google.android.gms.org.conscrypt.ConscryptFileDescriptorSocket.setSoWriteTimeout(:com.google.android.gms@252932035@25.29.32 (260400-787198374):4)
10-23 18:47:01.118 15380 16818 E constellation: [rpc_manager] SetConsent failed with status: hvyf{code=PERMISSION_DENIED, description=The caller does not have permission, cause=null}
10-23 18:47:01.118 15380 16818 E constellation: Exception: 
10-23 18:47:01.118 15380 16818 E constellation: hvyg: PERMISSION_DENIED: The caller does not have permission
10-23 18:47:01.118 15380 16818 E constellation: 	at azom.s(:com.google.android.gms@252932035@25.29.32 (260400-787198374):31)
10-23 18:47:01.118 15380 16818 E constellation: 	at azom.f(:com.google.android.gms@252932035@25.29.32 (260400-787198374):90)
10-23 18:47:01.118 15380 16818 E constellation: 	at bahf.s(:com.google.android.gms@252932035@25.29.32 (260400-787198374):294)
10-23 18:47:01.118 15380 16818 E constellation: 	at bahf.z(:com.google.android.gms@252932035@25.29.32 (260400-787198374):126)
10-23 18:47:01.118 15380 16818 E constellation: 	at com.google.android.gms.constellation.EventManager.onHandleIntent(:com.google.android.gms@252932035@25.29.32 (260400-787198374):880)
10-23 18:47:01.118 15380 16818 E constellation: 	at com.google.android.chimera.IntentOperation.onHandleIntent(:com.google.android.gms@252932035@25.29.32 (260400-787198374):2)
10-23 18:47:01.118 15380 16818 E constellation: 	at auqc.onHandleIntent(:com.google.android.gms@252932035@25.29.32 (260400-787198374):8)
10-23 18:47:01.118 15380 16818 E constellation: 	at wab.run(:com.google.android.gms@252932035@25.29.32 (260400-787198374):64)
10-23 18:47:01.118 15380 16818 E constellation: 	at waa.run(:com.google.android.gms@252932035@25.29.32 (260400-787198374):132)
10-23 18:47:01.118 15380 16818 E constellation: 	at fzpz.run(:com.google.android.gms@252932035@25.29.32 (260400-787198374):21)
10-23 18:47:01.118 15380 16818 E constellation: 	at java.util.concurrent.ThreadPoolExecutor.runWorker(ThreadPoolExecutor.java:1156)
10-23 18:47:01.118 15380 16818 E constellation: 	at java.util.concurrent.ThreadPoolExecutor$Worker.run(ThreadPoolExecutor.java:651)
10-23 18:47:01.118 15380 16818 E constellation: 	at java.lang.Thread.run(Thread.java:1119)
10-23 18:47:01.119 15380 15566 E constellation: [api_set_asterism_consent] Verification exception:
10-23 18:47:01.119 15380 15566 E constellation: bazk: setConsent: The caller does not have permission []
10-23 18:47:01.119 15380 15566 E constellation: 	at bahf.s(:com.google.android.gms@252932035@25.29.32 (260400-787198374):783)
10-23 18:47:01.119 15380 15566 E constellation: 	at bahf.z(:com.google.android.gms@252932035@25.29.32 (260400-787198374):126)
10-23 18:47:01.119 15380 15566 E constellation: 	at com.google.android.gms.constellation.EventManager.onHandleIntent(:com.google.android.gms@252932035@25.29.32 (260400-787198374):880)
10-23 18:47:01.119 15380 15566 E constellation: 	at com.google.android.chimera.IntentOperation.onHandleIntent(:com.google.android.gms@252932035@25.29.32 (260400-787198374):2)
10-23 18:47:01.119 15380 15566 E constellation: 	at auqc.onHandleIntent(:com.google.android.gms@252932035@25.29.32 (260400-787198374):8)
10-23 18:47:01.119 15380 15566 E constellation: 	at wab.run(:com.google.android.gms@252932035@25.29.32 (260400-787198374):64)
10-23 18:47:01.119 15380 15566 E constellation: 	at waa.run(:com.google.android.gms@252932035@25.29.32 (260400-787198374):132)
10-23 18:47:01.119 15380 15566 E constellation: 	at fzpz.run(:com.google.android.gms@252932035@25.29.32 (260400-787198374):21)
10-23 18:47:01.119 15380 15566 E constellation: 	at java.util.concurrent.ThreadPoolExecutor.runWorker(ThreadPoolExecutor.java:1156)
10-23 18:47:01.119 15380 15566 E constellation: 	at java.util.concurrent.ThreadPoolExecutor$Worker.run(ThreadPoolExecutor.java:651)
10-23 18:47:01.119 15380 15566 E constellation: 	at java.lang.Thread.run(Thread.java:1119)
10-23 18:47:01.121 10966 16808 E Bugle   : SharedStorageInteractor: Security error,calling app is not whitelisted to access Bugle's data, uid: 10145
10-23 18:47:01.123 10966 16808 W BugleRcsEngine: Unable to send ContentProvider request event log [CONTEXT thread_id=163 ]
10-23 18:47:01.124 10966 16808 E BugleRcsEngine: Error while retrieving RcsProvisioningRcsDefaultOnConfiguration from Bugle storage. [CONTEXT log_prefix="ProvisioningEngineDataRetriever" thread_id=163 ]
10-23 18:47:01.124 10966 16808 E BugleRcsEngine: cvcl: ContentProvider request failed, failureReason: UID_NOT_VERIFIED_ERROR
10-23 18:47:01.124 10966 16808 E BugleRcsEngine: 	at cvcm.g(PG:134)
10-23 18:47:01.124 10966 16808 E BugleRcsEngine: 	at cvcm.i(PG:14)
10-23 18:47:01.124 10966 16808 E BugleRcsEngine: 	at cvcm.o(PG:7)
10-23 18:47:01.124 10966 16808 E BugleRcsEngine: 	at cumv.e(PG:7)
10-23 18:47:01.124 10966 16808 E BugleRcsEngine: 	at cueb.a(PG:3)
10-23 18:47:01.124 10966 16808 E BugleRcsEngine: 	at cudv.i(PG:9)
10-23 18:47:01.124 10966 16808 E BugleRcsEngine: 	at cudo.apply(PG:7)
10-23 18:47:01.124 10966 16808 E BugleRcsEngine: 	at dwoh.a(PG:7)
10-23 18:47:01.124 10966 16808 E BugleRcsEngine: 	at ecog.run(PG:18)
10-23 18:47:01.124 10966 16808 E BugleRcsEngine: 	at ecnj.execute(PG:1)
10-23 18:47:01.124 10966 16808 E BugleRcsEngine: 	at dwol.execute(PG:18)
10-23 18:47:01.124 10966 16808 E BugleRcsEngine: 	at eclk.o(PG:1)
10-23 18:47:01.124 10966 16808 E BugleRcsEngine: 	at eclk.j(PG:95)
10-23 18:47:01.124 10966 16808 E BugleRcsEngine: 	at eclk.setException(PG:19)
10-23 18:47:01.124 10966 16808 E BugleRcsEngine: 	at eclq.run(PG:81)
10-23 18:47:01.124 10966 16808 E BugleRcsEngine: 	at ecnj.execute(PG:1)
10-23 18:47:01.124 10966 16808 E BugleRcsEngine: 	at eclk.o(PG:1)
10-23 18:47:01.124 10966 16808 E BugleRcsEngine: 	at eclk.j(PG:95)
10-23 18:47:01.124 10966 16808 E BugleRcsEngine: 	at eclk.setException(PG:19)
10-23 18:47:01.124 10966 16808 E BugleRcsEngine: 	at dfvy.a(PG:35)
10-23 18:47:01.124 10966 16808 E BugleRcsEngine: 	at csaj.run(PG:12)
10-23 18:47:01.124 10966 16808 E BugleRcsEngine: 	at ecnj.execute(PG:1)
10-23 18:47:01.124 10966 16808 E BugleRcsEngine: 	at csak.c(PG:12)
10-23 18:47:01.124 10966 16808 E BugleRcsEngine: 	at csaz.b(PG:36)
10-23 18:47:01.124 10966 16808 E BugleRcsEngine: 	at csbf.u(PG:20)
10-23 18:47:01.124 10966 16808 E BugleRcsEngine: 	at csbb.a(PG:3)
10-23 18:47:01.124 10966 16808 E BugleRcsEngine: 	at cqhf.b(PG:15)
10-23 18:47:01.124 10966 16808 E BugleRcsEngine: 	at cpli.onConsentRegistered(PG:3)
10-23 18:47:01.124 10966 16808 E BugleRcsEngine: 	at com.google.android.gms.asterism.internal.IAsterismCallbacks$Stub.dispatchTransaction(PG:28)
10-23 18:47:01.124 10966 16808 E BugleRcsEngine: 	at com.google.android.aidl.BaseStub.onTransact(PG:13)
10-23 18:47:01.124 10966 16808 E BugleRcsEngine: 	at android.os.Binder.execTransactInternal(Binder.java:1414)
10-23 18:47:01.124 10966 16808 E BugleRcsEngine: 	at android.os.Binder.execTransact(Binder.java:1353)
