10-23 18:52:30.480  9769  9769 I Telecom : InCallController: update carmode current:UserHandle{0} parent:null: SSH.oR@A9g
10-23 18:52:30.481  9769 10260 W AppOpService: Ignored setUidMode call for runtime permission app op: uid = 1001, code = READ_CELL_BROADCASTS, mode = allow, callingUid = 1001, oldMode = allow
10-23 18:52:30.482 11337 11337 I Finsky:background: [2] aene - Received: android.intent.action.PACKAGE_REMOVED, [IQ77Gw3jeL3VXIUJiT0Kngi6JdMmBp28ZW7Z13_Tx2Y]
10-23 18:52:30.485  9769  9769 D ActivityThread: Package [com.alcineo.bonappetit] reported as REPLACED, but missing application info. Assuming REMOVED.
10-23 18:52:30.485  9769  9769 D AppSearchAppsIndexerManagerS: userid in package receiver: 10214
10-23 18:52:30.485  9769  9954 D BackgroundInstallControlService: Package event received: 0
10-23 18:52:30.487  9769  9867 I RoleService: Granting default roles...
10-23 18:52:30.488 10279 10279 I SafetyLabelChangedBroadcastReceiver: received broadcast packageName: com.alcineo.bonappetit, current user: UserHandle{0}, packageChangeEvent: UPDATE, intent user: UserHandle{0}
10-23 18:52:30.491  9769  9954 D BackgroundInstallControlService: Package event received: 0
10-23 18:52:30.492  9769  9954 D BackgroundInstallControlService: Package event received: 0
10-23 18:52:30.493 10279 10279 D ActivityThread: Package [com.alcineo.bonappetit] reported as REPLACED, but missing application info. Assuming REMOVED.
10-23 18:52:30.495  9769  9803 I system_server: AssetManager2(0xb400006f238ff6b8) locale list changing from [] to [en-US]
10-23 18:52:30.497  9769  9769 D AppSearchAppsIndexerManagerS: userid in package receiver: 10214
10-23 18:52:30.497  9769 10054 W SignedPackage: Package doesn't have required signing certificate: com.google.android.retaildemo
10-23 18:52:30.497  9769  9769 D ActivityThread: Package [com.alcineo.bonappetit] reported as REPLACED, but missing application info. Assuming REMOVED.
10-23 18:52:30.497  9769 10054 E RoleControllerServiceImpl: Default/fallback role holder package doesn't qualify for the role, package: com.google.android.gms.supervision, role: android.app.role.SYSTEM_SUPERVISION
10-23 18:52:30.498  9769  9769 W AlarmManager: Package com.alcineo.bonappetit, uid 10214 lost permission to set exact alarms!
10-23 18:52:30.502 10121 10121 E SmsApplication: com.google.android.apps.messaging lost android:read_cell_broadcasts:  (fixing)
10-23 18:52:30.502  9769 10758 W AppOpService: Ignored setUidMode call for runtime permission app op: uid = 10144, code = READ_CELL_BROADCASTS, mode = allow, callingUid = 1001, oldMode = allow
10-23 18:52:30.489 10742 10742 D ActivityThread: Package [com.alcineo.bonappetit] reported as REPLACED, but missing application info. Assuming REMOVED.
10-23 18:52:30.504  9769  9785 W AppOpService: Ignored setUidMode call for runtime permission app op: uid = 1001, code = READ_SMS, mode = allow, callingUid = 1001, oldMode = allow
10-23 18:52:30.504  9769  9785 W AppOpService: Ignored setUidMode call for runtime permission app op: uid = 1001, code = RECEIVE_SMS, mode = allow, callingUid = 1001, oldMode = allow
10-23 18:52:30.504  9769  9785 W AppOpService: Ignored setUidMode call for runtime permission app op: uid = 1001, code = RECEIVE_WAP_PUSH, mode = allow, callingUid = 1001, oldMode = allow
10-23 18:52:30.504  9769 10764 W AppOpService: Ignored setUidMode call for runtime permission app op: uid = 1001, code = SEND_SMS, mode = allow, callingUid = 1001, oldMode = allow
10-23 18:52:30.504  9769 10764 W AppOpService: Ignored setUidMode call for runtime permission app op: uid = 1001, code = READ_CELL_BROADCASTS, mode = allow, callingUid = 1001, oldMode = allow
10-23 18:52:30.507  9769 10054 W SignedPackage: Package doesn't have required signing certificate: com.google.android.apps.work.clouddpc
10-23 18:52:30.512  9769  9803 I system_server: AssetManager2(0xb400006f23900c98) locale list changing from [] to [en-US]
10-23 18:52:30.516 10121 10355 D ImsResolver: maybeAddedImsService, packageName: com.alcineo.bonappetit
10-23 18:52:30.516 10121 10355 V ImsResolver: searchForImsServices: package=com.alcineo.bonappetit, users=[UserHandle{0}]
10-23 18:52:30.517 10121 10355 V ImsResolver: searchForImsServices: package=com.alcineo.bonappetit, users=[UserHandle{0}]
10-23 18:52:30.525 10121 10121 W VvmPkgInstalledRcvr: carrierVvmPkgAdded: carrier vvm packages doesn't contain com.alcineo.bonappetit
10-23 18:52:30.527 10121 10121 D ActivityThread: Package [com.alcineo.bonappetit] reported as REPLACED, but missing application info. Assuming REMOVED.
10-23 18:52:30.529 10279 16892 I PermissionControllerServiceImpl: Updating user sensitive for uid 10214
10-23 18:52:30.534  9769  9785 I ActivityManager: Force stopping com.alcineo.bonappetit appid=10214 user=0: from pid 16909
10-23 18:52:30.537 10742 10747 W ndroid.keychain: Reducing the number of considered missed Gc histogram windows from 535 to 100
10-23 18:52:30.541 10907 11199 I Finsky  : [62] AIM: AppInfoManager-Perf > OnDeviceAppInfo > cacheHitCount=1, cacheMissCount=0. Missed  in cache (limit 10) : []
10-23 18:52:30.542 10907 11199 I Finsky  : [62] AIM: Got app ownership map. App counts: . Unique apps: 0
10-23 18:52:30.542 10907 11199 E Finsky  : [62] [Counters] attempted to use a non-positive increment for: 4752
10-23 18:52:30.542 10907 11199 E Finsky  : [62] [Counters] attempted to use a non-positive increment for: 4753
10-23 18:52:30.543 10907 11199 I Finsky  : [62] AIM: AppInfoManager-Perf > ItemModel > CacheSize=0, cacheHitCount=0, cacheMissCount=0, total appsWithNoServerDataCount=0. Missed  in cache (limit 10) : []
10-23 18:52:30.548 10907 10907 I Finsky  : [2] AIM: AppInfoCacheUpdater -> invalidating apps: [com.alcineo.bonappetit]
10-23 18:52:30.548 10907 10907 I Finsky  : [2] AIM: AppInfoManager-Perf > getApps > called for 1 apps
10-23 18:52:30.549 10907 16914 I Finsky  : [202] [ContentSync] finished, scheduled=false
10-23 18:52:30.553  9769 10647 I system_server: AssetManager2(0xb400006f238faed8) locale list changing from [] to [en-US]
10-23 18:52:30.553 10121 10127 I m.android.phone: Background concurrent mark compact GC freed 4126KB AllocSpace bytes, 0(0B) LOS objects, 49% free, 4061KB/8123KB, paused 134us,4.871ms total 140.709ms
10-23 18:52:30.557 10907 11199 I Finsky  : [62] AIM: AppInfoManager-Perf > OnDeviceAppInfo > cacheHitCount=0, cacheMissCount=1. Missed  in cache (limit 10) : [com.alcineo.bonappetit]
10-23 18:52:30.561 11552 11560 W .localtransport: Reducing the number of considered missed Gc histogram windows from 534 to 100
10-23 18:52:30.561 10907 11204 I Finsky  : [64] AIM: Got app ownership map. App counts: . Unique apps: 0
10-23 18:52:30.561 10907 11204 E Finsky  : [64] [Counters] attempted to use a non-positive increment for: 4752
10-23 18:52:30.572 11337 11337 I Finsky:background: [2] IQ: onPackageRemoved com.alcineo.bonappetit, replacing=true, uninstallingFromPlay=false
10-23 18:52:30.579 10907 11167 I android.vending: AssetManager2(0xb400006f23875eb8) locale list changing from [] to [en-US]
10-23 18:52:30.583 16916 16916 W service : Thread Pool max thread count is 0. Cannot cache binder as linkToDeath cannot be implemented. serviceName: DockObserver
10-23 18:52:30.585 16916 16916 E Parcel  : Reading a NULL string not supported here.
10-23 18:52:30.585 16916 16916 W service : Thread Pool max thread count is 0. Cannot cache binder as linkToDeath cannot be implemented. serviceName: SurfaceFlinger
10-23 18:52:30.585 16916 16916 W service : Thread Pool max thread count is 0. Cannot cache binder as linkToDeath cannot be implemented. serviceName: SurfaceFlingerAIDL
10-23 18:52:30.586 11337 16920 I Finsky:background: [111] IQ: handled package removed
10-23 18:52:30.587 16916 16916 W service : Thread Pool max thread count is 0. Cannot cache binder as linkToDeath cannot be implemented. serviceName: accessibility
10-23 18:52:30.588 16916 16916 W service : Thread Pool max thread count is 0. Cannot cache binder as linkToDeath cannot be implemented. serviceName: account
10-23 18:52:30.590 16916 16916 W service : Thread Pool max thread count is 0. Cannot cache binder as linkToDeath cannot be implemented. serviceName: activity
10-23 18:52:30.590 16916 16916 W service : Thread Pool max thread count is 0. Cannot cache binder as linkToDeath cannot be implemented. serviceName: activity_task
10-23 18:52:30.592 16916 16916 W service : Thread Pool max thread count is 0. Cannot cache binder as linkToDeath cannot be implemented. serviceName: adb
10-23 18:52:30.593 16916 16916 W service : Thread Pool max thread count is 0. Cannot cache binder as linkToDeath cannot be implemented. serviceName: adservices_manager
10-23 18:52:30.594 16916 16916 W service : Thread Pool max thread count is 0. Cannot cache binder as linkToDeath cannot be implemented. serviceName: advanced_protection
10-23 18:52:30.596  9769  9885 I system_server: AssetManager2(0xb400006f23913bb8) locale list changing from [] to [en-US]
10-23 18:52:30.596 16916 16916 W service : Thread Pool max thread count is 0. Cannot cache binder as linkToDeath cannot be implemented. serviceName: alarm
10-23 18:52:30.598 16916 16916 W service : Thread Pool max thread count is 0. Cannot cache binder as linkToDeath cannot be implemented. serviceName: ambient_context
10-23 18:52:30.602 10907 11167 W HWUI    : Image decoding logging dropped!
10-23 18:52:30.602 10121 10121 D ActivityThread: Package [com.alcineo.bonappetit] reported as REPLACED, but missing application info. Assuming REMOVED.
10-23 18:52:30.603 10907 11204 E Finsky  : [64] [Counters] attempted to use a non-positive increment for: 4753
10-23 18:52:30.604 16885 16887 I artd    : GetBestInfo: /data/app/~~e6uiv1UWG6BOTIZ7hMCg2w==/com.alcineo.bonappetit-6C_HYVOII3lqvkXSgyd7sQ==/base.apk has no usable artifacts
10-23 18:52:30.604 16916 16916 W service : Thread Pool max thread count is 0. Cannot cache binder as linkToDeath cannot be implemented. serviceName: android.frameworks.cameraservice.service.ICameraService/default
10-23 18:52:30.605 16916 16916 W service : Thread Pool max thread count is 0. Cannot cache binder as linkToDeath cannot be implemented. serviceName: android.frameworks.devicestate.IDeviceStateService/default
10-23 18:52:30.607 16916 16916 W service : Thread Pool max thread count is 0. Cannot cache binder as linkToDeath cannot be implemented. serviceName: android.frameworks.location.altitude.IAltitudeService/default
10-23 18:52:30.608 16916 16916 W service : Thread Pool max thread count is 0. Cannot cache binder as linkToDeath cannot be implemented. serviceName: android.frameworks.sensorservice.ISensorManager/default
10-23 18:52:30.609 11337 11337 I Finsky:background: [2] aene - Received: android.intent.action.PACKAGE_ADDED, [IQ77Gw3jeL3VXIUJiT0Kngi6JdMmBp28ZW7Z13_Tx2Y]
10-23 18:52:30.611 16916 16916 W service : Thread Pool max thread count is 0. Cannot cache binder as linkToDeath cannot be implemented. serviceName: android.frameworks.stats.IStats/default
10-23 18:52:30.612 16916 16916 W service : Thread Pool max thread count is 0. Cannot cache binder as linkToDeath cannot be implemented. serviceName: android.frameworks.vibrator.IVibratorControlService/default
10-23 18:52:30.614 11337 16906 I Finsky:background: [109] Wrote row to frosting DB: 405
10-23 18:52:30.615 10907 10907 I Finsky  : [2] aeno - Received: android.intent.action.PACKAGE_ADDED, [IQ77Gw3jeL3VXIUJiT0Kngi6JdMmBp28ZW7Z13_Tx2Y]
10-23 18:52:30.620  9769  9781 W system_server: Suspending all threads took: 7.703ms
10-23 18:52:30.624 10907 11133 I Finsky  : [53] AIM: AppInfoManager-Perf > ItemModel > CacheSize=0, cacheHitCount=0, cacheMissCount=0, total appsWithNoServerDataCount=0. Missed  in cache (limit 10) : []
10-23 18:52:30.630  9769  9885 W MagnificationConnectionManager: requestConnection duplicated request: connect=false, mConnectionState=DISCONNECTED
10-23 18:52:30.631  9769  9885 I system_server: AssetManager2(0xb400006f23914e78) locale list changing from [] to [en-US]
10-23 18:52:30.632  9769  9885 I system_server: AssetManager2(0xb400006f23911638) locale list changing from [] to [en-US]
10-23 18:52:30.632 11337 16906 I Finsky:background: [109] Wrote row to frosting DB: 406
10-23 18:52:30.633  9769  9769 W IPCThreadState: Sending oneway calls to frozen process.
10-23 18:52:30.633  9769  9769 W IPCThreadState: Sending oneway calls to frozen process.
10-23 18:52:30.633  9769  9769 W IPCThreadState: Sending oneway calls to frozen process.
10-23 18:52:30.634  9769  9769 W IPCThreadState: Sending oneway calls to frozen process.
10-23 18:52:30.634  9769  9769 W IPCThreadState: Sending oneway calls to frozen process.
10-23 18:52:30.634  9769  9769 W IPCThreadState: Sending oneway calls to frozen process.
10-23 18:52:30.634  9769  9769 W IPCThreadState: Sending oneway calls to frozen process.
10-23 18:52:30.634  9769  9769 W IPCThreadState: Sending oneway calls to frozen process.
10-23 18:52:30.643 16916 16916 W service : Thread Pool max thread count is 0. Cannot cache binder as linkToDeath cannot be implemented. serviceName: android.hardware.authsecret.IAuthSecret/default
10-23 18:52:30.636 16916 16916 W service : type=1400 audit(0.0:368): avc:  denied  { call } for  scontext=u:r:shell:s0 tcontext=u:r:hal_authsecret_default:s0 tclass=binder permissive=0
10-23 18:52:30.644 16916 16916 E IPCThreadState: Binder transaction failure. id: 3654193, BR_*: 29201, error: -1 (Operation not permitted)
10-23 18:52:30.640 16916 16916 W service : type=1400 audit(0.0:369): avc:  denied  { call } for  scontext=u:r:shell:s0 tcontext=u:r:hal_fingerprint_default:s0 tclass=binder permissive=0
10-23 18:52:30.640 16916 16916 W service : type=1400 audit(0.0:370): avc:  denied  { call } for  scontext=u:r:shell:s0 tcontext=u:r:hal_bluetooth_default:s0 tclass=binder permissive=0
10-23 18:52:30.640 16916 16916 W service : type=1400 audit(0.0:371): avc:  denied  { call } for  scontext=u:r:shell:s0 tcontext=u:r:hal_audio_default:s0 tclass=binder permissive=0
10-23 18:52:30.640 16916 16916 W service : type=1400 audit(0.0:372): avc:  denied  { call } for  scontext=u:r:shell:s0 tcontext=u:r:hal_bluetooth_default:s0 tclass=binder permissive=0
10-23 18:52:30.644 16916 16916 E IPCThreadState: Binder transaction failure. id: 3654197, BR_*: 29201, error: -1 (Operation not permitted)
10-23 18:52:30.644 16916 16916 W service : Thread Pool max thread count is 0. Cannot cache binder as linkToDeath cannot be implemented. serviceName: android.hardware.bluetooth.IBluetoothHci/default
10-23 18:52:30.644 16916 16916 E IPCThreadState: Binder transaction failure. id: 3654201, BR_*: 29201, error: -1 (Operation not permitted)
10-23 18:52:30.644 16916 16916 W service : Thread Pool max thread count is 0. Cannot cache binder as linkToDeath cannot be implemented. serviceName: android.hardware.bluetooth.audio.IBluetoothAudioProviderFactory/default
10-23 18:52:30.644 16916 16916 E IPCThreadState: Binder transaction failure. id: 3654205, BR_*: 29201, error: -1 (Operation not permitted)
10-23 18:52:30.644 16916 16916 W service : Thread Pool max thread count is 0. Cannot cache binder as linkToDeath cannot be implemented. serviceName: android.hardware.bluetooth.offload.leaudio.IHciProxy/default
10-23 18:52:30.644 16916 16916 E IPCThreadState: Binder transaction failure. id: 3654209, BR_*: 29201, error: -1 (Operation not permitted)
10-23 18:52:30.644 16916 16916 W service : Thread Pool max thread count is 0. Cannot cache binder as linkToDeath cannot be implemented. serviceName: android.hardware.camera.provider.ICameraProvider/internal/0
10-23 18:52:30.644 16916 16916 E IPCThreadState: Binder transaction failure. id: 3654213, BR_*: 29201, error: -1 (Operation not permitted)
10-23 18:52:30.644 16916 16916 W service : Thread Pool max thread count is 0. Cannot cache binder as linkToDeath cannot be implemented. serviceName: android.hardware.camera.provider.ICameraProvider/internal/1
10-23 18:52:30.644 16916 16916 E IPCThreadState: Binder transaction failure. id: 3654217, BR_*: 29201, error: -1 (Operation not permitted)
10-23 18:52:30.644 16916 16916 W service : Thread Pool max thread count is 0. Cannot cache binder as linkToDeath cannot be implemented. serviceName: android.hardware.cas.IMediaCasService/default
10-23 18:52:30.645 16916 16916 W service : Thread Pool max thread count is 0. Cannot cache binder as linkToDeath cannot be implemented. serviceName: android.hardware.contexthub.IContextHub/default
10-23 18:52:30.645 16916 16916 E IPCThreadState: Binder transaction failure. id: 3654226, BR_*: 29201, error: -1 (Operation not permitted)
10-23 18:52:30.645 16916 16916 W service : Thread Pool max thread count is 0. Cannot cache binder as linkToDeath cannot be implemented. serviceName: android.hardware.drm.IDrmFactory/widevine
10-23 18:52:30.646 11337 16906 I Finsky:background: [109] Wrote row to frosting DB: 407
10-23 18:52:30.647 16916 16916 W service : Thread Pool max thread count is 0. Cannot cache binder as linkToDeath cannot be implemented. serviceName: android.hardware.gatekeeper.IGatekeeper/default
10-23 18:52:30.647 16916 16916 E IPCThreadState: Binder transaction failure. id: 3654236, BR_*: 29201, error: -1 (Operation not permitted)
10-23 18:52:30.647 16916 16916 E IPCThreadState: Binder transaction failure. id: 3654240, BR_*: 29201, error: -1 (Operation not permitted)
10-23 18:52:30.647 16916 16916 W service : Thread Pool max thread count is 0. Cannot cache binder as linkToDeath cannot be implemented. serviceName: android.hardware.graphics.allocator.IAllocator/default
10-23 18:52:30.647 16916 16916 W service : Thread Pool max thread count is 0. Cannot cache binder as linkToDeath cannot be implemented. serviceName: android.hardware.graphics.composer3.IComposer/default
10-23 18:52:30.647 16916 16916 E IPCThreadState: Binder transaction failure. id: 3654250, BR_*: 29201, error: -1 (Operation not permitted)
10-23 18:52:30.647 16916 16916 W service : Thread Pool max thread count is 0. Cannot cache binder as linkToDeath cannot be implemented. serviceName: android.hardware.health.IHealth/default
10-23 18:52:30.647 16916 16916 E IPCThreadState: Binder transaction failure. id: 3654254, BR_*: 29201, error: -1 (Operation not permitted)
10-23 18:52:30.647 16916 16916 W service : Thread Pool max thread count is 0. Cannot cache binder as linkToDeath cannot be implemented. serviceName: android.hardware.identity.IIdentityCredentialStore/default
10-23 18:52:30.647 16916 16916 E IPCThreadState: Binder transaction failure. id: 3654258, BR_*: 29201, error: -1 (Operation not permitted)
10-23 18:52:30.647 16916 16916 W service : Thread Pool max thread count is 0. Cannot cache binder as linkToDeath cannot be implemented. serviceName: android.hardware.light.ILights/default
10-23 18:52:30.647 16916 16916 E IPCThreadState: Binder transaction failure. id: 3654262, BR_*: 29201, error: -1 (Operation not permitted)
10-23 18:52:30.647 16916 16916 W service : Thread Pool max thread count is 0. Cannot cache binder as linkToDeath cannot be implemented. serviceName: android.hardware.media.c2.IComponentStore/software
10-23 18:52:30.647 16916 16916 W service : Thread Pool max thread count is 0. Cannot cache binder as linkToDeath cannot be implemented. serviceName: android.hardware.neuralnetworks.IDevice/nnapi-sample_all
10-23 18:52:30.647 16916 16916 W service : Thread Pool max thread count is 0. Cannot cache binder as linkToDeath cannot be implemented. serviceName: android.hardware.neuralnetworks.IDevice/nnapi-sample_quant
10-23 18:52:30.649 16916 16916 W service : Thread Pool max thread count is 0. Cannot cache binder as linkToDeath cannot be implemented. serviceName: android.hardware.neuralnetworks.IDevice/nnapi-sample_sl_shim
10-23 18:52:30.649 16916 16916 W service : Thread Pool max thread count is 0. Cannot cache binder as linkToDeath cannot be implemented. serviceName: android.hardware.power.IPower/default
10-23 18:52:30.649 16916 16916 E IPCThreadState: Binder transaction failure. id: 3654292, BR_*: 29201, error: -1 (Operation not permitted)
10-23 18:52:30.649 16916 16916 W service : Thread Pool max thread count is 0. Cannot cache binder as linkToDeath cannot be implemented. serviceName: android.hardware.power.stats.IPowerStats/default
10-23 18:52:30.649 16916 16916 E IPCThreadState: Binder transaction failure. id: 3654296, BR_*: 29201, error: -1 (Operation not permitted)
10-23 18:52:30.649 16916 16916 W service : Thread Pool max thread count is 0. Cannot cache binder as linkToDeath cannot be implemented. serviceName: android.hardware.radio.config.IRadioConfig/default
10-23 18:52:30.650 16916 16916 E IPCThreadState: Binder transaction failure. id: 3654300, BR_*: 29201, error: -1 (Operation not permitted)
10-23 18:52:30.650 16916 16916 W service : Thread Pool max thread count is 0. Cannot cache binder as linkToDeath cannot be implemented. serviceName: android.hardware.radio.data.IRadioData/slot1
10-23 18:52:30.650 16916 16916 E IPCThreadState: Binder transaction failure. id: 3654304, BR_*: 29201, error: -1 (Operation not permitted)
10-23 18:52:30.650 16916 16916 W service : Thread Pool max thread count is 0. Cannot cache binder as linkToDeath cannot be implemented. serviceName: android.hardware.radio.ims.IRadioIms/slot1
10-23 18:52:30.650 16916 16916 E IPCThreadState: Binder transaction failure. id: 3654308, BR_*: 29201, error: -1 (Operation not permitted)
10-23 18:52:30.650 16916 16916 W service : Thread Pool max thread count is 0. Cannot cache binder as linkToDeath cannot be implemented. serviceName: android.hardware.radio.ims.media.IImsMedia/default
10-23 18:52:30.650 16916 16916 E IPCThreadState: Binder transaction failure. id: 3654312, BR_*: 29201, error: -1 (Operation not permitted)
10-23 18:52:30.650 16916 16916 W service : Thread Pool max thread count is 0. Cannot cache binder as linkToDeath cannot be implemented. serviceName: android.hardware.radio.messaging.IRadioMessaging/slot1
10-23 18:52:30.650 16916 16916 E IPCThreadState: Binder transaction failure. id: 3654316, BR_*: 29201, error: -1 (Operation not permitted)
10-23 18:52:30.650 16916 16916 W service : Thread Pool max thread count is 0. Cannot cache binder as linkToDeath cannot be implemented. serviceName: android.hardware.radio.modem.IRadioModem/slot1
10-23 18:52:30.650 16916 16916 E IPCThreadState: Binder transaction failure. id: 3654320, BR_*: 29201, error: -1 (Operation not permitted)
10-23 18:52:30.650 16916 16916 W service : Thread Pool max thread count is 0. Cannot cache binder as linkToDeath cannot be implemented. serviceName: android.hardware.radio.network.IRadioNetwork/slot1
10-23 18:52:30.650 16916 16916 E IPCThreadState: Binder transaction failure. id: 3654324, BR_*: 29201, error: -1 (Operation not permitted)
10-23 18:52:30.650 16916 16916 W service : Thread Pool max thread count is 0. Cannot cache binder as linkToDeath cannot be implemented. serviceName: android.hardware.radio.sap.ISap/slot1
10-23 18:52:30.650 16916 16916 E IPCThreadState: Binder transaction failure. id: 3654328, BR_*: 29201, error: -1 (Operation not permitted)
10-23 18:52:30.650 16916 16916 W service : Thread Pool max thread count is 0. Cannot cache binder as linkToDeath cannot be implemented. serviceName: android.hardware.radio.sim.IRadioSim/slot1
10-23 18:52:30.650 16916 16916 E IPCThreadState: Binder transaction failure. id: 3654332, BR_*: 29201, error: -1 (Operation not permitted)
10-23 18:52:30.650 16916 16916 W service : Thread Pool max thread count is 0. Cannot cache binder as linkToDeath cannot be implemented. serviceName: android.hardware.radio.voice.IRadioVoice/slot1
10-23 18:52:30.650 16916 16916 E IPCThreadState: Binder transaction failure. id: 3654336, BR_*: 29201, error: -1 (Operation not permitted)
10-23 18:52:30.650 16916 16916 W service : Thread Pool max thread count is 0. Cannot cache binder as linkToDeath cannot be implemented. serviceName: android.hardware.rebootescrow.IRebootEscrow/default
10-23 18:52:30.650 16916 16916 E IPCThreadState: Binder transaction failure. id: 3654340, BR_*: 29201, error: -1 (Operation not permitted)
10-23 18:52:30.651 16916 16916 W service : Thread Pool max thread count is 0. Cannot cache binder as linkToDeath cannot be implemented. serviceName: android.hardware.security.keymint.IRemotelyProvisionedComponent/default
10-23 18:52:30.651 16916 16916 W service : Thread Pool max thread count is 0. Cannot cache binder as linkToDeath cannot be implemented. serviceName: android.hardware.security.sharedsecret.ISharedSecret/gatekeeper
10-23 18:52:30.651 16916 16916 E IPCThreadState: Binder transaction failure. id: 3654355, BR_*: 29201, error: -1 (Operation not permitted)
10-23 18:52:30.651 16916 16916 W service : Thread Pool max thread count is 0. Cannot cache binder as linkToDeath cannot be implemented. serviceName: android.hardware.sensors.ISensors/default
10-23 18:52:30.651 16916 16916 E IPCThreadState: Binder transaction failure. id: 3654359, BR_*: 29201, error: -1 (Operation not permitted)
10-23 18:52:30.651 16916 16916 W service : Thread Pool max thread count is 0. Cannot cache binder as linkToDeath cannot be implemented. serviceName: android.hardware.thermal.IThermal/default
10-23 18:52:30.651 16916 16916 E IPCThreadState: Binder transaction failure. id: 3654363, BR_*: 29201, error: -1 (Operation not permitted)
10-23 18:52:30.651 16916 16916 W service : Thread Pool max thread count is 0. Cannot cache binder as linkToDeath cannot be implemented. serviceName: android.hardware.threadnetwork.IThreadChip/chip0
10-23 18:52:30.651 16916 16916 E IPCThreadState: Binder transaction failure. id: 3654367, BR_*: 29201, error: -1 (Operation not permitted)
10-23 18:52:30.652 16916 16916 W service : Thread Pool max thread count is 0. Cannot cache binder as linkToDeath cannot be implemented. serviceName: android.hardware.usb.IUsb/default
10-23 18:52:30.652 16916 16916 E IPCThreadState: Binder transaction failure. id: 3654371, BR_*: 29201, error: -1 (Operation not permitted)
10-23 18:52:30.652 16916 16916 W service : Thread Pool max thread count is 0. Cannot cache binder as linkToDeath cannot be implemented. serviceName: android.hardware.uwb.IUwb/default
10-23 18:52:30.652 16916 16916 E IPCThreadState: Binder transaction failure. id: 3654375, BR_*: 29201, error: -1 (Operation not permitted)
10-23 18:52:30.652 16916 16916 W service : Thread Pool max thread count is 0. Cannot cache binder as linkToDeath cannot be implemented. serviceName: android.hardware.vibrator.IVibrator/default
10-23 18:52:30.652 16916 16916 E IPCThreadState: Binder transaction failure. id: 3654379, BR_*: 29201, error: -1 (Operation not permitted)
10-23 18:52:30.652 16916 16916 W service : Thread Pool max thread count is 0. Cannot cache binder as linkToDeath cannot be implemented. serviceName: android.hardware.vibrator.IVibratorManager/default
10-23 18:52:30.652 16916 16916 E IPCThreadState: Binder transaction failure. id: 3654383, BR_*: 29201, error: -1 (Operation not permitted)
10-23 18:52:30.652 16916 16916 W service : Thread Pool max thread count is 0. Cannot cache binder as linkToDeath cannot be implemented. serviceName: android.hardware.wifi.IWifi/default
10-23 18:52:30.652 16916 16916 E IPCThreadState: Binder transaction failure. id: 3654387, BR_*: 29201, error: -1 (Operation not permitted)
10-23 18:52:30.652 16916 16916 W service : Thread Pool max thread count is 0. Cannot cache binder as linkToDeath cannot be implemented. serviceName: android.hardware.wifi.supplicant.ISupplicant/default
10-23 18:52:30.652 16916 16916 E IPCThreadState: Binder transaction failure. id: 3654391, BR_*: 29201, error: -1 (Operation not permitted)
10-23 18:52:30.652 16916 16916 W service : Thread Pool max thread count is 0. Cannot cache binder as linkToDeath cannot be implemented. serviceName: android.security.apc
10-23 18:52:30.652 16916 16916 W service : Thread Pool max thread count is 0. Cannot cache binder as linkToDeath cannot be implemented. serviceName: android.security.authorization
10-23 18:52:30.652 16916 16916 W service : Thread Pool max thread count is 0. Cannot cache binder as linkToDeath cannot be implemented. serviceName: android.security.compat
10-23 18:52:30.655 10604 10620 I ogle.android.as: Background concurrent mark compact GC freed 4840KB AllocSpace bytes, 0(0B) LOS objects, 49% free, 6812KB/13MB, paused 285us,871us total 310.398ms
10-23 18:52:30.655 11337 11337 I Finsky:background: [2] aene - Received: android.intent.action.PACKAGE_ADDED, [IQ77Gw3jeL3VXIUJiT0Kngi6JdMmBp28ZW7Z13_Tx2Y]
10-23 18:52:30.655 16916 16916 W service : Thread Pool max thread count is 0. Cannot cache binder as linkToDeath cannot be implemented. serviceName: android.security.identity
10-23 18:52:30.657  9769  9885 W MagnificationConnectionManager: requestConnection duplicated request: connect=false, mConnectionState=DISCONNECTED
10-23 18:52:30.659  9769  9769 W IPCThreadState: Sending oneway calls to frozen process.
10-23 18:52:30.659  9769  9769 W IPCThreadState: Sending oneway calls to frozen process.
10-23 18:52:30.659 16916 16916 W service : Thread Pool max thread count is 0. Cannot cache binder as linkToDeath cannot be implemented. serviceName: android.security.legacykeystore
10-23 18:52:30.660 16916 16916 W service : Thread Pool max thread count is 0. Cannot cache binder as linkToDeath cannot be implemented. serviceName: android.security.maintenance
10-23 18:52:30.660 16916 16916 W service : Thread Pool max thread count is 0. Cannot cache binder as linkToDeath cannot be implemented. serviceName: android.security.metrics
10-23 18:52:30.661 16916 16916 W service : Thread Pool max thread count is 0. Cannot cache binder as linkToDeath cannot be implemented. serviceName: android.system.keystore2.IKeystoreService/default
10-23 18:52:30.662 16916 16916 W service : Thread Pool max thread count is 0. Cannot cache binder as linkToDeath cannot be implemented. serviceName: android.system.net.netd.INetd/default
10-23 18:52:30.662 16916 16916 E IPCThreadState: Binder transaction failure. id: 3654454, BR_*: 29201, error: -1 (Operation not permitted)
10-23 18:52:30.662 16916 16916 W service : Thread Pool max thread count is 0. Cannot cache binder as linkToDeath cannot be implemented. serviceName: android.system.suspend.ISystemSuspend/default
10-23 18:52:30.662 16916 16916 E IPCThreadState: Binder transaction failure. id: 3654459, BR_*: 29201, error: -1 (Operation not permitted)
10-23 18:52:30.663  9769  9769 W IPCThreadState: Sending oneway calls to frozen process.
10-23 18:52:30.663 16916 16916 W service : Thread Pool max thread count is 0. Cannot cache binder as linkToDeath cannot be implemented. serviceName: android.system.vold.IVold/default
10-23 18:52:30.663 16916 16916 E IPCThreadState: Binder transaction failure. id: 3654469, BR_*: 29201, error: -1 (Operation not permitted)
10-23 18:52:30.663 16916 16916 W service : Thread Pool max thread count is 0. Cannot cache binder as linkToDeath cannot be implemented. serviceName: app_binding
10-23 18:52:30.663 16916 16916 E Parcel  : Reading a NULL string not supported here.
10-23 18:52:30.664  9769  9769 W IPCThreadState: Sending oneway calls to frozen process.
10-23 18:52:30.664 16916 16916 W service : Thread Pool max thread count is 0. Cannot cache binder as linkToDeath cannot be implemented. serviceName: app_function
10-23 18:52:30.664 16916 16916 W service : Thread Pool max thread count is 0. Cannot cache binder as linkToDeath cannot be implemented. serviceName: app_hibernation
10-23 18:52:30.664 16916 16916 W service : Thread Pool max thread count is 0. Cannot cache binder as linkToDeath cannot be implemented. serviceName: app_integrity
10-23 18:52:30.664 16916 16916 W service : Thread Pool max thread count is 0. Cannot cache binder as linkToDeath cannot be implemented. serviceName: app_prediction
10-23 18:52:30.665 16916 16916 W service : Thread Pool max thread count is 0. Cannot cache binder as linkToDeath cannot be implemented. serviceName: app_search
10-23 18:52:30.665 16916 16916 W service : Thread Pool max thread count is 0. Cannot cache binder as linkToDeath cannot be implemented. serviceName: appops
10-23 18:52:30.665 16916 16916 W service : Thread Pool max thread count is 0. Cannot cache binder as linkToDeath cannot be implemented. serviceName: appwidget
10-23 18:52:30.665 16916 16916 E IPCThreadState: Binder transaction failure. id: 3654516, BR_*: 29201, error: -1 (Operation not permitted)
10-23 18:52:30.666 11337 16906 I Finsky:background: [109] Wrote row to frosting DB: 408
10-23 18:52:30.667 16916 16916 W service : Thread Pool max thread count is 0. Cannot cache binder as linkToDeath cannot be implemented. serviceName: attestation_verification
10-23 18:52:30.668 16916 16916 W service : Thread Pool max thread count is 0. Cannot cache binder as linkToDeath cannot be implemented. serviceName: audio
10-23 18:52:30.668  9769  9769 W IPCThreadState: Sending oneway calls to frozen process.
10-23 18:52:30.668  9769  9769 W IPCThreadState: Sending oneway calls to frozen process.
10-23 18:52:30.668  9769  9769 W IPCThreadState: Sending oneway calls to frozen process.
10-23 18:52:30.669 16916 16916 W service : Thread Pool max thread count is 0. Cannot cache binder as linkToDeath cannot be implemented. serviceName: auth
10-23 18:52:30.669  9769  9769 W IPCThreadState: Sending oneway calls to frozen process.
10-23 18:52:30.669 16916 16916 W service : Thread Pool max thread count is 0. Cannot cache binder as linkToDeath cannot be implemented. serviceName: authentication_policy
10-23 18:52:30.670 10121 10121 D CarrierSvcBindHelper: onHandleForceStop: [com.alcineo.bonappetit]
10-23 18:52:30.671 16916 16916 W service : Thread Pool max thread count is 0. Cannot cache binder as linkToDeath cannot be implemented. serviceName: autofill
10-23 18:52:30.671 10121 10121 D CarrierSvcBindHelper: No carrier app for: 0
10-23 18:52:30.672 16916 16916 W service : Thread Pool max thread count is 0. Cannot cache binder as linkToDeath cannot be implemented. serviceName: background_install_control
10-23 18:52:30.672 16916 16916 W service : Thread Pool max thread count is 0. Cannot cache binder as linkToDeath cannot be implemented. serviceName: backup
10-23 18:52:30.673 16916 16916 W service : Thread Pool max thread count is 0. Cannot cache binder as linkToDeath cannot be implemented. serviceName: battery
10-23 18:52:30.673 16916 16916 E Parcel  : Reading a NULL string not supported here.
10-23 18:52:30.674 16916 16916 W service : Thread Pool max thread count is 0. Cannot cache binder as linkToDeath cannot be implemented. serviceName: batteryproperties
10-23 18:52:30.675 11337 16906 I Finsky:background: [109] Wrote row to frosting DB: 409
10-23 18:52:30.676 16916 16916 W service : Thread Pool max thread count is 0. Cannot cache binder as linkToDeath cannot be implemented. serviceName: batterystats
10-23 18:52:30.677 10907 10907 I Finsky  : [2] DTU: Received onPackageAdded, replacing: true
10-23 18:52:30.677  9769  9781 I system_server: Background concurrent mark compact GC freed 21MB AllocSpace bytes, 52(1464KB) LOS objects, 41% free, 33MB/57MB, paused 9.623ms,1.281ms total 332.405ms
10-23 18:52:30.680 16916 16916 W service : Thread Pool max thread count is 0. Cannot cache binder as linkToDeath cannot be implemented. serviceName: binder_calls_stats
10-23 18:52:30.680  9769  9803 I system_server: AssetManager2(0xb400006f239ae6b8) locale list changing from [] to [en-US]
10-23 18:52:30.681 16916 16916 E Parcel  : Reading a NULL string not supported here.
10-23 18:52:30.681 16916 16916 W service : Thread Pool max thread count is 0. Cannot cache binder as linkToDeath cannot be implemented. serviceName: biometric
10-23 18:52:30.682 10907 11199 I Finsky  : [62] AIM: AppInfoManager-Perf > OnDeviceAppInfo > cacheHitCount=1, cacheMissCount=0. Missed  in cache (limit 10) : []
10-23 18:52:30.682 16916 16916 W service : Thread Pool max thread count is 0. Cannot cache binder as linkToDeath cannot be implemented. serviceName: blob_store
10-23 18:52:30.683 16916 16916 W service : Thread Pool max thread count is 0. Cannot cache binder as linkToDeath cannot be implemented. serviceName: bluetooth_manager
10-23 18:52:30.684 16916 16916 W service : Thread Pool max thread count is 0. Cannot cache binder as linkToDeath cannot be implemented. serviceName: bugreport
10-23 18:52:30.685 16916 16916 W service : Thread Pool max thread count is 0. Cannot cache binder as linkToDeath cannot be implemented. serviceName: cacheinfo
10-23 18:52:30.685 16916 16916 E Parcel  : Reading a NULL string not supported here.
10-23 18:52:30.685 16916 16916 W service : Thread Pool max thread count is 0. Cannot cache binder as linkToDeath cannot be implemented. serviceName: carrier_config
10-23 18:52:30.686 16916 16916 W service : Thread Pool max thread count is 0. Cannot cache binder as linkToDeath cannot be implemented. serviceName: clipboard
10-23 18:52:30.687 16916 16916 W service : Thread Pool max thread count is 0. Cannot cache binder as linkToDeath cannot be implemented. serviceName: color_display
10-23 18:52:30.689  9769  9803 I system_server: AssetManager2(0xb400006f23910698) locale list changing from [] to [en-US]
10-23 18:52:30.693 10907 11199 I Finsky  : [62] AIM: Got app ownership map. App counts: . Unique apps: 0
10-23 18:52:30.693 10907 11199 E Finsky  : [62] [Counters] attempted to use a non-positive increment for: 4752
10-23 18:52:30.693 10907 11133 E Finsky  : [53] [Counters] attempted to use a non-positive increment for: 4753
10-23 18:52:30.694 16916 16916 W service : Thread Pool max thread count is 0. Cannot cache binder as linkToDeath cannot be implemented. serviceName: companiondevice
10-23 18:52:30.694 16916 16916 W service : Thread Pool max thread count is 0. Cannot cache binder as linkToDeath cannot be implemented. serviceName: connectivity
10-23 18:52:30.695 16916 16916 W service : Thread Pool max thread count is 0. Cannot cache binder as linkToDeath cannot be implemented. serviceName: connectivity_native
10-23 18:52:30.695 11337 11337 I Finsky:background: [2] aene - Deduping intent android.intent.action.PACKAGE_ADDED
10-23 18:52:30.696 16916 16916 W service : Thread Pool max thread count is 0. Cannot cache binder as linkToDeath cannot be implemented. serviceName: connmetrics
10-23 18:52:30.697 16916 16916 W service : Thread Pool max thread count is 0. Cannot cache binder as linkToDeath cannot be implemented. serviceName: content
10-23 18:52:30.697 16916 16916 W service : Thread Pool max thread count is 0. Cannot cache binder as linkToDeath cannot be implemented. serviceName: content_capture
10-23 18:52:30.697  9992 10002 I ndroid.systemui: Background concurrent mark compact GC freed 6150KB AllocSpace bytes, 64(1280KB) LOS objects, 50% free, 19MB/39MB, paused 330us,5.034ms total 352.943ms
10-23 18:52:30.699 16916 16916 W service : Thread Pool max thread count is 0. Cannot cache binder as linkToDeath cannot be implemented. serviceName: content_suggestions
10-23 18:52:30.699 16916 16916 W service : Thread Pool max thread count is 0. Cannot cache binder as linkToDeath cannot be implemented. serviceName: contexthub
10-23 18:52:30.700 16916 16916 W service : Thread Pool max thread count is 0. Cannot cache binder as linkToDeath cannot be implemented. serviceName: contextual_search
10-23 18:52:30.701 16916 16916 W service : Thread Pool max thread count is 0. Cannot cache binder as linkToDeath cannot be implemented. serviceName: country_detector
10-23 18:52:30.702 16916 16916 W service : Thread Pool max thread count is 0. Cannot cache binder as linkToDeath cannot be implemented. serviceName: cpuinfo
10-23 18:52:30.704 10907 11133 I Finsky  : [53] AIM: AppInfoManager-Perf > ItemModel > CacheSize=0, cacheHitCount=0, cacheMissCount=0, total appsWithNoServerDataCount=0. Missed  in cache (limit 10) : []
10-23 18:52:30.705  9769  9803 I system_server: AssetManager2(0xb400006f23912c18) locale list changing from [] to [en-US]
10-23 18:52:30.705 16916 16916 E Parcel  : Reading a NULL string not supported here.
10-23 18:52:30.705 16916 16916 W service : Thread Pool max thread count is 0. Cannot cache binder as linkToDeath cannot be implemented. serviceName: credential
10-23 18:52:30.706  9769  9803 I system_server: AssetManager2(0xb400006f2390e758) locale list changing from [] to [en-US]
10-23 18:52:30.708 16916 16916 W service : Thread Pool max thread count is 0. Cannot cache binder as linkToDeath cannot be implemented. serviceName: crossprofileapps
10-23 18:52:30.710 16916 16916 W service : Thread Pool max thread count is 0. Cannot cache binder as linkToDeath cannot be implemented. serviceName: dataloader_manager
10-23 18:52:30.710  9992 10004 W System  : A resource failed to call release. 
10-23 18:52:30.710  9992 10004 W System  : A resource failed to call release. 
10-23 18:52:30.710  9992 10004 W System  : A resource failed to call release. 
10-23 18:52:30.710 16916 16916 W service : Thread Pool max thread count is 0. Cannot cache binder as linkToDeath cannot be implemented. serviceName: dbinfo
10-23 18:52:30.710  9992 10004 W System  : A resource failed to call release. 
10-23 18:52:30.712 16916 16916 E Parcel  : Reading a NULL string not supported here.
10-23 18:52:30.712 16916 16916 W service : Thread Pool max thread count is 0. Cannot cache binder as linkToDeath cannot be implemented. serviceName: device_config
10-23 18:52:30.713 16916 16916 E Parcel  : Reading a NULL string not supported here.
10-23 18:52:30.713 16916 16916 W service : Thread Pool max thread count is 0. Cannot cache binder as linkToDeath cannot be implemented. serviceName: device_identifiers
10-23 18:52:30.713 16916 16916 W service : Thread Pool max thread count is 0. Cannot cache binder as linkToDeath cannot be implemented. serviceName: device_lock
10-23 18:52:30.715 10212 10223 I .gms.persistent: Background concurrent mark compact GC freed 13MB AllocSpace bytes, 36(1192KB) LOS objects, 50% free, 17MB/34MB, paused 1.779ms,1.964ms total 374.458ms
10-23 18:52:30.716 11337 11337 I Finsky:background: [2] aene - Received: android.intent.action.PACKAGE_ADDED, [IQ77Gw3jeL3VXIUJiT0Kngi6JdMmBp28ZW7Z13_Tx2Y]
10-23 18:52:30.717 16916 16916 W service : Thread Pool max thread count is 0. Cannot cache binder as linkToDeath cannot be implemented. serviceName: device_policy
10-23 18:52:30.717 16916 16916 W service : Thread Pool max thread count is 0. Cannot cache binder as linkToDeath cannot be implemented. serviceName: device_state
10-23 18:52:30.719 16916 16916 W service : Thread Pool max thread count is 0. Cannot cache binder as linkToDeath cannot be implemented. serviceName: deviceidle
10-23 18:52:30.720 16916 16916 W service : Thread Pool max thread count is 0. Cannot cache binder as linkToDeath cannot be implemented. serviceName: devicestoragemonitor
10-23 18:52:30.720 16916 16916 E Parcel  : Reading a NULL string not supported here.
10-23 18:52:30.720 16916 16916 W service : Thread Pool max thread count is 0. Cannot cache binder as linkToDeath cannot be implemented. serviceName: diskstats
10-23 18:52:30.720 16916 16916 E Parcel  : Reading a NULL string not supported here.
10-23 18:52:30.720 16916 16916 W service : Thread Pool max thread count is 0. Cannot cache binder as linkToDeath cannot be implemented. serviceName: display
10-23 18:52:30.722 16916 16916 W service : Thread Pool max thread count is 0. Cannot cache binder as linkToDeath cannot be implemented. serviceName: domain_verification
10-23 18:52:30.724 11337 11337 I Finsky:background: [2] aene - Deduping intent android.intent.action.PACKAGE_ADDED
10-23 18:52:30.726 16916 16916 W service : Thread Pool max thread count is 0. Cannot cache binder as linkToDeath cannot be implemented. serviceName: dreams
10-23 18:52:30.726  9769 10054 E RoleControllerServiceImpl: Default/fallback role holder package doesn't qualify for the role, package: com.google.android.gms, role: android.app.role.WALLET
10-23 18:52:30.727 11337 11470 I Finsky:background: [50] RECEIVER_PACKAGE_MONITOR_BACKGROUND#logWorkEndAndFinishGoAsync: SUCCESS
10-23 18:52:30.727 16916 16916 W service : Thread Pool max thread count is 0. Cannot cache binder as linkToDeath cannot be implemented. serviceName: drm.drmManager
10-23 18:52:30.727 16916 16916 W service : Thread Pool max thread count is 0. Cannot cache binder as linkToDeath cannot be implemented. serviceName: dropbox
10-23 18:52:30.731 11337 11337 D ActivityThread: Package [com.alcineo.bonappetit] reported as REPLACED, but missing application info. Assuming REMOVED.
10-23 18:52:30.731 16916 16916 W service : Thread Pool max thread count is 0. Cannot cache binder as linkToDeath cannot be implemented. serviceName: dynamic_instrumentation
10-23 18:52:30.731 16916 16916 W service : Thread Pool max thread count is 0. Cannot cache binder as linkToDeath cannot be implemented. serviceName: dynamic_system
10-23 18:52:30.732 16916 16916 W service : Thread Pool max thread count is 0. Cannot cache binder as linkToDeath cannot be implemented. serviceName: ecm_enhanced_confirmation
10-23 18:52:30.733 16916 16916 W service : Thread Pool max thread count is 0. Cannot cache binder as linkToDeath cannot be implemented. serviceName: emergency_affordance
10-23 18:52:30.734 16916 16916 E Parcel  : Reading a NULL string not supported here.
10-23 18:52:30.734 16916 16916 W service : Thread Pool max thread count is 0. Cannot cache binder as linkToDeath cannot be implemented. serviceName: external_vibrator_service
10-23 18:52:30.735 16916 16916 W service : Thread Pool max thread count is 0. Cannot cache binder as linkToDeath cannot be implemented. serviceName: feature_flags
10-23 18:52:30.736 16916 16916 W service : Thread Pool max thread count is 0. Cannot cache binder as linkToDeath cannot be implemented. serviceName: file_integrity
10-23 18:52:30.736 16916 16916 W service : Thread Pool max thread count is 0. Cannot cache binder as linkToDeath cannot be implemented. serviceName: fingerprint
10-23 18:52:30.737 16916 16916 W service : Thread Pool max thread count is 0. Cannot cache binder as linkToDeath cannot be implemented. serviceName: font
10-23 18:52:30.737 16916 16916 W service : Thread Pool max thread count is 0. Cannot cache binder as linkToDeath cannot be implemented. serviceName: game
10-23 18:52:30.737 16916 16916 W service : Thread Pool max thread count is 0. Cannot cache binder as linkToDeath cannot be implemented. serviceName: gfxinfo
10-23 18:52:30.737 16916 16916 E Parcel  : Reading a NULL string not supported here.
10-23 18:52:30.737 16916 16916 W service : Thread Pool max thread count is 0. Cannot cache binder as linkToDeath cannot be implemented. serviceName: gpu
10-23 18:52:30.738 16916 16916 W service : Thread Pool max thread count is 0. Cannot cache binder as linkToDeath cannot be implemented. serviceName: grammatical_inflection
10-23 18:52:30.738 16916 16916 W service : Thread Pool max thread count is 0. Cannot cache binder as linkToDeath cannot be implemented. serviceName: graphicsstats
10-23 18:52:30.738  9769 10054 I system_server: AssetManager2(0xb400006f23940a78) locale list changing from [] to [en-US]
10-23 18:52:30.739 16916 16916 W service : Thread Pool max thread count is 0. Cannot cache binder as linkToDeath cannot be implemented. serviceName: hardware_properties
10-23 18:52:30.739 16916 16916 W service : Thread Pool max thread count is 0. Cannot cache binder as linkToDeath cannot be implemented. serviceName: healthconnect
10-23 18:52:30.739 16916 16916 W service : Thread Pool max thread count is 0. Cannot cache binder as linkToDeath cannot be implemented. serviceName: imms
10-23 18:52:30.740 16916 16916 W service : Thread Pool max thread count is 0. Cannot cache binder as linkToDeath cannot be implemented. serviceName: incidentcompanion
10-23 18:52:30.740 16916 16916 W service : Thread Pool max thread count is 0. Cannot cache binder as linkToDeath cannot be implemented. serviceName: incremental
10-23 18:52:30.741 16916 16916 W service : Thread Pool max thread count is 0. Cannot cache binder as linkToDeath cannot be implemented. serviceName: input
10-23 18:52:30.741 16916 16916 W service : Thread Pool max thread count is 0. Cannot cache binder as linkToDeath cannot be implemented. serviceName: input_method
10-23 18:52:30.742 16916 16916 W service : Thread Pool max thread count is 0. Cannot cache binder as linkToDeath cannot be implemented. serviceName: inputflinger
10-23 18:52:30.742 16916 16916 W service : Thread Pool max thread count is 0. Cannot cache binder as linkToDeath cannot be implemented. serviceName: intrusion_detection
10-23 18:52:30.743  9769 10054 W SignedPackage: Cannot get ApplicationInfo for package: com.google.android.devicelockcontroller
10-23 18:52:30.744 16916 16916 W service : Thread Pool max thread count is 0. Cannot cache binder as linkToDeath cannot be implemented. serviceName: ions
10-23 18:52:30.745 16916 16916 W service : Thread Pool max thread count is 0. Cannot cache binder as linkToDeath cannot be implemented. serviceName: iphonesubinfo
10-23 18:52:30.746 16916 16916 W service : Thread Pool max thread count is 0. Cannot cache binder as linkToDeath cannot be implemented. serviceName: ipsec
10-23 18:52:30.747 16916 16916 W service : Thread Pool max thread count is 0. Cannot cache binder as linkToDeath cannot be implemented. serviceName: isms
10-23 18:52:30.747 16916 16916 W service : Thread Pool max thread count is 0. Cannot cache binder as linkToDeath cannot be implemented. serviceName: isub
10-23 18:52:30.748 16916 16916 W service : Thread Pool max thread count is 0. Cannot cache binder as linkToDeath cannot be implemented. serviceName: jobscheduler
10-23 18:52:30.748 16916 16916 W service : Thread Pool max thread count is 0. Cannot cache binder as linkToDeath cannot be implemented. serviceName: launcherapps
10-23 18:52:30.748 16916 16916 W service : Thread Pool max thread count is 0. Cannot cache binder as linkToDeath cannot be implemented. serviceName: legacy_permission
